ARM GAS  /tmp/ccslWl5J.s 			page 1


   1              	# 1 "../../../os/common/startup/ARMCMx/compilers/GCC/crt0_v7m.S"
   1              	/*
   1              	...
   0              	
   0              	
   2              	    ChibiOS - Copyright (C) 2006-2026 Giovanni Di Sirio.
   3              	
   4              	    Licensed under the Apache License, Version 2.0 (the "License");
   5              	    you may not use this file except in compliance with the License.
   6              	    You may obtain a copy of the License at
   7              	
   8              	        http://www.apache.org/licenses/LICENSE-2.0
   9              	
  10              	    Unless required by applicable law or agreed to in writing, software
  11              	    distributed under the License is distributed on an "AS IS" BASIS,
  12              	    WITHOUT WARRANTIES OR CONDITIONS OF ANY KIND, either express or implied.
  13              	    See the License for the specific language governing permissions and
  14              	    limitations under the License.
  15              	*/
  16              	
  17              	/**
  18              	 * @file    crt0_v7m.S
  19              	 * @brief   Generic ARMv7-M (Cortex-M3/M4/M7) startup file for ChibiOS.
  20              	 *
  21              	 * @addtogroup ARMCMx_GCC_STARTUP_V7M
  22              	 * @{
  23              	 */
  24              	
  25              	/*===========================================================================*/
  26              	/* Module constants.                                                         */
  27              	/*===========================================================================*/
  28              	
  29              	#if !defined(FALSE) || defined(__DOXYGEN__)
  30              	#define FALSE                               0
  31              	#endif
  32              	
  33              	#if !defined(TRUE) || defined(__DOXYGEN__)
  34              	#define TRUE                                1
  35              	#endif
  36              	
  37              	#define CONTROL_MODE_PRIVILEGED             0
  38              	#define CONTROL_MODE_UNPRIVILEGED           1
  39              	#define CONTROL_USE_MSP                     0
  40              	#define CONTROL_USE_PSP                     2
  41              	#define CONTROL_FPCA                        4
  42              	
  43              	#define FPCCR_ASPEN                         (1 << 31)
  44              	#define FPCCR_LSPEN                         (1 << 30)
  45              	
  46              	#define SCB_VTOR                            0xE000ED08
  47              	#define SCB_CPACR                           0xE000ED88
  48              	#define SCB_FPCCR                           0xE000EF34
  49              	#define SCB_FPDSCR                          0xE000EF3C
  50              	#define CPACR_FPU_MASK                      0x00F00000
  51              	
  52              	/*===========================================================================*/
  53              	/* Module pre-compile time settings.                                         */
ARM GAS  /tmp/ccslWl5J.s 			page 2


  54              	/*===========================================================================*/
  55              	
  56              	/**
  57              	 * @brief   Enforces initialization of MSP.
  58              	 * @note    This is required if the boot process is not reliable for whatever
  59              	 *          reason (bad ROMs, bad bootloaders, bad debuggers=.
  60              	 */
  61              	#if !defined(CRT0_FORCE_MSP_INIT) || defined(__DOXYGEN__)
  62              	#define CRT0_FORCE_MSP_INIT                 TRUE
  63              	#endif
  64              	
  65              	/**
  66              	 * @brief   VTOR special register initialization.
  67              	 * @details VTOR is initialized to point to the vectors table.
  68              	 */
  69              	#if !defined(CRT0_VTOR_INIT) || defined(__DOXYGEN__)
  70              	#define CRT0_VTOR_INIT                      TRUE
  71              	#endif
  72              	
  73              	/**
  74              	 * @brief   FPU initialization switch.
  75              	 */
  76              	#if !defined(CRT0_INIT_FPU) || defined(__DOXYGEN__)
  77              	#if defined(CORTEX_USE_FPU) || defined(__DOXYGEN__)
  78              	#define CRT0_INIT_FPU                       CORTEX_USE_FPU
  79              	#else
  80              	#define CRT0_INIT_FPU                       FALSE
  81              	#endif
  82              	#endif
  83              	
  84              	/**
  85              	 * @brief   Control special register initialization value.
  86              	 * @details The system is setup to run in privileged mode using the PSP
  87              	 *          stack (dual stack mode).
  88              	 */
  89              	#if !defined(CRT0_CONTROL_INIT) || defined(__DOXYGEN__)
  90              	#define CRT0_CONTROL_INIT                   (CONTROL_USE_PSP |              \
  91              	                                             CONTROL_MODE_PRIVILEGED)
  92              	#endif
  93              	
  94              	/**
  95              	 * @brief   Core initialization switch.
  96              	 */
  97              	#if !defined(CRT0_INIT_CORE) || defined(__DOXYGEN__)
  98              	#define CRT0_INIT_CORE                      TRUE
  99              	#endif
 100              	
 101              	/**
 102              	 * @brief   Stack segments initialization switch.
 103              	 */
 104              	#if !defined(CRT0_STACKS_FILL_PATTERN) || defined(__DOXYGEN__)
 105              	#define CRT0_STACKS_FILL_PATTERN            0x55555555
 106              	#endif
 107              	
 108              	/**
 109              	 * @brief   Stack segments initialization switch.
 110              	 */
ARM GAS  /tmp/ccslWl5J.s 			page 3


 111              	#if !defined(CRT0_INIT_STACKS) || defined(__DOXYGEN__)
 112              	#define CRT0_INIT_STACKS                    TRUE
 113              	#endif
 114              	
 115              	/**
 116              	 * @brief   Vectors table initialization.
 117              	 * @details Vectors are copied in RAM on startup.
 118              	 */
 119              	#if !defined(CRT0_INIT_VECTORS) || defined(__DOXYGEN__)
 120              	#define CRT0_INIT_VECTORS                   FALSE
 121              	#endif
 122              	
 123              	/**
 124              	 * @brief   DATA segment initialization switch.
 125              	 */
 126              	#if !defined(CRT0_INIT_DATA) || defined(__DOXYGEN__)
 127              	#define CRT0_INIT_DATA                      TRUE
 128              	#endif
 129              	
 130              	/**
 131              	 * @brief   BSS segment initialization switch.
 132              	 */
 133              	#if !defined(CRT0_INIT_BSS) || defined(__DOXYGEN__)
 134              	#define CRT0_INIT_BSS                       TRUE
 135              	#endif
 136              	
 137              	/**
 138              	 * @brief   RAM areas initialization switch.
 139              	 */
 140              	#if !defined(CRT0_INIT_RAM_AREAS) || defined(__DOXYGEN__)
 141              	#define CRT0_INIT_RAM_AREAS                 TRUE
 142              	#endif
 143              	
 144              	/**
 145              	 * @brief   Constructors invocation switch.
 146              	 */
 147              	#if !defined(CRT0_CALL_CONSTRUCTORS) || defined(__DOXYGEN__)
 148              	#define CRT0_CALL_CONSTRUCTORS              TRUE
 149              	#endif
 150              	
 151              	/**
 152              	 * @brief   Destructors invocation switch.
 153              	 */
 154              	#if !defined(CRT0_CALL_DESTRUCTORS) || defined(__DOXYGEN__)
 155              	#define CRT0_CALL_DESTRUCTORS               TRUE
 156              	#endif
 157              	
 158              	/**
 159              	 * @brief   Number of extra cores.
 160              	 */
 161              	#if !defined(CRT0_EXTRA_CORES_NUMBER) || defined(__DOXYGEN__)
 162              	#define CRT0_EXTRA_CORES_NUMBER             0
 163              	#endif
 164              	
 165              	/**
 166              	 * @brief   FPU FPCCR register initialization value.
 167              	 * @note    Only used if @p CRT0_INIT_FPU is equal to @p TRUE.
ARM GAS  /tmp/ccslWl5J.s 			page 4


 168              	 */
 169              	#if !defined(CRT0_FPCCR_INIT) || defined(__DOXYGEN__)
 170              	#define CRT0_FPCCR_INIT                     (FPCCR_ASPEN | FPCCR_LSPEN)
 171              	#endif
 172              	
 173              	/*===========================================================================*/
 174              	/* Code section.                                                             */
 175              	/*===========================================================================*/
 176              	
 177              	#if !defined(__DOXYGEN__)
 178              	
 179              	                .syntax unified
 180              	                .cpu    cortex-m3
 181              	#if CRT0_INIT_FPU == TRUE
 182              	                .fpu    fpv4-sp-d16
 183              	#else
 184              	                .fpu    softvfp
 185              	#endif
 186              	
 187              	                .thumb
 188              	                .text
 189              	
 190              	/*
 191              	 * CRT0 entry point.
 192              	 */
 193              	                .align  2
 194              	                .thumb_func
 195              	                .global _crt0_entry
 196              	_crt0_entry:
 197              	                /* Interrupts are globally masked initially.*/
 198 0000 72B6     	                cpsid   i
 199              	
 200              	#if CRT0_FORCE_MSP_INIT == TRUE
 201              	                /* MSP stack pointers initialization.*/
 202 0002 2648     	                ldr     r0, =__main_stack_end__
 203 0004 80F30888 	                msr     MSP, r0
 204              	#endif
 205              	
 206              	                /* PSP stack pointers initialization.*/
 207 0008 2548     	                ldr     r0, =__process_stack_end__
 208 000a 80F30988 	                msr     PSP, r0
 209              	
 210              	#if CRT0_VTOR_INIT == TRUE
 211              	                /* Initial VTOR position enforced.*/
 212 000e 2548     	                ldr     r0, =_vectors
 213 0010 2549     	                ldr     r1, =SCB_VTOR
 214 0012 0860     	                str     r0, [r1]
 215              	#endif
 216              	
 217              	#if CRT0_INIT_FPU == TRUE
 218              	                /* FPU FPCCR initialization.*/
 219              	                movw    r0, #CRT0_FPCCR_INIT & 0xFFFF
 220              	                movt    r0, #CRT0_FPCCR_INIT >> 16
 221              	                movw    r1, #SCB_FPCCR & 0xFFFF
 222              	                movt    r1, #SCB_FPCCR >> 16
 223              	                str     r0, [r1]
 224              	                dsb
ARM GAS  /tmp/ccslWl5J.s 			page 5


 225              	                isb
 226              	
 227              	                /* CPACR FPU access initialization.*/
 228              	                movw    r1, #SCB_CPACR & 0xFFFF
 229              	                movt    r1, #SCB_CPACR >> 16
 230              	                ldr     r0, [r1]
 231              	                movw    r2, #CPACR_FPU_MASK & 0xFFFF
 232              	                movt    r2, #CPACR_FPU_MASK >> 16
 233              	                bic     r0, r0, r2
 234              	                orr     r0, r0, r2
 235              	                str     r0, [r1]
 236              	                dsb
 237              	                isb
 238              	
 239              	                /* FPU FPSCR initially cleared.*/
 240              	                mov     r0, #0
 241              	                vmsr    FPSCR, r0
 242              	
 243              	                /* FPU FPDSCR initially cleared.*/
 244              	                movw    r1, #SCB_FPDSCR & 0xFFFF
 245              	                movt    r1, #SCB_FPDSCR >> 16
 246              	                str     r0, [r1]
 247              	#endif
 248              	
 249              	                /* CONTROL register initialization as configured.*/
 250 0014 0220     	                movs    r0, #CRT0_CONTROL_INIT
 251 0016 80F31488 	                msr     CONTROL, r0
 252 001a BFF36F8F 	                isb
 253              	
 254              	#if CRT0_INIT_CORE == TRUE
 255              	                /* Core initialization.*/
 256 001e FFF7FEFF 	                bl      __cpu_init
 257              	#endif
 258              	
 259              	                /* Early initialization.*/
 260 0022 FFF7FEFF 	                bl      __early_init
 261              	
 262              	#if CRT0_INIT_STACKS == TRUE
 263 0026 4FF05530 	                ldr     r0, =CRT0_STACKS_FILL_PATTERN
 264              	                /* Main Stack initialization. Note, it assumes that the
 265              	                   stack size is a multiple of 4 so the linker file must
 266              	                   ensure this.*/
 267 002a 2049     	                ldr     r1, =__main_stack_base__
 268 002c 1B4A     	                ldr     r2, =__main_stack_end__
 269              	.Lmsloop:
 270 002e 9142     	                cmp     r1, r2
 271 0030 3CBF     	                itt     lo
 272 0032 41F8040B 	                strlo   r0, [r1], #4
 273 0036 FAE7     	                blo     .Lmsloop
 274              	
 275              	                /* Process Stack initialization. Note, it assumes that the
 276              	                   stack size is a multiple of 4 so the linker file must
 277              	                   ensure this.*/
 278 0038 1D49     	                ldr     r1, =__process_stack_base__
 279 003a 194A     	                ldr     r2, =__process_stack_end__
 280              	.Lpsloop:
 281 003c 9142     	                cmp     r1, r2
ARM GAS  /tmp/ccslWl5J.s 			page 6


 282 003e 3CBF     	                itt     lo
 283 0040 41F8040B 	                strlo   r0, [r1], #4
 284 0044 FAE7     	                blo     .Lpsloop
 285              	#endif
 286              	
 287              	#if CRT0_INIT_VECTORS == TRUE
 288              	                /* Vectors initialization. Note, it assumes that the vectors
 289              	                   size is a multiple of 4 so the linker file must ensure
 290              	                   this.*/
 291              	                ldr     r1, =__textvectors_base__
 292              	                ldr     r2, =__vectors_base__
 293              	                ldr     r3, =__vectors_end__
 294              	                mov     r4, r2
 295              	.Lvloop:
 296              	                cmp     r2, r3
 297              	                ittt    lo
 298              	                ldrlo   r0, [r1], #4
 299              	                strlo   r0, [r2], #4
 300              	                blo     .Lvloop
 301              	
 302              	                /* VTOR now pointing to the RAM table.*/
 303              	                ldr     r1, =SCB_VTOR
 304              	                str     r4, [r1]
 305              	#endif
 306              	
 307              	#if CRT0_INIT_DATA == TRUE
 308              	                /* Data initialization. Note, it assumes that the DATA
 309              	                   size is a multiple of 4 so the linker file must ensure
 310              	                   this.*/
 311 0046 1B49     	                ldr     r1, =__textdata_base__
 312 0048 1B4A     	                ldr     r2, =__data_base__
 313 004a 1C4B     	                ldr     r3, =__data_end__
 314              	.Ldloop:
 315 004c 9A42     	                cmp     r2, r3
 316 004e 3EBF     	                ittt    lo
 317 0050 51F8040B 	                ldrlo   r0, [r1], #4
 318 0054 42F8040B 	                strlo   r0, [r2], #4
 319 0058 F8E7     	                blo     .Ldloop
 320              	#endif
 321              	
 322              	#if CRT0_INIT_BSS == TRUE
 323              	                /* BSS initialization. Note, it assumes that the BSS
 324              	                   size is a multiple of 4 so the linker file must ensure
 325              	                   this.*/
 326 005a 0020     	                movs    r0, #0
 327 005c 1849     	                ldr     r1, =__bss_base__
 328 005e 194A     	                ldr     r2, =__bss_end__
 329              	.Lbloop:
 330 0060 9142     	                cmp     r1, r2
 331 0062 3CBF     	                itt     lo
 332 0064 41F8040B 	                strlo   r0, [r1], #4
 333 0068 FAE7     	                blo     .Lbloop
 334              	#endif
 335              	
 336              	#if CRT0_INIT_RAM_AREAS == TRUE
 337              	                /* RAM areas initialization.*/
 338 006a FFF7FEFF 	                bl      __init_ram_areas
ARM GAS  /tmp/ccslWl5J.s 			page 7


 339              	#endif
 340              	
 341              	                /* Late initialization..*/
 342 006e FFF7FEFF 	                bl      __late_init
 343              	
 344              	#if CRT0_CALL_CONSTRUCTORS == TRUE
 345              	                /* Constructors invocation.*/
 346 0072 154C     	                ldr     r4, =__init_array_base__
 347 0074 154D     	                ldr     r5, =__init_array_end__
 348              	.Linitloop:
 349 0076 AC42     	                cmp     r4, r5
 350 0078 03DA     	                bge     .Lendinitloop
 351 007a 54F8041B 	                ldr     r1, [r4], #4
 352 007e 8847     	                blx     r1
 353 0080 F9E7     	                b       .Linitloop
 354              	.Lendinitloop:
 355              	#endif
 356              	
 357              	                /* Main program invocation, r0 contains the returned value.*/
 358 0082 FFF7FEFF 	                bl      main
 359              	
 360              	#if CRT0_CALL_DESTRUCTORS == TRUE
 361              	                /* Destructors invocation.*/
 362 0086 124C     	                ldr     r4, =__fini_array_base__
 363 0088 124D     	                ldr     r5, =__fini_array_end__
 364              	.Lfiniloop:
 365 008a AC42     	                cmp     r4, r5
 366 008c 03DA     	                bge     .Lendfiniloop
 367 008e 54F8041B 	                ldr     r1, [r4], #4
 368 0092 8847     	                blx     r1
 369 0094 F9E7     	                b       .Lfiniloop
 370              	.Lendfiniloop:
 371              	#endif
 372              	
 373              	                /* Branching to the defined exit handler.*/
 374 0096 FFF7FEBF 	                b       __default_exit
 375              	
 376              	#endif /* !defined(__DOXYGEN__) */
 377              	
 378              	                .macro  CRT0_EXTRA_CORE_ENTRY core
 379              	                .align  2
 380              	                .thumb_func
 381              	                .global _crt0_c\core\()_entry
 382              	_crt0_c\core\()_entry:
 383              	                /* Interrupts are globally masked initially.*/
 384              	                cpsid   i
 385              	
 386              	#if CRT0_FORCE_MSP_INIT == TRUE
 387              	                /* MSP stack pointers initialization.*/
 388              	                ldr     r0, =__c\core\()_main_stack_end__
 389              	                msr     MSP, r0
 390              	#endif
 391              	
 392              	                /* PSP stack pointers initialization.*/
 393              	                ldr     r0, =__c\core\()_process_stack_end__
 394              	                msr     PSP, r0
 395              	
ARM GAS  /tmp/ccslWl5J.s 			page 8


 396              	#if CRT0_VTOR_INIT == TRUE
 397              	                /* Initial VTOR position enforced.*/
 398              	                ldr     r0, =_vectors
 399              	                ldr     r1, =SCB_VTOR
 400              	                str     r0, [r1]
 401              	#endif
 402              	
 403              	#if CRT0_INIT_FPU == TRUE
 404              	                /* FPU FPCCR initialization.*/
 405              	                movw    r0, #CRT0_FPCCR_INIT & 0xFFFF
 406              	                movt    r0, #CRT0_FPCCR_INIT >> 16
 407              	                movw    r1, #SCB_FPCCR & 0xFFFF
 408              	                movt    r1, #SCB_FPCCR >> 16
 409              	                str     r0, [r1]
 410              	                dsb
 411              	                isb
 412              	
 413              	                /* CPACR FPU access initialization.*/
 414              	                movw    r1, #SCB_CPACR & 0xFFFF
 415              	                movt    r1, #SCB_CPACR >> 16
 416              	                ldr     r0, [r1]
 417              	                movw    r2, #CPACR_FPU_MASK & 0xFFFF
 418              	                movt    r2, #CPACR_FPU_MASK >> 16
 419              	                bic     r0, r0, r2
 420              	                orr     r0, r0, r2
 421              	                str     r0, [r1]
 422              	                dsb
 423              	                isb
 424              	
 425              	                /* FPU FPSCR initially cleared.*/
 426              	                mov     r0, #0
 427              	                vmsr    FPSCR, r0
 428              	
 429              	                /* FPU FPDSCR initially cleared.*/
 430              	                movw    r1, #SCB_FPDSCR & 0xFFFF
 431              	                movt    r1, #SCB_FPDSCR >> 16
 432              	                str     r0, [r1]
 433              	#endif
 434              	
 435              	                /* CONTROL register initialization as configured.*/
 436              	                movs    r0, #CRT0_CONTROL_INIT
 437              	                msr     CONTROL, r0
 438              	                isb
 439              	
 440              	#if CRT0_INIT_CORE == TRUE
 441              	                /* Core initialization.*/
 442              	                bl      __c\core\()_cpu_init
 443              	#endif
 444              	
 445              	                /* Early initialization.*/
 446              	                bl      __c\core\()_early_init
 447              	
 448              	#if CRT0_INIT_STACKS == TRUE
 449              	                ldr     r0, =CRT0_STACKS_FILL_PATTERN
 450              	                /* Main Stack initialization. Note, it assumes that the
 451              	                   stack size is a multiple of 4 so the linker file must
 452              	                   ensure this.*/
ARM GAS  /tmp/ccslWl5J.s 			page 9


 453              	                ldr     r1, =__c\core\()_main_stack_base__
 454              	                ldr     r2, =__c\core\()_main_stack_end__
 455              	.Lc\core\()msloop\@:
 456              	                cmp     r1, r2
 457              	                itt     lo
 458              	                strlo   r0, [r1], #4
 459              	                blo     .Lc\core\()msloop\@
 460              	
 461              	                /* Process Stack initialization. Note, it assumes that the
 462              	                   stack size is a multiple of 4 so the linker file must
 463              	                   ensure this.*/
 464              	                ldr     r1, =__c\core\()_process_stack_base__
 465              	                ldr     r2, =__c\core\()_process_stack_end__
 466              	.Lc\core\()psloop\@:
 467              	                cmp     r1, r2
 468              	                itt     lo
 469              	                strlo   r0, [r1], #4
 470              	                blo     .Lc\core\()psloop\@
 471              	#endif
 472              	
 473              	                /* Late initialization.*/
 474              	                bl      __c\core\()_late_init
 475              	
 476              	                /* Main program invocation, r0 contains the returned value.*/
 477              	                bl      c\core\()_main
 478              	
 479              	                /* Branching to the defined exit handler.*/
 480              	                b       __c\core\()_default_exit
 481 009a 00000000 	                .endm
 481      00000000 
 481      00000000 
 481      000008ED 
 481      00E00000 
ARM GAS  /tmp/ccslWl5J.s 			page 10


DEFINED SYMBOLS
../../../os/common/startup/ARMCMx/compilers/GCC/crt0_v7m.S:193    .text:0000000000000000 $t
../../../os/common/startup/ARMCMx/compilers/GCC/crt0_v7m.S:196    .text:0000000000000000 _crt0_entry
../../../os/common/startup/ARMCMx/compilers/GCC/crt0_v7m.S:481    .text:000000000000009a $d
../../../os/common/startup/ARMCMx/compilers/GCC/crt0_v7m.S:481    .text:000000000000009c $d

UNDEFINED SYMBOLS
__main_stack_end__
__process_stack_end__
_vectors
__cpu_init
__early_init
__main_stack_base__
__process_stack_base__
__textdata_base__
__data_base__
__data_end__
__bss_base__
__bss_end__
__init_ram_areas
__late_init
__init_array_base__
__init_array_end__
main
__fini_array_base__
__fini_array_end__
__default_exit
