Archive member included to satisfy reference by file (symbol)

/home/ubuntu/stm32-sandbox/toolchain/bin/../lib/gcc/arm-none-eabi/13.2.1/../../../../arm-none-eabi/lib/thumb/v7e-m/nofp/libm.a(libm_a-w_sqrt.o)
                              ./build/obj/mavlink_bridge.o (symbol from plugin) (sqrt)
/home/ubuntu/stm32-sandbox/toolchain/bin/../lib/gcc/arm-none-eabi/13.2.1/../../../../arm-none-eabi/lib/thumb/v7e-m/nofp/libm.a(libm_a-s_cos.o)
                              ./build/obj/mavlink_bridge.o (symbol from plugin) (cos)
/home/ubuntu/stm32-sandbox/toolchain/bin/../lib/gcc/arm-none-eabi/13.2.1/../../../../arm-none-eabi/lib/thumb/v7e-m/nofp/libm.a(libm_a-k_cos.o)
                              /home/ubuntu/stm32-sandbox/toolchain/bin/../lib/gcc/arm-none-eabi/13.2.1/../../../../arm-none-eabi/lib/thumb/v7e-m/nofp/libm.a(libm_a-s_cos.o) (__kernel_cos)
/home/ubuntu/stm32-sandbox/toolchain/bin/../lib/gcc/arm-none-eabi/13.2.1/../../../../arm-none-eabi/lib/thumb/v7e-m/nofp/libm.a(libm_a-k_sin.o)
                              /home/ubuntu/stm32-sandbox/toolchain/bin/../lib/gcc/arm-none-eabi/13.2.1/../../../../arm-none-eabi/lib/thumb/v7e-m/nofp/libm.a(libm_a-s_cos.o) (__kernel_sin)
/home/ubuntu/stm32-sandbox/toolchain/bin/../lib/gcc/arm-none-eabi/13.2.1/../../../../arm-none-eabi/lib/thumb/v7e-m/nofp/libm.a(libm_a-e_sqrt.o)
                              /home/ubuntu/stm32-sandbox/toolchain/bin/../lib/gcc/arm-none-eabi/13.2.1/../../../../arm-none-eabi/lib/thumb/v7e-m/nofp/libm.a(libm_a-w_sqrt.o) (__ieee754_sqrt)
/home/ubuntu/stm32-sandbox/toolchain/bin/../lib/gcc/arm-none-eabi/13.2.1/../../../../arm-none-eabi/lib/thumb/v7e-m/nofp/libm.a(libm_a-e_rem_pio2.o)
                              /home/ubuntu/stm32-sandbox/toolchain/bin/../lib/gcc/arm-none-eabi/13.2.1/../../../../arm-none-eabi/lib/thumb/v7e-m/nofp/libm.a(libm_a-s_cos.o) (__ieee754_rem_pio2)
/home/ubuntu/stm32-sandbox/toolchain/bin/../lib/gcc/arm-none-eabi/13.2.1/../../../../arm-none-eabi/lib/thumb/v7e-m/nofp/libm.a(libm_a-k_rem_pio2.o)
                              /home/ubuntu/stm32-sandbox/toolchain/bin/../lib/gcc/arm-none-eabi/13.2.1/../../../../arm-none-eabi/lib/thumb/v7e-m/nofp/libm.a(libm_a-e_rem_pio2.o) (__kernel_rem_pio2)
/home/ubuntu/stm32-sandbox/toolchain/bin/../lib/gcc/arm-none-eabi/13.2.1/../../../../arm-none-eabi/lib/thumb/v7e-m/nofp/libm.a(libm_a-s_fabs.o)
                              /home/ubuntu/stm32-sandbox/toolchain/bin/../lib/gcc/arm-none-eabi/13.2.1/../../../../arm-none-eabi/lib/thumb/v7e-m/nofp/libm.a(libm_a-e_rem_pio2.o) (fabs)
/home/ubuntu/stm32-sandbox/toolchain/bin/../lib/gcc/arm-none-eabi/13.2.1/../../../../arm-none-eabi/lib/thumb/v7e-m/nofp/libm.a(libm_a-s_scalbn.o)
                              /home/ubuntu/stm32-sandbox/toolchain/bin/../lib/gcc/arm-none-eabi/13.2.1/../../../../arm-none-eabi/lib/thumb/v7e-m/nofp/libm.a(libm_a-k_rem_pio2.o) (scalbn)
/home/ubuntu/stm32-sandbox/toolchain/bin/../lib/gcc/arm-none-eabi/13.2.1/../../../../arm-none-eabi/lib/thumb/v7e-m/nofp/libm.a(libm_a-s_floor.o)
                              /home/ubuntu/stm32-sandbox/toolchain/bin/../lib/gcc/arm-none-eabi/13.2.1/../../../../arm-none-eabi/lib/thumb/v7e-m/nofp/libm.a(libm_a-k_rem_pio2.o) (floor)
/home/ubuntu/stm32-sandbox/toolchain/bin/../lib/gcc/arm-none-eabi/13.2.1/thumb/v7e-m/nofp/libgcc.a(_arm_muldf3.o)
                              /home/ubuntu/stm32-sandbox/toolchain/bin/../lib/gcc/arm-none-eabi/13.2.1/../../../../arm-none-eabi/lib/thumb/v7e-m/nofp/libm.a(libm_a-k_cos.o) (__aeabi_dmul)
/home/ubuntu/stm32-sandbox/toolchain/bin/../lib/gcc/arm-none-eabi/13.2.1/thumb/v7e-m/nofp/libgcc.a(_arm_addsubdf3.o)
                              /home/ubuntu/stm32-sandbox/toolchain/bin/../lib/gcc/arm-none-eabi/13.2.1/../../../../arm-none-eabi/lib/thumb/v7e-m/nofp/libm.a(libm_a-s_cos.o) (__aeabi_dsub)
/home/ubuntu/stm32-sandbox/toolchain/bin/../lib/gcc/arm-none-eabi/13.2.1/thumb/v7e-m/nofp/libgcc.a(_arm_muldivdf3.o)
                              /home/ubuntu/stm32-sandbox/toolchain/bin/../lib/gcc/arm-none-eabi/13.2.1/../../../../arm-none-eabi/lib/thumb/v7e-m/nofp/libm.a(libm_a-w_sqrt.o) (__aeabi_ddiv)
/home/ubuntu/stm32-sandbox/toolchain/bin/../lib/gcc/arm-none-eabi/13.2.1/thumb/v7e-m/nofp/libgcc.a(_arm_cmpdf2.o)
                              /home/ubuntu/stm32-sandbox/toolchain/bin/../lib/gcc/arm-none-eabi/13.2.1/../../../../arm-none-eabi/lib/thumb/v7e-m/nofp/libm.a(libm_a-e_rem_pio2.o) (__aeabi_dcmpeq)
/home/ubuntu/stm32-sandbox/toolchain/bin/../lib/gcc/arm-none-eabi/13.2.1/thumb/v7e-m/nofp/libgcc.a(_arm_unorddf2.o)
                              /home/ubuntu/stm32-sandbox/toolchain/bin/../lib/gcc/arm-none-eabi/13.2.1/../../../../arm-none-eabi/lib/thumb/v7e-m/nofp/libm.a(libm_a-w_sqrt.o) (__aeabi_dcmpun)
/home/ubuntu/stm32-sandbox/toolchain/bin/../lib/gcc/arm-none-eabi/13.2.1/thumb/v7e-m/nofp/libgcc.a(_arm_fixdfsi.o)
[...]
Memory Configuration

Name             Origin             Length             Attributes
flash0           0x08000000         0x00080000         xr
flash1           0x00000000         0x00000000         xr
flash2           0x00000000         0x00000000         xr
flash3           0x00000000         0x00000000         xr
flash4           0x00000000         0x00000000         xr
flash5           0x00000000         0x00000000         xr
flash6           0x00000000         0x00000000         xr
flash7           0x00000000         0x00000000         xr
ram0             0x20000000         0x00018000         xw
ram1             0x00000000         0x00000000         xw
ram2             0x00000000         0x00000000         xw
ram3             0x00000000         0x00000000         xw
ram4             0x00000000         0x00000000         xw
ram5             0x00000000         0x00000000         xw
ram6             0x00000000         0x00000000         xw
ram7             0x00000000         0x00000000         xw
*default*        0x00000000         0xffffffff

Linker script and memory map

LOAD ./build/obj/crt0_v7m.o
LOAD ./build/obj/vectors.o
LOAD ./build/obj/chcoreasm.o
LOAD ./build/obj/crt1.o
LOAD /tmp/cc2OxAja.ltrans0.ltrans.o
LOAD /tmp/cca0xWcV.debug.temp.o
LOAD /tmp/ccqsav7u.debug.temp.o
LOAD /tmp/cc0EC8IE.debug.temp.o
LOAD /tmp/ccPhogwA.debug.temp.o
LOAD /tmp/ccbLK6l4.debug.temp.o
LOAD /tmp/ccZY56Bu.debug.temp.o
LOAD /tmp/ccJI95PN.debug.temp.o
LOAD /tmp/cckSFue9.debug.temp.o
LOAD /tmp/ccdzPyDw.debug.temp.o
LOAD /tmp/ccNSSGce.debug.temp.o
LOAD /tmp/ccoSYmHF.debug.temp.o
LOAD /tmp/cccirERx.debug.temp.o
LOAD /tmp/ccJ9RpT7.debug.temp.o
LOAD /tmp/ccr9xIUV.debug.temp.o
LOAD /tmp/ccRVOm8u.debug.temp.o
LOAD /tmp/ccIL77xc.debug.temp.o
LOAD /tmp/ccgI18iL.debug.temp.o
LOAD /tmp/ccRkyb9Y.debug.temp.o
LOAD /tmp/ccurqgOw.debug.temp.o
LOAD /tmp/ccIoHwQ2.debug.temp.o
LOAD /tmp/ccxkIwxA.debug.temp.o
LOAD /tmp/ccepV7j3.debug.temp.o
LOAD /tmp/cclBruuP.debug.temp.o
LOAD /tmp/ccACI7Qu.debug.temp.o
LOAD /tmp/ccNseKuR.debug.temp.o
LOAD /tmp/ccn7KHRR.debug.temp.o
LOAD /tmp/ccYDZZMB.debug.temp.o
LOAD /tmp/ccRnqPfh.debug.temp.o
LOAD /tmp/cczoaL2o.debug.temp.o
LOAD /tmp/ccb0tntg.debug.temp.o
LOAD /tmp/ccuWLnBS.debug.temp.o
LOAD /tmp/ccLvB85B.debug.temp.o
LOAD /tmp/cc8eYeUr.debug.temp.o
LOAD /tmp/ccoI8t6H.debug.temp.o
LOAD /tmp/ccRBPtxD.debug.temp.o
LOAD /tmp/ccR2wYBB.debug.temp.o
LOAD /tmp/ccWfnBcm.debug.temp.o
LOAD /tmp/ccBRWOlV.debug.temp.o
LOAD /tmp/ccyrlzzS.debug.temp.o
LOAD /tmp/ccijGHNk.debug.temp.o
LOAD /tmp/ccIGyfdy.debug.temp.o
LOAD /tmp/cckuEgal.debug.temp.o
LOAD /tmp/cclDYIo2.debug.temp.o
LOAD /tmp/ccjumFod.debug.temp.o
LOAD /tmp/ccnxmBFM.debug.temp.o
LOAD /tmp/ccwbX3qa.debug.temp.o
LOAD /tmp/cckAYNsy.debug.temp.o
LOAD /tmp/ccsI0IvB.debug.temp.o
LOAD /tmp/ccm4qvLv.debug.temp.o
LOAD /tmp/ccJ2TU91.debug.temp.o
LOAD /tmp/ccrXeDaB.debug.temp.o
LOAD /tmp/ccbegQON.debug.temp.o
LOAD /tmp/ccoj5kWZ.debug.temp.o
LOAD /tmp/ccg0uaSL.debug.temp.o
LOAD /tmp/cc2odib7.debug.temp.o
LOAD /tmp/ccFUirhR.debug.temp.o
LOAD /tmp/ccQ37rzR.debug.temp.o
LOAD /tmp/cc1DNfFm.debug.temp.o
LOAD /tmp/ccxcgyZW.debug.temp.o
LOAD /tmp/cczlS96Z.debug.temp.o
LOAD /tmp/ccNZrRQR.debug.temp.o
LOAD /tmp/cc7MuuMK.debug.temp.o
LOAD /tmp/cchReNMW.debug.temp.o
LOAD /tmp/ccQ3MOAy.debug.temp.o
LOAD /tmp/ccHm2BzA.debug.temp.o
LOAD /tmp/ccw4BG6p.debug.temp.o
LOAD /tmp/cc58amw9.debug.temp.o
LOAD /tmp/ccwWFOvl.debug.temp.o
LOAD /tmp/ccnH4mJ0.debug.temp.o
LOAD /tmp/ccRRWIBb.debug.temp.o
LOAD /tmp/cc0CulgQ.debug.temp.o
LOAD /tmp/cc60OL6q.debug.temp.o
LOAD /tmp/cch0gcJ6.debug.temp.o
LOAD /tmp/ccn3u82t.debug.temp.o
LOAD /tmp/ccVcG9SW.debug.temp.o
LOAD /tmp/cc83lJNF.debug.temp.o
LOAD /tmp/ccY54HYZ.debug.temp.o
LOAD ./build/obj/oop_base_object.o
LOAD ./build/obj/hal.o
LOAD ./build/obj/hal_safety.o
LOAD ./build/obj/hal_st.o
LOAD ./build/obj/hal_buffered_serial.o
LOAD ./build/obj/hal_buffers.o
LOAD ./build/obj/hal_queues.o
LOAD ./build/obj/hal_mmcsd.o
LOAD ./build/obj/hal_pal.o
LOAD ./build/obj/hal_serial.o
LOAD ./build/obj/hal_flash.o
LOAD ./build/obj/nvic.o
LOAD ./build/obj/stm32_isr.o
LOAD ./build/obj/hal_lld.o
LOAD ./build/obj/hal_efl_lld.o
LOAD ./build/obj/stm32_dma.o
LOAD ./build/obj/stm32_exti.o
LOAD ./build/obj/hal_pal_lld.o
LOAD ./build/obj/hal_st_lld.o
LOAD ./build/obj/hal_serial_lld.o
LOAD ./build/obj/board.o
LOAD ./build/obj/osal.o
LOAD ./build/obj/chsys.o
LOAD ./build/obj/chsafety.o
LOAD ./build/obj/chrfcu.o
LOAD ./build/obj/chdebug.o
LOAD ./build/obj/chtrace.o
LOAD ./build/obj/chvt.o
LOAD ./build/obj/chschd.o
LOAD ./build/obj/chinstances.o
LOAD ./build/obj/chthreads.o
LOAD ./build/obj/chtm.o
LOAD ./build/obj/chregistry.o
LOAD ./build/obj/chsem.o
LOAD ./build/obj/chmtx.o
LOAD ./build/obj/chcond.o
LOAD ./build/obj/chevents.o
LOAD ./build/obj/chmsg.o
LOAD ./build/obj/chdynamic.o
LOAD ./build/obj/chmemchecks.o
LOAD ./build/obj/chmboxes.o
LOAD ./build/obj/chmemcore.o
LOAD ./build/obj/chmemheaps.o
LOAD ./build/obj/chmempools.o
LOAD ./build/obj/chpipes.o
LOAD ./build/obj/chobjcaches.o
LOAD ./build/obj/chdelegates.o
LOAD ./build/obj/chfactory.o
LOAD ./build/obj/chcore.o
LOAD ./build/obj/ch_test.o
LOAD ./build/obj/ch_test_printf.o
LOAD ./build/obj/rt_test_root.o
LOAD ./build/obj/rt_test_sequence_001.o
LOAD ./build/obj/rt_test_sequence_002.o
LOAD ./build/obj/rt_test_sequence_003.o
LOAD ./build/obj/rt_test_sequence_004.o
LOAD ./build/obj/rt_test_sequence_005.o
LOAD ./build/obj/rt_test_sequence_006.o
LOAD ./build/obj/rt_test_sequence_007.o
LOAD ./build/obj/rt_test_sequence_008.o
LOAD ./build/obj/rt_test_sequence_009.o
LOAD ./build/obj/rt_test_sequence_010.o
LOAD ./build/obj/rt_test_sequence_011.o
LOAD ./build/obj/rt_test_sequence_012.o
LOAD ./build/obj/oslib_test_root.o
LOAD ./build/obj/oslib_test_sequence_001.o
LOAD ./build/obj/oslib_test_sequence_002.o
LOAD ./build/obj/oslib_test_sequence_003.o
LOAD ./build/obj/oslib_test_sequence_004.o
LOAD ./build/obj/oslib_test_sequence_005.o
LOAD ./build/obj/oslib_test_sequence_006.o
LOAD ./build/obj/oslib_test_sequence_007.o
LOAD ./build/obj/oslib_test_sequence_008.o
LOAD ./build/obj/oslib_test_sequence_009.o
LOAD ./build/obj/main.o
LOAD ./build/obj/mavlink_bridge.o

.mstack         0x20000000      0x400
                0x20000000                        . = ALIGN (0x8)
                0x20000000                        __main_stack_base__ = .
                0x20000400                        . = (. + __main_stack_size__)
 *fill*         0x20000000      0x400 
                0x20000400                        . = ALIGN (0x8)
                0x20000400                        __main_stack_end__ = .

.pstack         0x20000400      0x400
                0x20000400                        . = ALIGN (0x8)
                0x20000400                        __process_stack_base__ = .
                0x20000400                        __main_thread_stack_base__ = .
                0x20000800                        . = (. + __process_stack_size__)
 *fill*         0x20000400      0x400 
                0x20000800                        . = ALIGN (0x8)
                0x20000800                        __process_stack_end__ = .
                0x20000800                        __main_thread_stack_end__ = .
                0x00000400                        __vectors_align__ = DEFINED (__vectors_align__)?__vectors_align__:0x400

.vectors        0x08000000      0x1e0
                0x08000000                        __textvectors_base__ = LOADADDR (.vectors)
                0x08000000                        __vectors_base__ = .
 *(.vectors)
 .vectors       0x08000000      0x1e0 ./build/obj/vectors.o
                0x08000000                _vectors
                0x080001e0                        __vectors_end__ = .

.xtors          0x080001e0        0x0
                0x080001e0                        __init_array_base__ = .
 *(SORT_BY_NAME(.init_array.*))
 *(.init_array)
                0x080001e0                        __init_array_end__ = .
                0x080001e0                        __fini_array_base__ = .
 *(.fini_array)
 *(SORT_BY_NAME(.fini_array.*))
                0x080001e0                        __fini_array_end__ = .

.text           0x080001e0     0x59d4
                0x080001e0                        __text_base__ = .
 *(.text)
 .text          0x080001e0       0xd8 ./build/obj/crt0_v7m.o
                0x080001e0                _crt0_entry
 .text          0x080002b8        0x8 ./build/obj/vectors.o
                0x080002b8                Reset_Handler
                0x080002ba                Vector58
                0x080002ba                VectorE8
                0x080002ba                Vector9C
                0x080002ba                VectorAC
                0x080002ba                DebugMon_Handler
                0x080002ba                Vector1A0
                0x080002ba                Vector5C
                0x080002ba                Vector11C
                0x080002ba                HardFault_Handler
                0x080002ba                Vector1B8
                0x080002ba                Vector19C
                0x080002ba                Vector8C
                0x080002ba                SysTick_Handler
                0x080002ba                VectorDC
                0x080002ba                PendSV_Handler
                0x080002ba                Vector168
                0x080002ba                NMI_Handler
                0x080002ba                Vector110
                0x080002ba                Vector120
                0x080002ba                Vector1D8
                0x080002ba                VectorC8
                0x080002ba                Vector94
                0x080002ba                VectorA8
                0x080002ba                VectorB4
                0x080002ba                Vector74
                0x080002ba                Vector160
                0x080002ba                Vector1B0
                0x080002ba                UsageFault_Handler
                0x080002ba                VectorEC
                0x080002ba                Vector40
                0x080002ba                VectorF8
                0x080002ba                Vector108
                0x080002ba                VectorBC
                0x080002ba                Vector190
                0x080002ba                Vector150
                0x080002ba                Vector124
                0x080002ba                Vector1C4
                0x080002ba                Vector1CC
                0x080002ba                Vector148
                0x080002ba                Vector188
                0x080002ba                Vector198
                0x080002ba                Vector118
                0x080002ba                Vector64
                0x080002ba                VectorCC
                0x080002ba                Vector54
                0x080002ba                Vector98
                0x080002ba                Vector138
                0x080002ba                Vector24
                0x080002ba                Vector1AC
                0x080002ba                Vector178
                0x080002ba                Vector84
                0x080002ba                SecureFault_Handler
                0x080002ba                Vector1A4
                0x080002ba                VectorD0
                0x080002ba                Vector1B4
                0x080002ba                Vector140
                0x080002ba                VectorE4
                0x080002ba                VectorC0
                0x080002ba                Vector158
                0x080002ba                Vector130
                0x080002ba                Vector1C0
                0x080002ba                Vector134
                0x080002ba                Vector1D0
                0x080002ba                VectorF0
                0x080002ba                Vector12C
                0x080002ba                Vector13C
                0x080002ba                Vector100
                0x080002ba                VectorE0
                0x080002ba                VectorF4
                0x080002ba                MemManage_Handler
                0x080002ba                Vector6C
                0x080002ba                VectorA0
                0x080002ba                VectorC4
                0x080002ba                Vector7C
                0x080002ba                Vector180
                0x080002ba                Vector90
                0x080002ba                Vector114
                0x080002ba                Vector164
                0x080002ba                Vector60
                0x080002ba                Vector1BC
                0x080002ba                Vector1D4
                0x080002ba                Vector17C
                0x080002ba                Vector48
                0x080002ba                Vector1A8
                0x080002ba                Vector16C
                0x080002ba                Vector70
                0x080002ba                Vector4C
                0x080002ba                Vector144
                0x080002ba                Vector80
                0x080002ba                Vector15C
                0x080002ba                Vector68
                0x080002ba                Vector78
                0x080002ba                Vector170
                0x080002ba                Vector88
                0x080002ba                Vector104
                0x080002ba                Vector184
                0x080002ba                Vector10C
                0x080002ba                Vector14C
                0x080002ba                BusFault_Handler
                0x080002ba                Vector50
                0x080002ba                Vector1C8
                0x080002ba                Vector194
                0x080002ba                Vector1DC
                0x080002ba                Vector154
                0x080002ba                Vector44
                0x080002ba                Vector28
                0x080002ba                VectorB8
                0x080002ba                VectorFC
                0x080002ba                Vector34
                0x080002ba                Vector128
                0x080002ba                VectorA4
                0x080002ba                Vector20
                0x080002ba                Vector18C
                0x080002ba                Vector174
                0x080002be                _unhandled_exception
 .text          0x080002c0       0x2a ./build/obj/chcoreasm.o
                0x080002c0                __port_switch
                0x080002d0                __port_thread_start
                0x080002e2                __port_switch_from_isr
                0x080002e6                __port_exit_from_isr
 *fill*         0x080002ea        0x2 
 .text          0x080002ec      0x378 /home/ubuntu/stm32-sandbox/toolchain/bin/../lib/gcc/arm-none-eabi/13.2.1/thumb/v7e-m/nofp/libgcc.a(_arm_addsubdf3.o)
                0x080002ec                __aeabi_drsub
                0x080002f4                __aeabi_dsub
                0x080002f4                __subdf3
                0x080002f8                __adddf3
                0x080002f8                __aeabi_dadd
                0x08000570                __aeabi_ui2d
                0x08000570                __floatunsidf
                0x08000590                __floatsidf
                0x08000590                __aeabi_i2d
                0x080005b4                __extendsfdf2
                0x080005b4                __aeabi_f2d
                0x080005f8                __aeabi_ul2d
                0x080005f8                __floatundidf
                0x08000608                __floatdidf
                0x08000608                __aeabi_l2d
 .text          0x08000664      0x424 /home/ubuntu/stm32-sandbox/toolchain/bin/../lib/gcc/arm-none-eabi/13.2.1/thumb/v7e-m/nofp/libgcc.a(_arm_muldivdf3.o)
                0x08000664                __aeabi_dmul
                0x08000664                __muldf3
                0x080008b8                __aeabi_ddiv
                0x080008b8                __divdf3
 .text          0x08000a88      0x110 /home/ubuntu/stm32-sandbox/toolchain/bin/../lib/gcc/arm-none-eabi/13.2.1/thumb/v7e-m/nofp/libgcc.a(_arm_cmpdf2.o)
                0x08000a88                __gtdf2
                0x08000a88                __gedf2
                0x08000a90                __ltdf2
                0x08000a90                __ledf2
                0x08000a98                __cmpdf2
                0x08000a98                __eqdf2
                0x08000a98                __nedf2
                0x08000b14                __aeabi_cdrcmple
                0x08000b24                __aeabi_cdcmple
                0x08000b24                __aeabi_cdcmpeq
                0x08000b34                __aeabi_dcmpeq
                0x08000b48                __aeabi_dcmplt
                0x08000b5c                __aeabi_dcmple
                0x08000b70                __aeabi_dcmpge
                0x08000b84                __aeabi_dcmpgt
 .text          0x08000b98       0x2c /home/ubuntu/stm32-sandbox/toolchain/bin/../lib/gcc/arm-none-eabi/13.2.1/thumb/v7e-m/nofp/libgcc.a(_arm_unorddf2.o)
                0x08000b98                __aeabi_dcmpun
                0x08000b98                __unorddf2
 .text          0x08000bc4       0x50 /home/ubuntu/stm32-sandbox/toolchain/bin/../lib/gcc/arm-none-eabi/13.2.1/thumb/v7e-m/nofp/libgcc.a(_arm_fixdfsi.o)
                0x08000bc4                __fixdfsi
                0x08000bc4                __aeabi_d2iz
 .text          0x08000c14       0xa0 /home/ubuntu/stm32-sandbox/toolchain/bin/../lib/gcc/arm-none-eabi/13.2.1/thumb/v7e-m/nofp/libgcc.a(_arm_truncdfsf2.o)
                0x08000c14                __aeabi_d2f
                0x08000c14                __truncdfsf2
 .text          0x08000cb4      0x21c /home/ubuntu/stm32-sandbox/toolchain/bin/../lib/gcc/arm-none-eabi/13.2.1/thumb/v7e-m/nofp/libgcc.a(_arm_addsubsf3.o)
                0x08000cb4                __aeabi_frsub
                0x08000cbc                __subsf3
                0x08000cbc                __aeabi_fsub
                0x08000cc0                __aeabi_fadd
                0x08000cc0                __addsf3
                0x08000e20                __aeabi_ui2f
                0x08000e20                __floatunsisf
                0x08000e28                __aeabi_i2f
                0x08000e28                __floatsisf
                0x08000e44                __floatundisf
                0x08000e44                __aeabi_ul2f
                0x08000e54                __floatdisf
                0x08000e54                __aeabi_l2f
 .text          0x08000ed0      0x2a0 /home/ubuntu/stm32-sandbox/toolchain/bin/../lib/gcc/arm-none-eabi/13.2.1/thumb/v7e-m/nofp/libgcc.a(_arm_muldivsf3.o)
                0x08000ed0                __mulsf3
                0x08000ed0                __aeabi_fmul
                0x08001038                __divsf3
                0x08001038                __aeabi_fdiv
 .text          0x08001170       0xec /home/ubuntu/stm32-sandbox/toolchain/bin/../lib/gcc/arm-none-eabi/13.2.1/thumb/v7e-m/nofp/libgcc.a(_arm_cmpsf2.o)
                0x08001170                __gtsf2
                0x08001170                __gesf2
                0x08001178                __lesf2
                0x08001178                __ltsf2
                0x08001180                __nesf2
                0x08001180                __eqsf2
                0x08001180                __cmpsf2
                0x080011e0                __aeabi_cfrcmple
                0x080011e8                __aeabi_cfcmple
                0x080011e8                __aeabi_cfcmpeq
                0x080011f8                __aeabi_fcmpeq
                0x0800120c                __aeabi_fcmplt
                0x08001220                __aeabi_fcmple
                0x08001234                __aeabi_fcmpge
                0x08001248                __aeabi_fcmpgt
 .text          0x0800125c      0x134 /home/ubuntu/stm32-sandbox/toolchain/bin/../lib/gcc/arm-none-eabi/13.2.1/../../../../arm-none-eabi/lib/thumb/v7e-m/nofp/libg.a(libc_a-memcpy.o)
                0x0800125c                memcpy
 *(.text.*)
 .text._ctl     0x08001390        0xc /tmp/cc2OxAja.ltrans0.ltrans.o
 *fill*         0x0800139c        0x4 
 .text._pal_lld_setgroupmode
                0x080013a0       0xcc /tmp/cc2OxAja.ltrans0.ltrans.o
 *fill*         0x0800146c        0x4 
 .text.notify1  0x08001470       0x10 /tmp/cc2OxAja.ltrans0.ltrans.o
 .text.notify2  0x08001480       0x10 /tmp/cc2OxAja.ltrans0.ltrans.o
 .text.chSysHalt
                0x08001490       0x18 /tmp/cc2OxAja.ltrans0.ltrans.o
 *fill*         0x080014a8        0x8 
 .text.__idle_thread
                0x080014b0        0x4 /tmp/cc2OxAja.ltrans0.ltrans.o
 *fill*         0x080014b4        0xc 
 .text.chTMStartMeasurementX
                0x080014c0        0xc /tmp/cc2OxAja.ltrans0.ltrans.o
 *fill*         0x080014cc        0x4 
 .text.chTMStopMeasurementX
                0x080014d0       0x44 /tmp/cc2OxAja.ltrans0.ltrans.o
 *fill*         0x08001514        0xc 
 .text.chCoreAllocAlignedI
                0x08001520       0x30 /tmp/cc2OxAja.ltrans0.ltrans.o
 .text.mavlink_sha256_calc
                0x08001550      0x150 /tmp/cc2OxAja.ltrans0.ltrans.o
 .text.__sch_ready_ahead
                0x080016a0       0x44 /tmp/cc2OxAja.ltrans0.ltrans.o
 *fill*         0x080016e4        0xc 
 .text.chCoreAllocFromTop
                0x080016f0       0x60 /tmp/cc2OxAja.ltrans0.ltrans.o
 .text.vt_insert_first.constprop.0
                0x08001750       0x84 /tmp/cc2OxAja.ltrans0.ltrans.o
 *fill*         0x080017d4        0xc 
 .text.vt_set_alarm.constprop.0
                0x080017e0       0x60 /tmp/cc2OxAja.ltrans0.ltrans.o
 .text.chVTDoResetI
                0x08001840       0x74 /tmp/cc2OxAja.ltrans0.ltrans.o
 *fill*         0x080018b4        0xc 
 .text.vt_enqueue.constprop.0
                0x080018c0       0x80 /tmp/cc2OxAja.ltrans0.ltrans.o
 .text.__sch_ready_behind.isra.0
                0x08001940       0x44 /tmp/cc2OxAja.ltrans0.ltrans.o
 *fill*         0x08001984        0xc 
 .text.__sch_wakeup
                0x08001990       0x4c /tmp/cc2OxAja.ltrans0.ltrans.o
 *fill*         0x080019dc        0x4 
 .text.chEvtBroadcastFlagsI
                0x080019e0       0x6c /tmp/cc2OxAja.ltrans0.ltrans.o
 *fill*         0x08001a4c        0x4 
 .text.chThdDequeueNextI.constprop.0
                0x08001a50       0x30 /tmp/cc2OxAja.ltrans0.ltrans.o
 .text.sd_lld_serve_interrupt
                0x08001a80      0x18c /tmp/cc2OxAja.ltrans0.ltrans.o
 *fill*         0x08001c0c        0x4 
 .text.chSchGoSleepS
                0x08001c10       0x60 /tmp/cc2OxAja.ltrans0.ltrans.o
 .text.chSchGoSleepTimeoutS
                0x08001c70       0x48 /tmp/cc2OxAja.ltrans0.ltrans.o
 *fill*         0x08001cb8        0x8 
 .text.iqReadTimeout
                0x08001cc0      0x118 /tmp/cc2OxAja.ltrans0.ltrans.o
 *fill*         0x08001dd8        0x8 
 .text._read    0x08001de0        0xc /tmp/cc2OxAja.ltrans0.ltrans.o
 *fill*         0x08001dec        0x4 
 .text._readt   0x08001df0        0x8 /tmp/cc2OxAja.ltrans0.ltrans.o
 *fill*         0x08001df8        0x8 
 .text.iqGetTimeout
                0x08001e00       0xa4 /tmp/cc2OxAja.ltrans0.ltrans.o
 *fill*         0x08001ea4        0xc 
 .text._get     0x08001eb0        0xc /tmp/cc2OxAja.ltrans0.ltrans.o
 *fill*         0x08001ebc        0x4 
 .text._gett    0x08001ec0        0x8 /tmp/cc2OxAja.ltrans0.ltrans.o
 *fill*         0x08001ec8        0x8 
 .text.oqPutTimeout
                0x08001ed0       0xa4 /tmp/cc2OxAja.ltrans0.ltrans.o
 *fill*         0x08001f74        0xc 
 .text._put     0x08001f80        0xc /tmp/cc2OxAja.ltrans0.ltrans.o
 *fill*         0x08001f8c        0x4 
 .text._putt    0x08001f90        0x8 /tmp/cc2OxAja.ltrans0.ltrans.o
 *fill*         0x08001f98        0x8 
 .text.oqWriteTimeout
                0x08001fa0      0x118 /tmp/cc2OxAja.ltrans0.ltrans.o
 *fill*         0x080020b8        0x8 
 .text._write   0x080020c0        0xc /tmp/cc2OxAja.ltrans0.ltrans.o
 *fill*         0x080020cc        0x4 
 .text._writet  0x080020d0        0x8 /tmp/cc2OxAja.ltrans0.ltrans.o
 *fill*         0x080020d8        0x8 
 .text.mav_send
                0x080020e0      0x12c /tmp/cc2OxAja.ltrans0.ltrans.o
 *fill*         0x0800220c        0x4 
 .text.chThdCreateStatic.constprop.0.isra.0
                0x08002210      0x228 /tmp/cc2OxAja.ltrans0.ltrans.o
 *fill*         0x08002438        0x8 
 .text.mavlink_finalize_message_buffer.constprop.0.isra.0
                0x08002440      0x590 /tmp/cc2OxAja.ltrans0.ltrans.o
 .text.send_own_heartbeat
                0x080029d0       0x48 /tmp/cc2OxAja.ltrans0.ltrans.o
 *fill*         0x08002a18        0x8 
 .text.request_position_stream
                0x08002a20       0x80 /tmp/cc2OxAja.ltrans0.ltrans.o
 .text.set_guided_mode
                0x08002aa0       0x50 /tmp/cc2OxAja.ltrans0.ltrans.o
 .text.send_reposition
                0x08002af0       0xa8 /tmp/cc2OxAja.ltrans0.ltrans.o
 *fill*         0x08002b98        0x8 
 .text.send_land_here
                0x08002ba0       0x80 /tmp/cc2OxAja.ltrans0.ltrans.o
 .text.LedThread
                0x08002c20      0x138 /tmp/cc2OxAja.ltrans0.ltrans.o
 *fill*         0x08002d58        0x8 
 .text.mavlink_signature_check
                0x08002d60      0x498 /tmp/cc2OxAja.ltrans0.ltrans.o
 *fill*         0x080031f8        0x8 
 .text.MavRxThread
                0x08003200      0x870 /tmp/cc2OxAja.ltrans0.ltrans.o
 .text.__cpu_init
                0x08003a70        0x4 /tmp/cc2OxAja.ltrans0.ltrans.o
                0x08003a70                __cpu_init
 *fill*         0x08003a74        0xc 
 .text.__late_init
                0x08003a80        0x4 /tmp/cc2OxAja.ltrans0.ltrans.o
                0x08003a80                __late_init
 *fill*         0x08003a84        0xc 
 .text.__default_exit
                0x08003a90        0x4 /tmp/cc2OxAja.ltrans0.ltrans.o
                0x08003a90                __default_exit
 *fill*         0x08003a94        0xc 
 .text.__init_ram_areas
                0x08003aa0       0x54 /tmp/cc2OxAja.ltrans0.ltrans.o
                0x08003aa0                __init_ram_areas
 *fill*         0x08003af4        0xc 
 .text.VectorD4
                0x08003b00       0x58 /tmp/cc2OxAja.ltrans0.ltrans.o
                0x08003b00                VectorD4
 *fill*         0x08003b58        0x8 
 .text.VectorD8
                0x08003b60       0x58 /tmp/cc2OxAja.ltrans0.ltrans.o
                0x08003b60                VectorD8
 *fill*         0x08003bb8        0x8 
 .text.VectorB0
                0x08003bc0      0x140 /tmp/cc2OxAja.ltrans0.ltrans.o
                0x08003bc0                VectorB0
 .text.__early_init
                0x08003d00      0x1e8 /tmp/cc2OxAja.ltrans0.ltrans.o
                0x08003d00                __early_init
 *fill*         0x08003ee8        0x8 
 .text.chSchDoPreemption
                0x08003ef0       0x40 /tmp/cc2OxAja.ltrans0.ltrans.o
                0x08003ef0                chSchDoPreemption
 .text.chThdExit
                0x08003f30       0x54 /tmp/cc2OxAja.ltrans0.ltrans.o
                0x08003f30                chThdExit
 *fill*         0x08003f84        0xc 
 .text.SVC_Handler
                0x08003f90       0x14 /tmp/cc2OxAja.ltrans0.ltrans.o
                0x08003f90                SVC_Handler
 *fill*         0x08003fa4        0xc 
 .text.startup.main
                0x08003fb0      0x668 /tmp/cc2OxAja.ltrans0.ltrans.o
                0x08003fb0                main
 .text.sqrt     0x08004618       0x50 /home/ubuntu/stm32-sandbox/toolchain/bin/../lib/gcc/arm-none-eabi/13.2.1/../../../../arm-none-eabi/lib/thumb/v7e-m/nofp/libm.a(libm_a-w_sqrt.o)
                0x08004618                sqrt
 .text.cos      0x08004668       0x88 /home/ubuntu/stm32-sandbox/toolchain/bin/../lib/gcc/arm-none-eabi/13.2.1/../../../../arm-none-eabi/lib/thumb/v7e-m/nofp/libm.a(libm_a-s_cos.o)
                0x08004668                cos
 .text.__kernel_cos
                0x080046f0      0x248 /home/ubuntu/stm32-sandbox/toolchain/bin/../lib/gcc/arm-none-eabi/13.2.1/../../../../arm-none-eabi/lib/thumb/v7e-m/nofp/libm.a(libm_a-k_cos.o)
                0x080046f0                __kernel_cos
 .text.__kernel_sin
                0x08004938      0x16c /home/ubuntu/stm32-sandbox/toolchain/bin/../lib/gcc/arm-none-eabi/13.2.1/../../../../arm-none-eabi/lib/thumb/v7e-m/nofp/libm.a(libm_a-k_sin.o)
                0x08004938                __kernel_sin
 .text.__ieee754_sqrt
                0x08004aa4      0x1dc /home/ubuntu/stm32-sandbox/toolchain/bin/../lib/gcc/arm-none-eabi/13.2.1/../../../../arm-none-eabi/lib/thumb/v7e-m/nofp/libm.a(libm_a-e_sqrt.o)
                0x08004aa4                __ieee754_sqrt
 .text.__ieee754_rem_pio2
                0x08004c80      0x414 /home/ubuntu/stm32-sandbox/toolchain/bin/../lib/gcc/arm-none-eabi/13.2.1/../../../../arm-none-eabi/lib/thumb/v7e-m/nofp/libm.a(libm_a-e_rem_pio2.o)
                0x08004c80                __ieee754_rem_pio2
 .text.__kernel_rem_pio2
                0x08005094      0x81c /home/ubuntu/stm32-sandbox/toolchain/bin/../lib/gcc/arm-none-eabi/13.2.1/../../../../arm-none-eabi/lib/thumb/v7e-m/nofp/libm.a(libm_a-k_rem_pio2.o)
                0x08005094                __kernel_rem_pio2
 .text.fabs     0x080058b0        0x8 /home/ubuntu/stm32-sandbox/toolchain/bin/../lib/gcc/arm-none-eabi/13.2.1/../../../../arm-none-eabi/lib/thumb/v7e-m/nofp/libm.a(libm_a-s_fabs.o)
                0x080058b0                fabs
 .text.scalbn   0x080058b8       0xe4 /home/ubuntu/stm32-sandbox/toolchain/bin/../lib/gcc/arm-none-eabi/13.2.1/../../../../arm-none-eabi/lib/thumb/v7e-m/nofp/libm.a(libm_a-s_scalbn.o)
                0x080058b8                scalbn
 *fill*         0x0800599c        0x4 
 .text.floor    0x080059a0      0x108 /home/ubuntu/stm32-sandbox/toolchain/bin/../lib/gcc/arm-none-eabi/13.2.1/../../../../arm-none-eabi/lib/thumb/v7e-m/nofp/libm.a(libm_a-s_floor.o)
                0x080059a0                floor
 .text.__errno  0x08005aa8        0xc /home/ubuntu/stm32-sandbox/toolchain/bin/../lib/gcc/arm-none-eabi/13.2.1/../../../../arm-none-eabi/lib/thumb/v7e-m/nofp/libg.a(libc_a-errno.o)
                0x08005aa8                __errno
 .text.memset   0x08005ab4       0xa4 /home/ubuntu/stm32-sandbox/toolchain/bin/../lib/gcc/arm-none-eabi/13.2.1/../../../../arm-none-eabi/lib/thumb/v7e-m/nofp/libg.a(libc_a-memset.o)
                0x08005ab4                memset
 .text.memcmp   0x08005b58       0x5c /home/ubuntu/stm32-sandbox/toolchain/bin/../lib/gcc/arm-none-eabi/13.2.1/../../../../arm-none-eabi/lib/thumb/v7e-m/nofp/libg.a(libc_a-memcmp.o)
                0x08005b58                memcmp
 *(.glue_7t)
 .glue_7t       0x08005bb4        0x0 linker stubs
 *(.glue_7)
 .glue_7        0x08005bb4        0x0 linker stubs
 *(.gcc*)
                0x08005bb4                        __text_end__ = .

.vfp11_veneer   0x08005bb4        0x0
 .vfp11_veneer  0x08005bb4        0x0 linker stubs

.v4_bx          0x08005bb4        0x0
 .v4_bx         0x08005bb4        0x0 linker stubs

.iplt           0x08005bb4        0x0
 .iplt          0x08005bb4        0x0 ./build/obj/crt0_v7m.o

.rodata         0x08005bb8     0x1050
                0x08005bb8                        __rodata_base__ = .
 *(.rodata)
 *(.rodata.*)
 .rodata.chSchGoSleepS.str1.4
                0x08005bb8       0x2b /tmp/cc2OxAja.ltrans0.ltrans.o
                                  0xf (size before relaxing)
 .rodata.chThdCreateStatic.constprop.0.isra.0.str1.4
                0x08005be3        0x7 /tmp/cc2OxAja.ltrans0.ltrans.o
 .rodata.main.str1.4
                0x08005be3        0xd /tmp/cc2OxAja.ltrans0.ltrans.o
 *fill*         0x08005be3        0x1 
 .rodata.__func__.5
                0x08005be4       0x18 /tmp/cc2OxAja.ltrans0.ltrans.o
 .rodata.__func__.6
                0x08005bfc       0x13 /tmp/cc2OxAja.ltrans0.ltrans.o
 *fill*         0x08005c0f        0x1 
 .rodata.__func__.1.lto_priv.6
                0x08005c10        0xc /tmp/cc2OxAja.ltrans0.ltrans.o
 .rodata.__func__.10
                0x08005c1c        0xd /tmp/cc2OxAja.ltrans0.ltrans.o
 *fill*         0x08005c29        0x3 
 .rodata.__func__.0.lto_priv.6
                0x08005c2c       0x10 /tmp/cc2OxAja.ltrans0.ltrans.o
 .rodata.__func__.2.lto_priv.2
                0x08005c3c        0xd /tmp/cc2OxAja.ltrans0.ltrans.o
 *fill*         0x08005c49        0x3 
 .rodata.__func__.13
                0x08005c4c       0x12 /tmp/cc2OxAja.ltrans0.ltrans.o
 *fill*         0x08005c5e        0x2 
 .rodata.__func__.1.lto_priv.5
                0x08005c60       0x14 /tmp/cc2OxAja.ltrans0.ltrans.o
 .rodata.__func__.1.lto_priv.0
                0x08005c74        0xb /tmp/cc2OxAja.ltrans0.ltrans.o
 *fill*         0x08005c7f        0x1 
 .rodata.__func__.2.lto_priv.0
                0x08005c80        0xd /tmp/cc2OxAja.ltrans0.ltrans.o
 *fill*         0x08005c8d        0x3 
 .rodata.mavlink_sha256_constant_256
                0x08005c90      0x100 /tmp/cc2OxAja.ltrans0.ltrans.o
 .rodata.vmt    0x08005d90       0x28 /tmp/cc2OxAja.ltrans0.ltrans.o
 .rodata.__func__.1.lto_priv.2
                0x08005db8        0xc /tmp/cc2OxAja.ltrans0.ltrans.o
 .rodata.str1.4
                0x08005dc4        0x3 /tmp/cc2OxAja.ltrans0.ltrans.o
 .rodata.ch_core0_cfg
                0x08005dc4       0x14 /tmp/cc2OxAja.ltrans0.ltrans.o
 .rodata.__func__.0.lto_priv.1
                0x08005dd8        0xb /tmp/cc2OxAja.ltrans0.ltrans.o
 *fill*         0x08005de3        0x1 
 .rodata.__func__.1.lto_priv.1
                0x08005de4        0xc /tmp/cc2OxAja.ltrans0.ltrans.o
 .rodata.__func__.2.lto_priv.1
                0x08005df0        0x8 /tmp/cc2OxAja.ltrans0.ltrans.o
 .rodata.mavlink_message_crcs.1
                0x08005df8      0xaf8 /tmp/cc2OxAja.ltrans0.ltrans.o
 .rodata.__func__.17
                0x080068f0        0xc /tmp/cc2OxAja.ltrans0.ltrans.o
 .rodata.__func__.0.lto_priv.7
                0x080068fc        0xc /tmp/cc2OxAja.ltrans0.ltrans.o
 .rodata.__func__.9
                0x08006908        0xb /tmp/cc2OxAja.ltrans0.ltrans.o
 *fill*         0x08006913        0x1 
 .rodata.__func__.0.lto_priv.2
                0x08006914       0x14 /tmp/cc2OxAja.ltrans0.ltrans.o
 .rodata.__func__.3.lto_priv.1
                0x08006928        0xe /tmp/cc2OxAja.ltrans0.ltrans.o
 *fill*         0x08006936        0x2 
 .rodata.__func__.0.lto_priv.3
                0x08006938       0x17 /tmp/cc2OxAja.ltrans0.ltrans.o
 *fill*         0x0800694f        0x1 
 .rodata.__func__.1.lto_priv.4
                0x08006950       0x12 /tmp/cc2OxAja.ltrans0.ltrans.o
 *fill*         0x08006962        0x2 
 .rodata.__func__.3.lto_priv.0
                0x08006964        0xd /tmp/cc2OxAja.ltrans0.ltrans.o
 *fill*         0x08006971        0x3 
 .rodata.__func__.4
                0x08006974       0x10 /tmp/cc2OxAja.ltrans0.ltrans.o
 .rodata.__func__.1.lto_priv.3
                0x08006984        0xc /tmp/cc2OxAja.ltrans0.ltrans.o
 .rodata.__func__.0.lto_priv.0
                0x08006990        0xc /tmp/cc2OxAja.ltrans0.ltrans.o
 .rodata.ram_areas
                0x0800699c       0x80 /tmp/cc2OxAja.ltrans0.ltrans.o
 *fill*         0x08006a1c        0x4 
 .rodata.tiny   0x08006a20        0x8 /home/ubuntu/stm32-sandbox/toolchain/bin/../lib/gcc/arm-none-eabi/13.2.1/../../../../arm-none-eabi/lib/thumb/v7e-m/nofp/libm.a(libm_a-e_sqrt.o)
 .rodata.one    0x08006a28        0x8 /home/ubuntu/stm32-sandbox/toolchain/bin/../lib/gcc/arm-none-eabi/13.2.1/../../../../arm-none-eabi/lib/thumb/v7e-m/nofp/libm.a(libm_a-e_sqrt.o)
 .rodata.npio2_hw
                0x08006a30       0x80 /home/ubuntu/stm32-sandbox/toolchain/bin/../lib/gcc/arm-none-eabi/13.2.1/../../../../arm-none-eabi/lib/thumb/v7e-m/nofp/libm.a(libm_a-e_rem_pio2.o)
 .rodata.two_over_pi
                0x08006ab0      0x108 /home/ubuntu/stm32-sandbox/toolchain/bin/../lib/gcc/arm-none-eabi/13.2.1/../../../../arm-none-eabi/lib/thumb/v7e-m/nofp/libm.a(libm_a-e_rem_pio2.o)
 .rodata.PIo2   0x08006bb8       0x40 /home/ubuntu/stm32-sandbox/toolchain/bin/../lib/gcc/arm-none-eabi/13.2.1/../../../../arm-none-eabi/lib/thumb/v7e-m/nofp/libm.a(libm_a-k_rem_pio2.o)
 .rodata.init_jk
                0x08006bf8       0x10 /home/ubuntu/stm32-sandbox/toolchain/bin/../lib/gcc/arm-none-eabi/13.2.1/../../../../arm-none-eabi/lib/thumb/v7e-m/nofp/libm.a(libm_a-k_rem_pio2.o)
                0x08006c08                        . = ALIGN (0x4)
                0x08006c08                        __rodata_end__ = .

.ARM.extab
 *(.ARM.extab* .gnu.linkonce.armextab.*)

.ARM.exidx      0x08006c08        0x8
                0x08006c08                        __exidx_base__ = .
                0x08006c08                        __exidx_start = .
 *(.ARM.exidx* .gnu.linkonce.armexidx.*)
 .ARM.exidx     0x08006c08        0x8 /home/ubuntu/stm32-sandbox/toolchain/bin/../lib/gcc/arm-none-eabi/13.2.1/../../../../arm-none-eabi/lib/thumb/v7e-m/nofp/libg.a(libc_a-memcpy.o)
                0x08006c10                        __exidx_end__ = .
                0x08006c10                        __exidx_end = .

.rel.dyn        0x08006c10        0x0
 .rel.iplt      0x08006c10        0x0 ./build/obj/crt0_v7m.o

.eh_frame_hdr
 *(.eh_frame_hdr)

.eh_frame
 *(.eh_frame)

.data           0x20000800      0x128 load address 0x08006c10
                [!provide]                        PROVIDE (_textdata = LOADADDR (.data))
                [!provide]                        PROVIDE (_data = .)
                0x08006c10                        __textdata_base__ = LOADADDR (.data)
                0x20000800                        __data_base__ = .
 *(.data)
 *(.data.*)
 .data._impure_ptr
                0x20000800        0x4 /home/ubuntu/stm32-sandbox/toolchain/bin/../lib/gcc/arm-none-eabi/13.2.1/../../../../arm-none-eabi/lib/thumb/v7e-m/nofp/libg.a(libc_a-impure.o)
                0x20000800                _impure_ptr
 *fill*         0x20000804        0x4 
 .data._impure_data
                0x20000808      0x120 /home/ubuntu/stm32-sandbox/toolchain/bin/../lib/gcc/arm-none-eabi/13.2.1/../../../../arm-none-eabi/lib/thumb/v7e-m/nofp/libg.a(libc_a-impure.o)
                0x20000808                _impure_data
 *(.ramtext)
                0x20000928                        . = ALIGN (0x4)
                [!provide]                        PROVIDE (_edata = .)
                0x20000928                        __data_end__ = .

.igot.plt       0x20000928        0x0 load address 0x08006d38
 .igot.plt      0x20000928        0x0 ./build/obj/crt0_v7m.o

.bss            0x20000940      0xfd0 load address 0x08006d38
                0x20000940                        __bss_base__ = .
 *(.bss)
 *(.bss.*)
 .bss.ch_c0_idle_thread_wa
                0x20000940      0x100 /tmp/cc2OxAja.ltrans0.ltrans.o
 .bss.buf.4     0x20000a40      0x118 /tmp/cc2OxAja.ltrans0.ltrans.o
 .bss.default_heap
                0x20000b58       0x24 /tmp/cc2OxAja.ltrans0.ltrans.o
 .bss.ch_factory
                0x20000b7c       0x48 /tmp/cc2OxAja.ltrans0.ltrans.o
 *fill*         0x20000bc4       0x1c 
 .bss.waLed     0x20000be0      0x220 /tmp/cc2OxAja.ltrans0.ltrans.o
 .bss.waMavRx   0x20000e00      0x520 /tmp/cc2OxAja.ltrans0.ltrans.o
 .bss.m_mavlink_status.5
                0x20001320       0x18 /tmp/cc2OxAja.ltrans0.ltrans.o
 .bss.m_mavlink_buffer.0
                0x20001338      0x123 /tmp/cc2OxAja.ltrans0.ltrans.o
 *fill*         0x2000145b        0x5 
 .bss.fc        0x20001460       0x30 /tmp/cc2OxAja.ltrans0.ltrans.o
 .bss.status.2  0x20001490       0x18 /tmp/cc2OxAja.ltrans0.ltrans.o
 .bss.msg.3     0x200014a8      0x123 /tmp/cc2OxAja.ltrans0.ltrans.o
 *fill*         0x200015cb        0x1 
 .bss.fc_sd     0x200015cc        0x4 /tmp/cc2OxAja.ltrans0.ltrans.o
 .bss.ch_memcore
                0x200015d0        0x8 /tmp/cc2OxAja.ltrans0.ltrans.o
 .bss.ch_system
                0x200015d8        0xc /tmp/cc2OxAja.ltrans0.ltrans.o
 .bss.SD2       0x200015e4       0x80 /tmp/cc2OxAja.ltrans0.ltrans.o
 .bss.SD1       0x20001664       0x80 /tmp/cc2OxAja.ltrans0.ltrans.o
 *fill*         0x200016e4        0x4 
 .bss.ch0       0x200016e8       0xf0 /tmp/cc2OxAja.ltrans0.ltrans.o
 .bss.__sf      0x200017d8      0x138 /home/ubuntu/stm32-sandbox/toolchain/bin/../lib/gcc/arm-none-eabi/13.2.1/../../../../arm-none-eabi/lib/thumb/v7e-m/nofp/libg.a(libc_a-findfp.o)
                0x200017d8                __sf
 *(COMMON)
                0x20001910                        . = ALIGN (0x4)
                0x20001910                        __bss_end__ = .
                [!provide]                        PROVIDE (end = .)
                0x20000000                        __ram0_base__ = ORIGIN (ram0)
                0x00018000                        __ram0_size__ = LENGTH (ram0)
                0x20018000                        __ram0_end__ = (__ram0_base__ + __ram0_size__)
                0x00000000                        __ram1_base__ = ORIGIN (ram1)
                0x00000000                        __ram1_size__ = LENGTH (ram1)
                0x00000000                        __ram1_end__ = (__ram1_base__ + __ram1_size__)
                0x00000000                        __ram2_base__ = ORIGIN (ram2)
                0x00000000                        __ram2_size__ = LENGTH (ram2)
                0x00000000                        __ram2_end__ = (__ram2_base__ + __ram2_size__)
                0x00000000                        __ram3_base__ = ORIGIN (ram3)
                0x00000000                        __ram3_size__ = LENGTH (ram3)
                0x00000000                        __ram3_end__ = (__ram3_base__ + __ram3_size__)
                0x00000000                        __ram4_base__ = ORIGIN (ram4)
                0x00000000                        __ram4_size__ = LENGTH (ram4)
                0x00000000                        __ram4_end__ = (__ram4_base__ + __ram4_size__)
                0x00000000                        __ram5_base__ = ORIGIN (ram5)
                0x00000000                        __ram5_size__ = LENGTH (ram5)
                0x00000000                        __ram5_end__ = (__ram5_base__ + __ram5_size__)
                0x00000000                        __ram6_base__ = ORIGIN (ram6)
                0x00000000                        __ram6_size__ = LENGTH (ram6)
                0x00000000                        __ram6_end__ = (__ram6_base__ + __ram6_size__)
                0x00000000                        __ram7_base__ = ORIGIN (ram7)
                0x00000000                        __ram7_size__ = LENGTH (ram7)
                0x00000000                        __ram7_end__ = (__ram7_base__ + __ram7_size__)
                0x08000000                        __flash0_base__ = ORIGIN (flash0)
                0x00080000                        __flash0_size__ = LENGTH (flash0)
                0x08080000                        __flash0_end__ = (__flash0_base__ + __flash0_size__)
                0x00000000                        __flash1_base__ = ORIGIN (flash1)
                0x00000000                        __flash1_size__ = LENGTH (flash1)
                0x00000000                        __flash1_end__ = (__flash1_base__ + __flash1_size__)
                0x00000000                        __flash2_base__ = ORIGIN (flash2)
                0x00000000                        __flash2_size__ = LENGTH (flash2)
                0x00000000                        __flash2_end__ = (__flash2_base__ + __flash2_size__)
                0x00000000                        __flash3_base__ = ORIGIN (flash3)
                0x00000000                        __flash3_size__ = LENGTH (flash3)
                0x00000000                        __flash3_end__ = (__flash3_base__ + __flash3_size__)
                0x00000000                        __flash4_base__ = ORIGIN (flash4)
                0x00000000                        __flash4_size__ = LENGTH (flash4)
                0x00000000                        __flash4_end__ = (__flash4_base__ + __flash4_size__)
                0x00000000                        __flash5_base__ = ORIGIN (flash5)
                0x00000000                        __flash5_size__ = LENGTH (flash5)
                0x00000000                        __flash5_end__ = (__flash5_base__ + __flash5_size__)
                0x00000000                        __flash6_base__ = ORIGIN (flash6)
                0x00000000                        __flash6_size__ = LENGTH (flash6)
                0x00000000                        __flash6_end__ = (__flash6_base__ + __flash6_size__)
                0x00000000                        __flash7_base__ = ORIGIN (flash7)
                0x00000000                        __flash7_size__ = LENGTH (flash7)
                0x00000000                        __flash7_end__ = (__flash7_base__ + __flash7_size__)

.ram0_init      0x20001910        0x0 load address 0x08006d38
                0x08006d38                        __ram0_init_text__ = LOADADDR (.ram0_init)
                0x20001910                        __ram0_init__ = .
 *(.ram0_init)
 *(.ram0_init.*)
                0x20001910                        . = ALIGN (0x4)

.ram0           0x20001910        0x0 load address 0x08006d38
                0x20001910                        __ram0_clear__ = .
 *(.ram0_clear)
 *(.ram0_clear.*)
                0x20001910                        . = ALIGN (0x4)
                0x20001910                        __ram0_noinit__ = .
 *(.ram0)
 *(.ram0.*)
                0x20001910                        . = ALIGN (0x4)
                0x20001910                        __ram0_free__ = .

.ram1_init      0x00000000        0x0 load address 0x08006d38
                0x08006d38                        __ram1_init_text__ = LOADADDR (.ram1_init)
                0x00000000                        __ram1_init__ = .
 *(.ram1_init)
 *(.ram1_init.*)
                0x00000000                        . = ALIGN (0x4)

.ram1           0x00000000        0x0 load address 0x08006d38
                0x00000000                        __ram1_clear__ = .
 *(.ram1_clear)
 *(.ram1_clear.*)
                0x00000000                        . = ALIGN (0x4)
                0x00000000                        __ram1_noinit__ = .
 *(.ram1)
 *(.ram1.*)
                0x00000000                        . = ALIGN (0x4)
                0x00000000                        __ram1_free__ = .

.ram2_init      0x00000000        0x0 load address 0x08006d38
                0x08006d38                        __ram2_init_text__ = LOADADDR (.ram2_init)
                0x00000000                        __ram2_init__ = .
 *(.ram2_init)
 *(.ram2_init.*)
                0x00000000                        . = ALIGN (0x4)

.ram2           0x00000000        0x0 load address 0x08006d38
                0x00000000                        __ram2_clear__ = .
 *(.ram2_clear)
 *(.ram2_clear.*)
                0x00000000                        . = ALIGN (0x4)
                0x00000000                        __ram2_noinit__ = .
 *(.ram2)
 *(.ram2.*)
                0x00000000                        . = ALIGN (0x4)
                0x00000000                        __ram2_free__ = .

.ram3_init      0x00000000        0x0 load address 0x08006d38
                0x08006d38                        __ram3_init_text__ = LOADADDR (.ram3_init)
                0x00000000                        __ram3_init__ = .
 *(.ram3_init)
 *(.ram3_init.*)
                0x00000000                        . = ALIGN (0x4)

.ram3           0x00000000        0x0 load address 0x08006d38
                0x00000000                        __ram3_clear__ = .
 *(.ram3_clear)
 *(.ram3_clear.*)
                0x00000000                        . = ALIGN (0x4)
                0x00000000                        __ram3_noinit__ = .
 *(.ram3)
 *(.ram3.*)
                0x00000000                        . = ALIGN (0x4)
                0x00000000                        __ram3_free__ = .

.ram4_init      0x00000000        0x0 load address 0x08006d38
                0x08006d38                        __ram4_init_text__ = LOADADDR (.ram4_init)
                0x00000000                        __ram4_init__ = .
 *(.ram4_init)
 *(.ram4_init.*)
                0x00000000                        . = ALIGN (0x4)

.ram4           0x00000000        0x0 load address 0x08006d38
                0x00000000                        __ram4_clear__ = .
 *(.ram4_clear)
 *(.ram4_clear.*)
                0x00000000                        . = ALIGN (0x4)
                0x00000000                        __ram4_noinit__ = .
 *(.ram4)
 *(.ram4.*)
                0x00000000                        . = ALIGN (0x4)
                0x00000000                        __ram4_free__ = .

.ram5_init      0x00000000        0x0 load address 0x08006d38
                0x08006d38                        __ram5_init_text__ = LOADADDR (.ram5_init)
                0x00000000                        __ram5_init__ = .
 *(.ram5_init)
 *(.ram5_init.*)
                0x00000000                        . = ALIGN (0x4)

.ram5           0x00000000        0x0 load address 0x08006d38
                0x00000000                        __ram5_clear__ = .
 *(.ram5_clear)
 *(.ram5_clear.*)
                0x00000000                        . = ALIGN (0x4)
                0x00000000                        __ram5_noinit__ = .
 *(.ram5)
 *(.ram5.*)
                0x00000000                        . = ALIGN (0x4)
                0x00000000                        __ram5_free__ = .

.ram6_init      0x00000000        0x0 load address 0x08006d38
                0x08006d38                        __ram6_init_text__ = LOADADDR (.ram6_init)
                0x00000000                        __ram6_init__ = .
 *(.ram6_init)
 *(.ram6_init.*)
                0x00000000                        . = ALIGN (0x4)

.ram6           0x00000000        0x0 load address 0x08006d38
                0x00000000                        __ram6_clear__ = .
 *(.ram6_clear)
 *(.ram6_clear.*)
                0x00000000                        . = ALIGN (0x4)
                0x00000000                        __ram6_noinit__ = .
 *(.ram6)
 *(.ram6.*)
                0x00000000                        . = ALIGN (0x4)
                0x00000000                        __ram6_free__ = .

.ram7_init      0x00000000        0x0 load address 0x08006d38
                0x08006d38                        __ram7_init_text__ = LOADADDR (.ram7_init)
                0x00000000                        __ram7_init__ = .
 *(.ram7_init)
 *(.ram7_init.*)
                0x00000000                        . = ALIGN (0x4)

.ram7           0x00000000        0x0 load address 0x08006d38
                0x00000000                        __ram7_clear__ = .
 *(.ram7_clear)
 *(.ram7_clear.*)
                0x00000000                        . = ALIGN (0x4)
                0x00000000                        __ram7_noinit__ = .
 *(.ram7)
 *(.ram7.*)
                0x00000000                        . = ALIGN (0x4)
                0x00000000                        __ram7_free__ = .

.flash0         0x08006d38        0x0
                0x08006d38                        __flash0_init__ = .
 *(.flash0_init)
 *(.flash0_init.*)
                0x08006d38                        __flash0_free__ = .

.flash1         0x00000000        0x0
                0x00000000                        __flash1_init__ = .
 *(.flash1_init)
 *(.flash1_init.*)
                0x00000000                        __flash1_free__ = .

.flash2         0x00000000        0x0
                0x00000000                        __flash2_init__ = .
 *(.flash2_init)
 *(.flash2_init.*)
                0x00000000                        __flash2_free__ = .

.flash3         0x00000000        0x0
                0x00000000                        __flash3_init__ = .
 *(.flash3_init)
 *(.flash3_init.*)
                0x00000000                        __flash3_free__ = .

.flash4         0x00000000        0x0
                0x00000000                        __flash4_init__ = .
 *(.flash4_init)
 *(.flash4_init.*)
                0x00000000                        __flash4_free__ = .

.flash5         0x00000000        0x0
                0x00000000                        __flash5_init__ = .
 *(.flash5_init)
 *(.flash5_init.*)
                0x00000000                        __flash5_free__ = .

.flash6         0x00000000        0x0
                0x00000000                        __flash6_init__ = .
 *(.flash6_init)
 *(.flash6_init.*)
                0x00000000                        __flash6_free__ = .

.flash7         0x00000000        0x0
                0x00000000                        __flash7_init__ = .
 *(.flash7_init)
 *(.flash7_init.*)
                0x00000000                        __flash7_free__ = .

.heap           0x20001910    0x166f0
                0x20001910                        . = ALIGN (0x8)
                0x20001910                        __heap_base__ = .
                0x20018000                        . = (ORIGIN (HEAP_RAM) + LENGTH (HEAP_RAM))
 *fill*         0x20001910    0x166f0 
                0x20018000                        __heap_end__ = .
                0x00000400                        __process_stack_size__ = 0x400
                0x00000400                        __main_stack_size__ = 0x400
LOAD /home/ubuntu/stm32-sandbox/toolchain/bin/../lib/gcc/arm-none-eabi/13.2.1/../../../../arm-none-eabi/lib/thumb/v7e-m/nofp/libm.a
START GROUP
LOAD /home/ubuntu/stm32-sandbox/toolchain/bin/../lib/gcc/arm-none-eabi/13.2.1/thumb/v7e-m/nofp/libgcc.a
LOAD /home/ubuntu/stm32-sandbox/toolchain/bin/../lib/gcc/arm-none-eabi/13.2.1/../../../../arm-none-eabi/lib/thumb/v7e-m/nofp/libg.a
LOAD /home/ubuntu/stm32-sandbox/toolchain/bin/../lib/gcc/arm-none-eabi/13.2.1/../../../../arm-none-eabi/lib/thumb/v7e-m/nofp/libc.a
END GROUP
OUTPUT(build/ch.elf elf32-littlearm)
LOAD linker stubs

.ARM.attributes
                0x00000000       0x2f
 .ARM.attributes
                0x00000000       0x21 ./build/obj/crt0_v7m.o
 .ARM.attributes
                0x00000021       0x21 ./build/obj/vectors.o
 .ARM.attributes
                0x00000042       0x21 ./build/obj/chcoreasm.o
 .ARM.attributes
                0x00000063       0x2c /tmp/cc2OxAja.ltrans0.ltrans.o
 .ARM.attributes
                0x0000008f       0x2e /home/ubuntu/stm32-sandbox/toolchain/bin/../lib/gcc/arm-none-eabi/13.2.1/../../../../arm-none-eabi/lib/thumb/v7e-m/nofp/libm.a(libm_a-w_sqrt.o)
 .ARM.attributes
                0x000000bd       0x2e /home/ubuntu/stm32-sandbox/toolchain/bin/../lib/gcc/arm-none-eabi/13.2.1/../../../../arm-none-eabi/lib/thumb/v7e-m/nofp/libm.a(libm_a-s_cos.o)
 .ARM.attributes
                0x000000eb       0x2e /home/ubuntu/stm32-sandbox/toolchain/bin/../lib/gcc/arm-none-eabi/13.2.1/../../../../arm-none-eabi/lib/thumb/v7e-m/nofp/libm.a(libm_a-k_cos.o)
 .ARM.attributes
                0x00000119       0x2e /home/ubuntu/stm32-sandbox/toolchain/bin/../lib/gcc/arm-none-eabi/13.2.1/../../../../arm-none-eabi/lib/thumb/v7e-m/nofp/libm.a(libm_a-k_sin.o)
 .ARM.attributes
                0x00000147       0x2e /home/ubuntu/stm32-sandbox/toolchain/bin/../lib/gcc/arm-none-eabi/13.2.1/../../../../arm-none-eabi/lib/thumb/v7e-m/nofp/libm.a(libm_a-e_sqrt.o)
 .ARM.attributes
                0x00000175       0x2e /home/ubuntu/stm32-sandbox/toolchain/bin/../lib/gcc/arm-none-eabi/13.2.1/../../../../arm-none-eabi/lib/thumb/v7e-m/nofp/libm.a(libm_a-e_rem_pio2.o)
 .ARM.attributes
                0x000001a3       0x2e /home/ubuntu/stm32-sandbox/toolchain/bin/../lib/gcc/arm-none-eabi/13.2.1/../../../../arm-none-eabi/lib/thumb/v7e-m/nofp/libm.a(libm_a-k_rem_pio2.o)
 .ARM.attributes
                0x000001d1       0x2e /home/ubuntu/stm32-sandbox/toolchain/bin/../lib/gcc/arm-none-eabi/13.2.1/../../../../arm-none-eabi/lib/thumb/v7e-m/nofp/libm.a(libm_a-s_fabs.o)
 .ARM.attributes
                0x000001ff       0x2e /home/ubuntu/stm32-sandbox/toolchain/bin/../lib/gcc/arm-none-eabi/13.2.1/../../../../arm-none-eabi/lib/thumb/v7e-m/nofp/libm.a(libm_a-s_scalbn.o)
 .ARM.attributes
                0x0000022d       0x2e /home/ubuntu/stm32-sandbox/toolchain/bin/../lib/gcc/arm-none-eabi/13.2.1/../../../../arm-none-eabi/lib/thumb/v7e-m/nofp/libm.a(libm_a-s_floor.o)
 .ARM.attributes
                0x0000025b       0x1e /home/ubuntu/stm32-sandbox/toolchain/bin/../lib/gcc/arm-none-eabi/13.2.1/thumb/v7e-m/nofp/libgcc.a(_arm_addsubdf3.o)
 .ARM.attributes
                0x00000279       0x1e /home/ubuntu/stm32-sandbox/toolchain/bin/../lib/gcc/arm-none-eabi/13.2.1/thumb/v7e-m/nofp/libgcc.a(_arm_muldivdf3.o)
 .ARM.attributes
                0x00000297       0x1e /home/ubuntu/stm32-sandbox/toolchain/bin/../lib/gcc/arm-none-eabi/13.2.1/thumb/v7e-m/nofp/libgcc.a(_arm_cmpdf2.o)
 .ARM.attributes
                0x000002b5       0x1e /home/ubuntu/stm32-sandbox/toolchain/bin/../lib/gcc/arm-none-eabi/13.2.1/thumb/v7e-m/nofp/libgcc.a(_arm_unorddf2.o)
 .ARM.attributes
                0x000002d3       0x1e /home/ubuntu/stm32-sandbox/toolchain/bin/../lib/gcc/arm-none-eabi/13.2.1/thumb/v7e-m/nofp/libgcc.a(_arm_fixdfsi.o)
 .ARM.attributes
                0x000002f1       0x1e /home/ubuntu/stm32-sandbox/toolchain/bin/../lib/gcc/arm-none-eabi/13.2.1/thumb/v7e-m/nofp/libgcc.a(_arm_truncdfsf2.o)
 .ARM.attributes
                0x0000030f       0x1e /home/ubuntu/stm32-sandbox/toolchain/bin/../lib/gcc/arm-none-eabi/13.2.1/thumb/v7e-m/nofp/libgcc.a(_arm_addsubsf3.o)
 .ARM.attributes
                0x0000032d       0x1e /home/ubuntu/stm32-sandbox/toolchain/bin/../lib/gcc/arm-none-eabi/13.2.1/thumb/v7e-m/nofp/libgcc.a(_arm_muldivsf3.o)
 .ARM.attributes
                0x0000034b       0x1e /home/ubuntu/stm32-sandbox/toolchain/bin/../lib/gcc/arm-none-eabi/13.2.1/thumb/v7e-m/nofp/libgcc.a(_arm_cmpsf2.o)
 .ARM.attributes
                0x00000369       0x2e /home/ubuntu/stm32-sandbox/toolchain/bin/../lib/gcc/arm-none-eabi/13.2.1/../../../../arm-none-eabi/lib/thumb/v7e-m/nofp/libg.a(libc_a-errno.o)
 .ARM.attributes
                0x00000397       0x2e /home/ubuntu/stm32-sandbox/toolchain/bin/../lib/gcc/arm-none-eabi/13.2.1/../../../../arm-none-eabi/lib/thumb/v7e-m/nofp/libg.a(libc_a-impure.o)
 .ARM.attributes
                0x000003c5       0x2e /home/ubuntu/stm32-sandbox/toolchain/bin/../lib/gcc/arm-none-eabi/13.2.1/../../../../arm-none-eabi/lib/thumb/v7e-m/nofp/libg.a(libc_a-findfp.o)
 .ARM.attributes
                0x000003f3       0x2e /home/ubuntu/stm32-sandbox/toolchain/bin/../lib/gcc/arm-none-eabi/13.2.1/../../../../arm-none-eabi/lib/thumb/v7e-m/nofp/libg.a(libc_a-memset.o)
 .ARM.attributes
                0x00000421       0x2e /home/ubuntu/stm32-sandbox/toolchain/bin/../lib/gcc/arm-none-eabi/13.2.1/../../../../arm-none-eabi/lib/thumb/v7e-m/nofp/libg.a(libc_a-memcmp.o)
 .ARM.attributes
                0x0000044f       0x1c /home/ubuntu/stm32-sandbox/toolchain/bin/../lib/gcc/arm-none-eabi/13.2.1/../../../../arm-none-eabi/lib/thumb/v7e-m/nofp/libg.a(libc_a-memcpy.o)

.comment        0x00000000       0x44
 .comment       0x00000000       0x44 /tmp/cc2OxAja.ltrans0.ltrans.o
                                 0x45 (size before relaxing)

.debug_line     0x00000000     0x7f3b
 .debug_line    0x00000000       0xa6 ./build/obj/crt0_v7m.o
 .debug_line    0x000000a6       0x4f ./build/obj/vectors.o
 .debug_line    0x000000f5       0x60 ./build/obj/chcoreasm.o
 .debug_line    0x00000155     0x6aaa /tmp/cc2OxAja.ltrans0.ltrans.o
 .debug_line    0x00006bff       0x4c /tmp/cca0xWcV.debug.temp.o
 .debug_line    0x00006c4b       0x6c /tmp/cc0EC8IE.debug.temp.o
 .debug_line    0x00006cb7       0x6c /tmp/ccbLK6l4.debug.temp.o
 .debug_line    0x00006d23       0xc1 /tmp/cckSFue9.debug.temp.o
 .debug_line    0x00006de4       0xd4 /tmp/ccoSYmHF.debug.temp.o
 .debug_line    0x00006eb8       0x55 /tmp/ccJ9RpT7.debug.temp.o
 .debug_line    0x00006f0d      0x176 /tmp/ccr9xIUV.debug.temp.o
 .debug_line    0x00007083       0x68 /tmp/ccRVOm8u.debug.temp.o
 .debug_line    0x000070eb       0x56 /tmp/ccurqgOw.debug.temp.o
 .debug_line    0x00007141       0x82 /tmp/ccIoHwQ2.debug.temp.o
 .debug_line    0x000071c3       0xcb /tmp/ccxkIwxA.debug.temp.o
 .debug_line    0x0000728e       0x67 /tmp/ccepV7j3.debug.temp.o
 .debug_line    0x000072f5       0xd2 /tmp/ccACI7Qu.debug.temp.o
 .debug_line    0x000073c7       0x8f /tmp/ccn7KHRR.debug.temp.o
 .debug_line    0x00007456       0xa6 /tmp/cczoaL2o.debug.temp.o
 .debug_line    0x000074fc       0xa2 /tmp/ccb0tntg.debug.temp.o
 .debug_line    0x0000759e       0xac /tmp/ccuWLnBS.debug.temp.o
 .debug_line    0x0000764a       0xbe /tmp/ccLvB85B.debug.temp.o
 .debug_line    0x00007708       0x9d /tmp/cc8eYeUr.debug.temp.o
 .debug_line    0x000077a5       0xb9 /tmp/ccoI8t6H.debug.temp.o
 .debug_line    0x0000785e       0xa7 /tmp/ccR2wYBB.debug.temp.o
 .debug_line    0x00007905       0xa7 /tmp/ccBRWOlV.debug.temp.o
 .debug_line    0x000079ac       0xaf /tmp/cclDYIo2.debug.temp.o
 .debug_line    0x00007a5b       0xa6 /tmp/ccjumFod.debug.temp.o
 .debug_line    0x00007b01       0xb4 /tmp/ccnxmBFM.debug.temp.o
 .debug_line    0x00007bb5       0xc8 /tmp/ccm4qvLv.debug.temp.o
 .debug_line    0x00007c7d       0xa2 /tmp/ccJ2TU91.debug.temp.o
 .debug_line    0x00007d1f       0xf2 /tmp/cc83lJNF.debug.temp.o
 .debug_line    0x00007e11      0x12a /tmp/ccY54HYZ.debug.temp.o

.debug_line_str
                0x00000000     0x100b
 .debug_line_str
                0x00000000     0x100b ./build/obj/crt0_v7m.o
                                 0x77 (size before relaxing)
 .debug_line_str
                0x0000100b       0x76 ./build/obj/vectors.o
 .debug_line_str
                0x0000100b       0x77 ./build/obj/chcoreasm.o
 .debug_line_str
                0x0000100b      0x147 /tmp/cca0xWcV.debug.temp.o
 .debug_line_str
                0x0000100b      0x13a /tmp/cc0EC8IE.debug.temp.o
 .debug_line_str
                0x0000100b      0x1a6 /tmp/ccbLK6l4.debug.temp.o
 .debug_line_str
                0x0000100b      0x30b /tmp/cckSFue9.debug.temp.o
 .debug_line_str
                0x0000100b      0x347 /tmp/ccoSYmHF.debug.temp.o
 .debug_line_str
                0x0000100b      0x168 /tmp/ccJ9RpT7.debug.temp.o
 .debug_line_str
                0x0000100b      0x5eb /tmp/ccr9xIUV.debug.temp.o
 .debug_line_str
                0x0000100b      0x1c3 /tmp/ccRVOm8u.debug.temp.o
 .debug_line_str
                0x0000100b      0x15e /tmp/ccurqgOw.debug.temp.o
 .debug_line_str
                0x0000100b      0x251 /tmp/ccIoHwQ2.debug.temp.o
 .debug_line_str
                0x0000100b      0x346 /tmp/ccxkIwxA.debug.temp.o
 .debug_line_str
                0x0000100b      0x193 /tmp/ccepV7j3.debug.temp.o
 .debug_line_str
                0x0000100b      0x2de /tmp/ccACI7Qu.debug.temp.o
 .debug_line_str
                0x0000100b      0x1dc /tmp/ccn7KHRR.debug.temp.o
 .debug_line_str
                0x0000100b      0x244 /tmp/cczoaL2o.debug.temp.o
 .debug_line_str
                0x0000100b      0x228 /tmp/ccb0tntg.debug.temp.o
 .debug_line_str
                0x0000100b      0x238 /tmp/ccuWLnBS.debug.temp.o
 .debug_line_str
                0x0000100b      0x2c3 /tmp/ccLvB85B.debug.temp.o
 .debug_line_str
                0x0000100b      0x218 /tmp/cc8eYeUr.debug.temp.o
 .debug_line_str
                0x0000100b      0x2d5 /tmp/ccoI8t6H.debug.temp.o
 .debug_line_str
                0x0000100b      0x234 /tmp/ccR2wYBB.debug.temp.o
 .debug_line_str
                0x0000100b      0x23a /tmp/ccBRWOlV.debug.temp.o
 .debug_line_str
                0x0000100b      0x2a9 /tmp/cclDYIo2.debug.temp.o
 .debug_line_str
                0x0000100b      0x276 /tmp/ccjumFod.debug.temp.o
 .debug_line_str
                0x0000100b      0x2b3 /tmp/ccnxmBFM.debug.temp.o
 .debug_line_str
                0x0000100b      0x2f3 /tmp/ccm4qvLv.debug.temp.o
 .debug_line_str
                0x0000100b      0x24f /tmp/ccJ2TU91.debug.temp.o
 .debug_line_str
                0x0000100b      0x372 /tmp/cc83lJNF.debug.temp.o
 .debug_line_str
                0x0000100b      0x4e9 /tmp/ccY54HYZ.debug.temp.o
 .debug_line_str
                0x0000100b       0xc4 /home/ubuntu/stm32-sandbox/toolchain/bin/../lib/gcc/arm-none-eabi/13.2.1/thumb/v7e-m/nofp/libgcc.a(_arm_addsubdf3.o)
 .debug_line_str
                0x0000100b       0xc4 /home/ubuntu/stm32-sandbox/toolchain/bin/../lib/gcc/arm-none-eabi/13.2.1/thumb/v7e-m/nofp/libgcc.a(_arm_muldivdf3.o)
 .debug_line_str
                0x0000100b       0xc4 /home/ubuntu/stm32-sandbox/toolchain/bin/../lib/gcc/arm-none-eabi/13.2.1/thumb/v7e-m/nofp/libgcc.a(_arm_cmpdf2.o)
 .debug_line_str
                0x0000100b       0xc4 /home/ubuntu/stm32-sandbox/toolchain/bin/../lib/gcc/arm-none-eabi/13.2.1/thumb/v7e-m/nofp/libgcc.a(_arm_unorddf2.o)
 .debug_line_str
                0x0000100b       0xc4 /home/ubuntu/stm32-sandbox/toolchain/bin/../lib/gcc/arm-none-eabi/13.2.1/thumb/v7e-m/nofp/libgcc.a(_arm_fixdfsi.o)
 .debug_line_str
                0x0000100b       0xc4 /home/ubuntu/stm32-sandbox/toolchain/bin/../lib/gcc/arm-none-eabi/13.2.1/thumb/v7e-m/nofp/libgcc.a(_arm_truncdfsf2.o)
 .debug_line_str
                0x0000100b       0xc4 /home/ubuntu/stm32-sandbox/toolchain/bin/../lib/gcc/arm-none-eabi/13.2.1/thumb/v7e-m/nofp/libgcc.a(_arm_addsubsf3.o)
 .debug_line_str
                0x0000100b       0xc4 /home/ubuntu/stm32-sandbox/toolchain/bin/../lib/gcc/arm-none-eabi/13.2.1/thumb/v7e-m/nofp/libgcc.a(_arm_muldivsf3.o)
 .debug_line_str
                0x0000100b       0xc4 /home/ubuntu/stm32-sandbox/toolchain/bin/../lib/gcc/arm-none-eabi/13.2.1/thumb/v7e-m/nofp/libgcc.a(_arm_cmpsf2.o)
 .debug_line_str
                0x0000100b       0xd9 /home/ubuntu/stm32-sandbox/toolchain/bin/../lib/gcc/arm-none-eabi/13.2.1/../../../../arm-none-eabi/lib/thumb/v7e-m/nofp/libg.a(libc_a-memcpy.o)

.debug_info     0x00000000    0x1f999
 .debug_info    0x00000000       0x25 ./build/obj/crt0_v7m.o
 .debug_info    0x00000025       0x24 ./build/obj/vectors.o
 .debug_info    0x00000049       0x24 ./build/obj/chcoreasm.o
 .debug_info    0x0000006d     0x9167 /tmp/cc2OxAja.ltrans0.ltrans.o
 .debug_info    0x000091d4      0x296 /tmp/cca0xWcV.debug.temp.o
                0x000091d4                crt1.c.f05ed439
 .debug_info    0x0000946a       0xb3 /tmp/cc0EC8IE.debug.temp.o
                0x0000946a                hal.c.dd7db801
 .debug_info    0x0000951d      0x2fa /tmp/ccbLK6l4.debug.temp.o
                0x0000951d                hal_st.c.15fa5c9e
 .debug_info    0x00009817      0xe6a /tmp/cckSFue9.debug.temp.o
                0x00009817                hal_queues.c.130bf82d
 .debug_info    0x0000a681     0x1268 /tmp/ccoSYmHF.debug.temp.o
                0x0000a681                hal_serial.c.8a0395cf
 .debug_info    0x0000b8e9      0x45b /tmp/ccJ9RpT7.debug.temp.o
                0x0000b8e9                nvic.c.7bdf438a
 .debug_info    0x0000bd44      0xe44 /tmp/ccr9xIUV.debug.temp.o
                0x0000bd44                stm32_isr.c.871d9f93
 .debug_info    0x0000cb88      0x590 /tmp/ccRVOm8u.debug.temp.o
                0x0000cb88                hal_lld.c.3267f87c
 .debug_info    0x0000d118      0x248 /tmp/ccurqgOw.debug.temp.o
                0x0000d118                hal_pal_lld.c.eb337943
 .debug_info    0x0000d360      0x4f0 /tmp/ccIoHwQ2.debug.temp.o
                0x0000d360                hal_st_lld.c.39571a94
 .debug_info    0x0000d850     0x10ee /tmp/ccxkIwxA.debug.temp.o
                0x0000d850                hal_serial_lld.c.76d063c9
 .debug_info    0x0000e93e      0x479 /tmp/ccepV7j3.debug.temp.o
                0x0000e93e                board.c.3c419513
 .debug_info    0x0000edb7      0xdb0 /tmp/ccACI7Qu.debug.temp.o
                0x0000edb7                chsys.c.97a025e4
 .debug_info    0x0000fb67      0x7a8 /tmp/ccn7KHRR.debug.temp.o
                0x0000fb67                chrfcu.c.5fdfa92d
 .debug_info    0x0001030f      0xe9a /tmp/cczoaL2o.debug.temp.o
                0x0001030f                chvt.c.9d3baff2
 .debug_info    0x000111a9      0xdf9 /tmp/ccb0tntg.debug.temp.o
                0x000111a9                chschd.c.24466df9
 .debug_info    0x00011fa2      0xab6 /tmp/ccuWLnBS.debug.temp.o
                0x00011fa2                chinstances.c.e52a6f35
 .debug_info    0x00012a58     0x12b7 /tmp/ccLvB85B.debug.temp.o
                0x00012a58                chthreads.c.a14288da
 .debug_info    0x00013d0f      0xb13 /tmp/cc8eYeUr.debug.temp.o
                0x00013d0f                chtm.c.69688f1e
 .debug_info    0x00014822      0xc15 /tmp/ccoI8t6H.debug.temp.o
                0x00014822                chregistry.c.44f07344
 .debug_info    0x00015437      0xbbb /tmp/ccR2wYBB.debug.temp.o
                0x00015437                chmtx.c.45110d99
 .debug_info    0x00015ff2      0xde0 /tmp/ccBRWOlV.debug.temp.o
                0x00015ff2                chevents.c.6e6194e9
 .debug_info    0x00016dd2      0xa16 /tmp/cclDYIo2.debug.temp.o
                0x00016dd2                chmemcore.c.f7826f34
 .debug_info    0x000177e8      0xc41 /tmp/ccjumFod.debug.temp.o
                0x000177e8                chmemheaps.c.708fdf4b
 .debug_info    0x00018429      0xc55 /tmp/ccnxmBFM.debug.temp.o
                0x00018429                chmempools.c.88c28542
 .debug_info    0x0001907e     0x177a /tmp/ccm4qvLv.debug.temp.o
                0x0001907e                chfactory.c.2310e7da
 .debug_info    0x0001a7f8      0xf62 /tmp/ccJ2TU91.debug.temp.o
                0x0001a7f8                chcore.c.15e82366
 .debug_info    0x0001b75a     0x10c0 /tmp/cc83lJNF.debug.temp.o
                0x0001b75a                main.c.2da53d49
 .debug_info    0x0001c81a     0x317f /tmp/ccY54HYZ.debug.temp.o
                0x0001c81a                mavlink_bridge.c.32ca3e27

.debug_abbrev   0x00000000     0x42f3
 .debug_abbrev  0x00000000       0x14 ./build/obj/crt0_v7m.o
 .debug_abbrev  0x00000014       0x14 ./build/obj/vectors.o
 .debug_abbrev  0x00000028       0x14 ./build/obj/chcoreasm.o
 .debug_abbrev  0x0000003c      0x345 /tmp/cc2OxAja.ltrans0.ltrans.o
 .debug_abbrev  0x00000381       0xec /tmp/cca0xWcV.debug.temp.o
 .debug_abbrev  0x0000046d       0x6d /tmp/cc0EC8IE.debug.temp.o
 .debug_abbrev  0x000004da      0x181 /tmp/ccbLK6l4.debug.temp.o
 .debug_abbrev  0x0000065b      0x2be /tmp/cckSFue9.debug.temp.o
 .debug_abbrev  0x00000919      0x2e2 /tmp/ccoSYmHF.debug.temp.o
 .debug_abbrev  0x00000bfb      0x13e /tmp/ccJ9RpT7.debug.temp.o
 .debug_abbrev  0x00000d39      0x1ca /tmp/ccr9xIUV.debug.temp.o
 .debug_abbrev  0x00000f03      0x144 /tmp/ccRVOm8u.debug.temp.o
 .debug_abbrev  0x00001047       0xf2 /tmp/ccurqgOw.debug.temp.o
 .debug_abbrev  0x00001139      0x151 /tmp/ccIoHwQ2.debug.temp.o
 .debug_abbrev  0x0000128a      0x2a9 /tmp/ccxkIwxA.debug.temp.o
 .debug_abbrev  0x00001533      0x168 /tmp/ccepV7j3.debug.temp.o
 .debug_abbrev  0x0000169b      0x353 /tmp/ccACI7Qu.debug.temp.o
 .debug_abbrev  0x000019ee      0x167 /tmp/ccn7KHRR.debug.temp.o
 .debug_abbrev  0x00001b55      0x2ae /tmp/cczoaL2o.debug.temp.o
 .debug_abbrev  0x00001e03      0x289 /tmp/ccb0tntg.debug.temp.o
 .debug_abbrev  0x0000208c      0x272 /tmp/ccuWLnBS.debug.temp.o
 .debug_abbrev  0x000022fe      0x2fd /tmp/ccLvB85B.debug.temp.o
 .debug_abbrev  0x000025fb      0x1dd /tmp/cc8eYeUr.debug.temp.o
 .debug_abbrev  0x000027d8      0x2ac /tmp/ccoI8t6H.debug.temp.o
 .debug_abbrev  0x00002a84      0x2be /tmp/ccR2wYBB.debug.temp.o
 .debug_abbrev  0x00002d42      0x2a9 /tmp/ccBRWOlV.debug.temp.o
 .debug_abbrev  0x00002feb      0x233 /tmp/cclDYIo2.debug.temp.o
 .debug_abbrev  0x0000321e      0x285 /tmp/ccjumFod.debug.temp.o
 .debug_abbrev  0x000034a3      0x2a0 /tmp/ccnxmBFM.debug.temp.o
 .debug_abbrev  0x00003743      0x293 /tmp/ccm4qvLv.debug.temp.o
 .debug_abbrev  0x000039d6      0x265 /tmp/ccJ2TU91.debug.temp.o
 .debug_abbrev  0x00003c3b      0x2ee /tmp/cc83lJNF.debug.temp.o
 .debug_abbrev  0x00003f29      0x3ca /tmp/ccY54HYZ.debug.temp.o

.debug_aranges  0x00000000      0x248
 .debug_aranges
                0x00000000       0x20 ./build/obj/crt0_v7m.o
 .debug_aranges
                0x00000020       0x20 ./build/obj/vectors.o
 .debug_aranges
                0x00000040       0x20 ./build/obj/chcoreasm.o
 .debug_aranges
                0x00000060      0x1e8 /tmp/cc2OxAja.ltrans0.ltrans.o

.debug_str      0x00000000     0x724b
 .debug_str     0x00000000     0x724b ./build/obj/crt0_v7m.o
                                 0x85 (size before relaxing)
 .debug_str     0x0000724b       0x84 ./build/obj/vectors.o
 .debug_str     0x0000724b       0x85 ./build/obj/chcoreasm.o
 .debug_str     0x0000724b      0x254 /tmp/cc2OxAja.ltrans0.ltrans.o
 .debug_str     0x0000724b      0x455 /tmp/cca0xWcV.debug.temp.o
 .debug_str     0x0000724b      0x1f0 /tmp/cc0EC8IE.debug.temp.o
 .debug_str     0x0000724b      0x2f4 /tmp/ccbLK6l4.debug.temp.o
 .debug_str     0x0000724b      0x830 /tmp/cckSFue9.debug.temp.o
 .debug_str     0x0000724b      0x9e2 /tmp/ccoSYmHF.debug.temp.o
 .debug_str     0x0000724b      0x330 /tmp/ccJ9RpT7.debug.temp.o
 .debug_str     0x0000724b      0xc67 /tmp/ccr9xIUV.debug.temp.o
 .debug_str     0x0000724b      0x3fb /tmp/ccRVOm8u.debug.temp.o
 .debug_str     0x0000724b      0x2af /tmp/ccurqgOw.debug.temp.o
 .debug_str     0x0000724b      0x443 /tmp/ccIoHwQ2.debug.temp.o
 .debug_str     0x0000724b      0xa4b /tmp/ccxkIwxA.debug.temp.o
 .debug_str     0x0000724b      0x3e8 /tmp/ccepV7j3.debug.temp.o
 .debug_str     0x0000724b      0xa4d /tmp/ccACI7Qu.debug.temp.o
 .debug_str     0x0000724b      0x5cd /tmp/ccn7KHRR.debug.temp.o
 .debug_str     0x0000724b      0x8e5 /tmp/cczoaL2o.debug.temp.o
 .debug_str     0x0000724b      0x878 /tmp/ccb0tntg.debug.temp.o
 .debug_str     0x0000724b      0x7de /tmp/ccuWLnBS.debug.temp.o
 .debug_str     0x0000724b      0xa76 /tmp/ccLvB85B.debug.temp.o
 .debug_str     0x0000724b      0x7d3 /tmp/cc8eYeUr.debug.temp.o
 .debug_str     0x0000724b      0x8f7 /tmp/ccoI8t6H.debug.temp.o
 .debug_str     0x0000724b      0x774 /tmp/ccR2wYBB.debug.temp.o
 .debug_str     0x0000724b      0x887 /tmp/ccBRWOlV.debug.temp.o
 .debug_str     0x0000724b      0x6e8 /tmp/cclDYIo2.debug.temp.o
 .debug_str     0x0000724b      0x7ae /tmp/ccjumFod.debug.temp.o
 .debug_str     0x0000724b      0x802 /tmp/ccnxmBFM.debug.temp.o
 .debug_str     0x0000724b      0xd08 /tmp/ccm4qvLv.debug.temp.o
 .debug_str     0x0000724b      0xc4e /tmp/ccJ2TU91.debug.temp.o
 .debug_str     0x0000724b      0x9d9 /tmp/cc83lJNF.debug.temp.o
 .debug_str     0x0000724b     0x40cd /tmp/ccY54HYZ.debug.temp.o

.debug_loclists
                0x00000000     0x610c
 .debug_loclists
                0x00000000     0x610c /tmp/cc2OxAja.ltrans0.ltrans.o

.debug_rnglists
                0x00000000     0x1659
 .debug_rnglists
                0x00000000     0x1659 /tmp/cc2OxAja.ltrans0.ltrans.o

.debug_frame    0x00000000      0xe08
 .debug_frame   0x00000000      0x67c /tmp/cc2OxAja.ltrans0.ltrans.o
 .debug_frame   0x0000067c       0x30 /home/ubuntu/stm32-sandbox/toolchain/bin/../lib/gcc/arm-none-eabi/13.2.1/../../../../arm-none-eabi/lib/thumb/v7e-m/nofp/libm.a(libm_a-w_sqrt.o)
 .debug_frame   0x000006ac       0x48 /home/ubuntu/stm32-sandbox/toolchain/bin/../lib/gcc/arm-none-eabi/13.2.1/../../../../arm-none-eabi/lib/thumb/v7e-m/nofp/libm.a(libm_a-s_cos.o)
 .debug_frame   0x000006f4       0x4c /home/ubuntu/stm32-sandbox/toolchain/bin/../lib/gcc/arm-none-eabi/13.2.1/../../../../arm-none-eabi/lib/thumb/v7e-m/nofp/libm.a(libm_a-k_cos.o)
 .debug_frame   0x00000740       0x48 /home/ubuntu/stm32-sandbox/toolchain/bin/../lib/gcc/arm-none-eabi/13.2.1/../../../../arm-none-eabi/lib/thumb/v7e-m/nofp/libm.a(libm_a-k_sin.o)
 .debug_frame   0x00000788       0x38 /home/ubuntu/stm32-sandbox/toolchain/bin/../lib/gcc/arm-none-eabi/13.2.1/../../../../arm-none-eabi/lib/thumb/v7e-m/nofp/libm.a(libm_a-e_sqrt.o)
 .debug_frame   0x000007c0       0x40 /home/ubuntu/stm32-sandbox/toolchain/bin/../lib/gcc/arm-none-eabi/13.2.1/../../../../arm-none-eabi/lib/thumb/v7e-m/nofp/libm.a(libm_a-e_rem_pio2.o)
 .debug_frame   0x00000800       0x58 /home/ubuntu/stm32-sandbox/toolchain/bin/../lib/gcc/arm-none-eabi/13.2.1/../../../../arm-none-eabi/lib/thumb/v7e-m/nofp/libm.a(libm_a-k_rem_pio2.o)
 .debug_frame   0x00000858       0x20 /home/ubuntu/stm32-sandbox/toolchain/bin/../lib/gcc/arm-none-eabi/13.2.1/../../../../arm-none-eabi/lib/thumb/v7e-m/nofp/libm.a(libm_a-s_fabs.o)
 .debug_frame   0x00000878       0x30 /home/ubuntu/stm32-sandbox/toolchain/bin/../lib/gcc/arm-none-eabi/13.2.1/../../../../arm-none-eabi/lib/thumb/v7e-m/nofp/libm.a(libm_a-s_scalbn.o)
 .debug_frame   0x000008a8       0x30 /home/ubuntu/stm32-sandbox/toolchain/bin/../lib/gcc/arm-none-eabi/13.2.1/../../../../arm-none-eabi/lib/thumb/v7e-m/nofp/libm.a(libm_a-s_floor.o)
 .debug_frame   0x000008d8       0xac /home/ubuntu/stm32-sandbox/toolchain/bin/../lib/gcc/arm-none-eabi/13.2.1/thumb/v7e-m/nofp/libgcc.a(_arm_addsubdf3.o)
 .debug_frame   0x00000984       0x50 /home/ubuntu/stm32-sandbox/toolchain/bin/../lib/gcc/arm-none-eabi/13.2.1/thumb/v7e-m/nofp/libgcc.a(_arm_muldivdf3.o)
 .debug_frame   0x000009d4       0xc4 /home/ubuntu/stm32-sandbox/toolchain/bin/../lib/gcc/arm-none-eabi/13.2.1/thumb/v7e-m/nofp/libgcc.a(_arm_cmpdf2.o)
 .debug_frame   0x00000a98       0x20 /home/ubuntu/stm32-sandbox/toolchain/bin/../lib/gcc/arm-none-eabi/13.2.1/thumb/v7e-m/nofp/libgcc.a(_arm_unorddf2.o)
 .debug_frame   0x00000ab8       0x24 /home/ubuntu/stm32-sandbox/toolchain/bin/../lib/gcc/arm-none-eabi/13.2.1/thumb/v7e-m/nofp/libgcc.a(_arm_fixdfsi.o)
 .debug_frame   0x00000adc       0x24 /home/ubuntu/stm32-sandbox/toolchain/bin/../lib/gcc/arm-none-eabi/13.2.1/thumb/v7e-m/nofp/libgcc.a(_arm_truncdfsf2.o)
 .debug_frame   0x00000b00       0x4c /home/ubuntu/stm32-sandbox/toolchain/bin/../lib/gcc/arm-none-eabi/13.2.1/thumb/v7e-m/nofp/libgcc.a(_arm_addsubsf3.o)
 .debug_frame   0x00000b4c       0x38 /home/ubuntu/stm32-sandbox/toolchain/bin/../lib/gcc/arm-none-eabi/13.2.1/thumb/v7e-m/nofp/libgcc.a(_arm_muldivsf3.o)
 .debug_frame   0x00000b84       0xc8 /home/ubuntu/stm32-sandbox/toolchain/bin/../lib/gcc/arm-none-eabi/13.2.1/thumb/v7e-m/nofp/libgcc.a(_arm_cmpsf2.o)
 .debug_frame   0x00000c4c       0x20 /home/ubuntu/stm32-sandbox/toolchain/bin/../lib/gcc/arm-none-eabi/13.2.1/../../../../arm-none-eabi/lib/thumb/v7e-m/nofp/libg.a(libc_a-errno.o)
 .debug_frame   0x00000c6c      0x13c /home/ubuntu/stm32-sandbox/toolchain/bin/../lib/gcc/arm-none-eabi/13.2.1/../../../../arm-none-eabi/lib/thumb/v7e-m/nofp/libg.a(libc_a-findfp.o)
 .debug_frame   0x00000da8       0x2c /home/ubuntu/stm32-sandbox/toolchain/bin/../lib/gcc/arm-none-eabi/13.2.1/../../../../arm-none-eabi/lib/thumb/v7e-m/nofp/libg.a(libc_a-memset.o)
 .debug_frame   0x00000dd4       0x34 /home/ubuntu/stm32-sandbox/toolchain/bin/../lib/gcc/arm-none-eabi/13.2.1/../../../../arm-none-eabi/lib/thumb/v7e-m/nofp/libg.a(libc_a-memcmp.o)

Cross Reference Table

Symbol                                            File
BusFault_Handler                                  ./build/obj/vectors.o
DebugMon_Handler                                  ./build/obj/vectors.o
HardFault_Handler                                 ./build/obj/vectors.o
MemManage_Handler                                 ./build/obj/vectors.o
NMI_Handler                                       ./build/obj/vectors.o
PendSV_Handler                                    ./build/obj/vectors.o
Reset_Handler                                     ./build/obj/vectors.o
SD1                                               ./build/obj/hal_serial_lld.o (symbol from plugin)
                                                  ./build/obj/main.o (symbol from plugin)
                                                  ./build/obj/stm32_isr.o (symbol from plugin)
SD2                                               ./build/obj/hal_serial_lld.o (symbol from plugin)
                                                  ./build/obj/stm32_isr.o (symbol from plugin)
SVC_Handler                                       /tmp/cc2OxAja.ltrans0.ltrans.o
                                                  ./build/obj/chcore.o (symbol from plugin)
                                                  ./build/obj/vectors.o
SecureFault_Handler                               ./build/obj/vectors.o
SysTick_Handler                                   ./build/obj/vectors.o
SystemCoreClock                                   ./build/obj/hal_lld.o (symbol from plugin)
UsageFault_Handler                                ./build/obj/vectors.o
Vector100                                         ./build/obj/vectors.o
Vector104                                         ./build/obj/vectors.o
Vector108                                         ./build/obj/vectors.o
Vector10C                                         ./build/obj/vectors.o
Vector110                                         ./build/obj/vectors.o
Vector114                                         ./build/obj/vectors.o
Vector118                                         ./build/obj/vectors.o
Vector11C                                         ./build/obj/vectors.o
Vector120                                         ./build/obj/vectors.o
Vector124                                         ./build/obj/vectors.o
Vector128                                         ./build/obj/vectors.o
Vector12C                                         ./build/obj/vectors.o
Vector130                                         ./build/obj/vectors.o
Vector134                                         ./build/obj/vectors.o
Vector138                                         ./build/obj/vectors.o
Vector13C                                         ./build/obj/vectors.o
Vector140                                         ./build/obj/vectors.o
Vector144                                         ./build/obj/vectors.o
Vector148                                         ./build/obj/vectors.o
Vector14C                                         ./build/obj/vectors.o
Vector150                                         ./build/obj/vectors.o
Vector154                                         ./build/obj/vectors.o
Vector158                                         ./build/obj/vectors.o
Vector15C                                         ./build/obj/vectors.o
Vector160                                         ./build/obj/vectors.o
Vector164                                         ./build/obj/vectors.o
Vector168                                         ./build/obj/vectors.o
Vector16C                                         ./build/obj/vectors.o
Vector170                                         ./build/obj/vectors.o
Vector174                                         ./build/obj/vectors.o
Vector178                                         ./build/obj/vectors.o
Vector17C                                         ./build/obj/vectors.o
Vector180                                         ./build/obj/vectors.o
Vector184                                         ./build/obj/vectors.o
Vector188                                         ./build/obj/vectors.o
Vector18C                                         ./build/obj/vectors.o
Vector190                                         ./build/obj/vectors.o
Vector194                                         ./build/obj/vectors.o
Vector198                                         ./build/obj/vectors.o
Vector19C                                         ./build/obj/vectors.o
Vector1A0                                         ./build/obj/vectors.o
Vector1A4                                         ./build/obj/vectors.o
Vector1A8                                         ./build/obj/vectors.o
Vector1AC                                         ./build/obj/vectors.o
Vector1B0                                         ./build/obj/vectors.o
Vector1B4                                         ./build/obj/vectors.o
Vector1B8                                         ./build/obj/vectors.o
Vector1BC                                         ./build/obj/vectors.o
Vector1C0                                         ./build/obj/vectors.o
Vector1C4                                         ./build/obj/vectors.o
Vector1C8                                         ./build/obj/vectors.o
Vector1CC                                         ./build/obj/vectors.o
Vector1D0                                         ./build/obj/vectors.o
Vector1D4                                         ./build/obj/vectors.o
Vector1D8                                         ./build/obj/vectors.o
Vector1DC                                         ./build/obj/vectors.o
Vector20                                          ./build/obj/vectors.o
Vector24                                          ./build/obj/vectors.o
Vector28                                          ./build/obj/vectors.o
Vector34                                          ./build/obj/vectors.o
Vector40                                          ./build/obj/vectors.o
Vector44                                          ./build/obj/vectors.o
Vector48                                          ./build/obj/vectors.o
Vector4C                                          ./build/obj/vectors.o
Vector50                                          ./build/obj/vectors.o
Vector54                                          ./build/obj/vectors.o
Vector58                                          ./build/obj/vectors.o
Vector5C                                          ./build/obj/vectors.o
Vector60                                          ./build/obj/vectors.o
Vector64                                          ./build/obj/vectors.o
Vector68                                          ./build/obj/vectors.o
Vector6C                                          ./build/obj/vectors.o
Vector70                                          ./build/obj/vectors.o
Vector74                                          ./build/obj/vectors.o
Vector78                                          ./build/obj/vectors.o
Vector7C                                          ./build/obj/vectors.o
Vector80                                          ./build/obj/vectors.o
Vector84                                          ./build/obj/vectors.o
Vector88                                          ./build/obj/vectors.o
Vector8C                                          ./build/obj/vectors.o
Vector90                                          ./build/obj/vectors.o
Vector94                                          ./build/obj/vectors.o
Vector98                                          ./build/obj/vectors.o
Vector9C                                          ./build/obj/vectors.o
VectorA0                                          ./build/obj/vectors.o
VectorA4                                          ./build/obj/vectors.o
VectorA8                                          ./build/obj/vectors.o
VectorAC                                          ./build/obj/vectors.o
VectorB0                                          /tmp/cc2OxAja.ltrans0.ltrans.o
                                                  ./build/obj/stm32_isr.o (symbol from plugin)
                                                  ./build/obj/vectors.o
VectorB4                                          ./build/obj/vectors.o
VectorB8                                          ./build/obj/vectors.o
VectorBC                                          ./build/obj/vectors.o
VectorC0                                          ./build/obj/vectors.o
VectorC4                                          ./build/obj/vectors.o
VectorC8                                          ./build/obj/vectors.o
VectorCC                                          ./build/obj/vectors.o
VectorD0                                          ./build/obj/vectors.o
VectorD4                                          /tmp/cc2OxAja.ltrans0.ltrans.o
                                                  ./build/obj/stm32_isr.o (symbol from plugin)
                                                  ./build/obj/vectors.o
VectorD8                                          /tmp/cc2OxAja.ltrans0.ltrans.o
                                                  ./build/obj/stm32_isr.o (symbol from plugin)
                                                  ./build/obj/vectors.o
VectorDC                                          ./build/obj/vectors.o
VectorE0                                          ./build/obj/vectors.o
VectorE4                                          ./build/obj/vectors.o
VectorE8                                          ./build/obj/vectors.o
VectorEC                                          ./build/obj/vectors.o
VectorF0                                          ./build/obj/vectors.o
VectorF4                                          ./build/obj/vectors.o
VectorF8                                          ./build/obj/vectors.o
VectorFC                                          ./build/obj/vectors.o
__adddf3                                          /home/ubuntu/stm32-sandbox/toolchain/bin/../lib/gcc/arm-none-eabi/13.2.1/thumb/v7e-m/nofp/libgcc.a(_arm_addsubdf3.o)
__addsf3                                          /home/ubuntu/stm32-sandbox/toolchain/bin/../lib/gcc/arm-none-eabi/13.2.1/thumb/v7e-m/nofp/libgcc.a(_arm_addsubsf3.o)
__aeabi_cdcmpeq                                   /home/ubuntu/stm32-sandbox/toolchain/bin/../lib/gcc/arm-none-eabi/13.2.1/thumb/v7e-m/nofp/libgcc.a(_arm_cmpdf2.o)
__aeabi_cdcmple                                   /home/ubuntu/stm32-sandbox/toolchain/bin/../lib/gcc/arm-none-eabi/13.2.1/thumb/v7e-m/nofp/libgcc.a(_arm_cmpdf2.o)
__aeabi_cdrcmple                                  /home/ubuntu/stm32-sandbox/toolchain/bin/../lib/gcc/arm-none-eabi/13.2.1/thumb/v7e-m/nofp/libgcc.a(_arm_cmpdf2.o)
__aeabi_cfcmpeq                                   /home/ubuntu/stm32-sandbox/toolchain/bin/../lib/gcc/arm-none-eabi/13.2.1/thumb/v7e-m/nofp/libgcc.a(_arm_cmpsf2.o)
__aeabi_cfcmple                                   /home/ubuntu/stm32-sandbox/toolchain/bin/../lib/gcc/arm-none-eabi/13.2.1/thumb/v7e-m/nofp/libgcc.a(_arm_cmpsf2.o)
__aeabi_cfrcmple                                  /home/ubuntu/stm32-sandbox/toolchain/bin/../lib/gcc/arm-none-eabi/13.2.1/thumb/v7e-m/nofp/libgcc.a(_arm_cmpsf2.o)
__aeabi_d2f                                       /home/ubuntu/stm32-sandbox/toolchain/bin/../lib/gcc/arm-none-eabi/13.2.1/thumb/v7e-m/nofp/libgcc.a(_arm_truncdfsf2.o)
                                                  /tmp/cc2OxAja.ltrans0.ltrans.o
__aeabi_d2iz                                      /home/ubuntu/stm32-sandbox/toolchain/bin/../lib/gcc/arm-none-eabi/13.2.1/thumb/v7e-m/nofp/libgcc.a(_arm_fixdfsi.o)
                                                  /home/ubuntu/stm32-sandbox/toolchain/bin/../lib/gcc/arm-none-eabi/13.2.1/../../../../arm-none-eabi/lib/thumb/v7e-m/nofp/libm.a(libm_a-k_rem_pio2.o)
                                                  /home/ubuntu/stm32-sandbox/toolchain/bin/../lib/gcc/arm-none-eabi/13.2.1/../../../../arm-none-eabi/lib/thumb/v7e-m/nofp/libm.a(libm_a-e_rem_pio2.o)
                                                  /home/ubuntu/stm32-sandbox/toolchain/bin/../lib/gcc/arm-none-eabi/13.2.1/../../../../arm-none-eabi/lib/thumb/v7e-m/nofp/libm.a(libm_a-k_sin.o)
                                                  /home/ubuntu/stm32-sandbox/toolchain/bin/../lib/gcc/arm-none-eabi/13.2.1/../../../../arm-none-eabi/lib/thumb/v7e-m/nofp/libm.a(libm_a-k_cos.o)
__aeabi_dadd                                      /home/ubuntu/stm32-sandbox/toolchain/bin/../lib/gcc/arm-none-eabi/13.2.1/thumb/v7e-m/nofp/libgcc.a(_arm_addsubdf3.o)
                                                  /tmp/cc2OxAja.ltrans0.ltrans.o
                                                  /home/ubuntu/stm32-sandbox/toolchain/bin/../lib/gcc/arm-none-eabi/13.2.1/../../../../arm-none-eabi/lib/thumb/v7e-m/nofp/libm.a(libm_a-s_floor.o)
                                                  /home/ubuntu/stm32-sandbox/toolchain/bin/../lib/gcc/arm-none-eabi/13.2.1/../../../../arm-none-eabi/lib/thumb/v7e-m/nofp/libm.a(libm_a-s_scalbn.o)
                                                  /home/ubuntu/stm32-sandbox/toolchain/bin/../lib/gcc/arm-none-eabi/13.2.1/../../../../arm-none-eabi/lib/thumb/v7e-m/nofp/libm.a(libm_a-k_rem_pio2.o)
                                                  /home/ubuntu/stm32-sandbox/toolchain/bin/../lib/gcc/arm-none-eabi/13.2.1/../../../../arm-none-eabi/lib/thumb/v7e-m/nofp/libm.a(libm_a-e_rem_pio2.o)
                                                  /home/ubuntu/stm32-sandbox/toolchain/bin/../lib/gcc/arm-none-eabi/13.2.1/../../../../arm-none-eabi/lib/thumb/v7e-m/nofp/libm.a(libm_a-e_sqrt.o)
                                                  /home/ubuntu/stm32-sandbox/toolchain/bin/../lib/gcc/arm-none-eabi/13.2.1/../../../../arm-none-eabi/lib/thumb/v7e-m/nofp/libm.a(libm_a-k_sin.o)
                                                  /home/ubuntu/stm32-sandbox/toolchain/bin/../lib/gcc/arm-none-eabi/13.2.1/../../../../arm-none-eabi/lib/thumb/v7e-m/nofp/libm.a(libm_a-k_cos.o)
__aeabi_dcmpeq                                    /home/ubuntu/stm32-sandbox/toolchain/bin/../lib/gcc/arm-none-eabi/13.2.1/thumb/v7e-m/nofp/libgcc.a(_arm_cmpdf2.o)
                                                  /home/ubuntu/stm32-sandbox/toolchain/bin/../lib/gcc/arm-none-eabi/13.2.1/../../../../arm-none-eabi/lib/thumb/v7e-m/nofp/libm.a(libm_a-k_rem_pio2.o)
                                                  /home/ubuntu/stm32-sandbox/toolchain/bin/../lib/gcc/arm-none-eabi/13.2.1/../../../../arm-none-eabi/lib/thumb/v7e-m/nofp/libm.a(libm_a-e_rem_pio2.o)
__aeabi_dcmpge                                    /home/ubuntu/stm32-sandbox/toolchain/bin/../lib/gcc/arm-none-eabi/13.2.1/thumb/v7e-m/nofp/libgcc.a(_arm_cmpdf2.o)
                                                  /home/ubuntu/stm32-sandbox/toolchain/bin/../lib/gcc/arm-none-eabi/13.2.1/../../../../arm-none-eabi/lib/thumb/v7e-m/nofp/libm.a(libm_a-k_rem_pio2.o)
__aeabi_dcmpgt                                    /home/ubuntu/stm32-sandbox/toolchain/bin/../lib/gcc/arm-none-eabi/13.2.1/thumb/v7e-m/nofp/libgcc.a(_arm_cmpdf2.o)
                                                  /home/ubuntu/stm32-sandbox/toolchain/bin/../lib/gcc/arm-none-eabi/13.2.1/../../../../arm-none-eabi/lib/thumb/v7e-m/nofp/libm.a(libm_a-s_floor.o)
__aeabi_dcmple                                    /home/ubuntu/stm32-sandbox/toolchain/bin/../lib/gcc/arm-none-eabi/13.2.1/thumb/v7e-m/nofp/libgcc.a(_arm_cmpdf2.o)
                                                  /home/ubuntu/stm32-sandbox/toolchain/bin/../lib/gcc/arm-none-eabi/13.2.1/../../../../arm-none-eabi/lib/thumb/v7e-m/nofp/libm.a(libm_a-e_sqrt.o)