Archive member included to satisfy reference by file (symbol)

/usr/lib/gcc/arm-none-eabi/10.3.1/thumb/v7e-m/nofp/libgcc.a(_aeabi_ldivmod.o)
                              /tmp/ch.elf.xT2Gtg.ltrans0.ltrans.o (__aeabi_ldivmod)
/usr/lib/gcc/arm-none-eabi/10.3.1/thumb/v7e-m/nofp/libgcc.a(_aeabi_uldivmod.o)
                              /tmp/ch.elf.xT2Gtg.ltrans0.ltrans.o (__aeabi_uldivmod)
/usr/lib/gcc/arm-none-eabi/10.3.1/thumb/v7e-m/nofp/libgcc.a(_udivmoddi4.o)
                              /usr/lib/gcc/arm-none-eabi/10.3.1/thumb/v7e-m/nofp/libgcc.a(_aeabi_ldivmod.o) (__udivmoddi4)
/usr/lib/gcc/arm-none-eabi/10.3.1/thumb/v7e-m/nofp/libgcc.a(_dvmd_tls.o)
                              /usr/lib/gcc/arm-none-eabi/10.3.1/thumb/v7e-m/nofp/libgcc.a(_aeabi_ldivmod.o) (__aeabi_ldiv0)
/usr/lib/gcc/arm-none-eabi/10.3.1/../../../arm-none-eabi/lib/thumb/v7e-m/nofp/libg.a(lib_a-memcpy.o)
                              /tmp/ch.elf.xT2Gtg.ltrans0.ltrans.o (memcpy)
/usr/lib/gcc/arm-none-eabi/10.3.1/../../../arm-none-eabi/lib/thumb/v7e-m/nofp/libg.a(lib_a-memset.o)
                              /tmp/ch.elf.xT2Gtg.ltrans0.ltrans.o (memset)

Discarded input sections

 .data          0x0000000000000000        0x0 ./build/obj/crt0_v7m.o
 .bss           0x0000000000000000        0x0 ./build/obj/crt0_v7m.o
 .data          0x0000000000000000        0x0 ./build/obj/vectors.o
 .bss           0x0000000000000000        0x0 ./build/obj/vectors.o
 .data          0x0000000000000000        0x0 ./build/obj/chcoreasm.o
 .bss           0x0000000000000000        0x0 ./build/obj/chcoreasm.o
 .text          0x0000000000000000        0x0 /tmp/ch.elf.xT2Gtg.ltrans0.ltrans.o
 .data          0x0000000000000000        0x0 /tmp/ch.elf.xT2Gtg.ltrans0.ltrans.o
 .bss           0x0000000000000000        0x0 /tmp/ch.elf.xT2Gtg.ltrans0.ltrans.o
 .comment       0x0000000000000000       0x34 /tmp/ccw10Igg.debug.temp.o
 .debug_info    0x0000000000000000      0x13e /tmp/ccP3Q7ki.debug.temp.o
 .debug_abbrev  0x0000000000000000       0xda /tmp/ccP3Q7ki.debug.temp.o
 .debug_line    0x0000000000000000       0x82 /tmp/ccP3Q7ki.debug.temp.o
 .debug_str     0x0000000000000000      0x224 /tmp/ccP3Q7ki.debug.temp.o
 .comment       0x0000000000000000       0x34 /tmp/ccP3Q7ki.debug.temp.o
 .comment       0x0000000000000000       0x34 /tmp/ccQLfmeD.debug.temp.o
 .debug_info    0x0000000000000000      0x7ae /tmp/ccgPlt9a.debug.temp.o
 .debug_abbrev  0x0000000000000000      0x13c /tmp/ccgPlt9a.debug.temp.o
 .debug_line    0x0000000000000000       0x9e /tmp/ccgPlt9a.debug.temp.o
 .debug_str     0x0000000000000000      0x378 /tmp/ccgPlt9a.debug.temp.o
 .comment       0x0000000000000000       0x34 /tmp/ccgPlt9a.debug.temp.o
 .comment       0x0000000000000000       0x34 /tmp/cc3A8DxL.debug.temp.o
 .debug_info    0x0000000000000000      0xbe3 /tmp/cc6UETXo.debug.temp.o
 .debug_abbrev  0x0000000000000000      0x1be /tmp/cc6UETXo.debug.temp.o
 .debug_line    0x0000000000000000      0x1e3 /tmp/cc6UETXo.debug.temp.o
 .debug_str     0x0000000000000000      0x774 /tmp/cc6UETXo.debug.temp.o
 .comment       0x0000000000000000       0x34 /tmp/cc6UETXo.debug.temp.o
 .debug_info    0x0000000000000000      0xf50 /tmp/cc1C0Buh.debug.temp.o
 .debug_abbrev  0x0000000000000000      0x235 /tmp/cc1C0Buh.debug.temp.o
 .debug_line    0x0000000000000000      0x1fd /tmp/cc1C0Buh.debug.temp.o
 .debug_str     0x0000000000000000      0x8bc /tmp/cc1C0Buh.debug.temp.o
 .comment       0x0000000000000000       0x34 /tmp/cc1C0Buh.debug.temp.o
 .comment       0x0000000000000000       0x34 /tmp/cc1HwlXQ.debug.temp.o
 .debug_info    0x0000000000000000       0x79 /tmp/ccSmB50n.debug.temp.o
 .debug_abbrev  0x0000000000000000       0x26 /tmp/ccSmB50n.debug.temp.o
 .debug_line    0x0000000000000000       0x1e /tmp/ccSmB50n.debug.temp.o
 .debug_str     0x0000000000000000      0x1bc /tmp/ccSmB50n.debug.temp.o
 .comment       0x0000000000000000       0x34 /tmp/ccSmB50n.debug.temp.o
 .comment       0x0000000000000000       0x34 /tmp/ccmsZuJY.debug.temp.o
 .debug_info    0x0000000000000000      0x2c5 /tmp/ccBdSghX.debug.temp.o
 .debug_abbrev  0x0000000000000000      0x112 /tmp/ccBdSghX.debug.temp.o
 .debug_line    0x0000000000000000       0xe2 /tmp/ccBdSghX.debug.temp.o
 .debug_str     0x0000000000000000      0x28e /tmp/ccBdSghX.debug.temp.o
 .comment       0x0000000000000000       0x34 /tmp/ccBdSghX.debug.temp.o
 .comment       0x0000000000000000       0x34 /tmp/ccMEggtf.debug.temp.o
 .debug_info    0x0000000000000000      0x5de /tmp/ccfcYvPF.debug.temp.o
 .debug_abbrev  0x0000000000000000      0x13e /tmp/ccfcYvPF.debug.temp.o
 .debug_line    0x0000000000000000       0xf3 /tmp/ccfcYvPF.debug.temp.o
 .debug_str     0x0000000000000000      0x525 /tmp/ccfcYvPF.debug.temp.o
 .comment       0x0000000000000000       0x34 /tmp/ccfcYvPF.debug.temp.o
 .comment       0x0000000000000000       0x34 /tmp/ccTILzbe.debug.temp.o
 .comment       0x0000000000000000       0x34 /tmp/cc4PsyHi.debug.temp.o
[...]
Memory Configuration

Name             Origin             Length             Attributes
flash0           0x0000000008000000 0x0000000000080000 xr
flash1           0x0000000000000000 0x0000000000000000 xr
flash2           0x0000000000000000 0x0000000000000000 xr
flash3           0x0000000000000000 0x0000000000000000 xr
flash4           0x0000000000000000 0x0000000000000000 xr
flash5           0x0000000000000000 0x0000000000000000 xr
flash6           0x0000000000000000 0x0000000000000000 xr
flash7           0x0000000000000000 0x0000000000000000 xr
ram0             0x0000000020000000 0x0000000000018000 xw
ram1             0x0000000000000000 0x0000000000000000 xw
ram2             0x0000000000000000 0x0000000000000000 xw
ram3             0x0000000000000000 0x0000000000000000 xw
ram4             0x0000000000000000 0x0000000000000000 xw
ram5             0x0000000000000000 0x0000000000000000 xw
ram6             0x0000000000000000 0x0000000000000000 xw
ram7             0x0000000000000000 0x0000000000000000 xw
*default*        0x0000000000000000 0xffffffffffffffff

Linker script and memory map

LOAD ./build/obj/crt0_v7m.o
LOAD ./build/obj/vectors.o
LOAD ./build/obj/chcoreasm.o
LOAD ./build/obj/crt1.o
LOAD /tmp/ch.elf.xT2Gtg.ltrans0.ltrans.o
LOAD /tmp/ccw10Igg.debug.temp.o
LOAD /tmp/ccP3Q7ki.debug.temp.o
LOAD /tmp/ccQLfmeD.debug.temp.o
LOAD /tmp/ccgPlt9a.debug.temp.o
LOAD /tmp/cc3A8DxL.debug.temp.o
LOAD /tmp/cc6UETXo.debug.temp.o
LOAD /tmp/cc1C0Buh.debug.temp.o
LOAD /tmp/cc1HwlXQ.debug.temp.o
LOAD /tmp/ccSmB50n.debug.temp.o
LOAD /tmp/ccmsZuJY.debug.temp.o
LOAD /tmp/ccBdSghX.debug.temp.o
LOAD /tmp/ccMEggtf.debug.temp.o
LOAD /tmp/ccfcYvPF.debug.temp.o
LOAD /tmp/ccTILzbe.debug.temp.o
LOAD /tmp/cc4PsyHi.debug.temp.o
LOAD /tmp/cc7bs0RE.debug.temp.o
LOAD /tmp/cc29eF6p.debug.temp.o
LOAD /tmp/ccNRsRKG.debug.temp.o
LOAD /tmp/ccZS8PhH.debug.temp.o
LOAD /tmp/ccesW5ur.debug.temp.o
LOAD /tmp/ccMhpXL2.debug.temp.o
LOAD /tmp/ccJBtHUs.debug.temp.o
LOAD /tmp/cchEd1Mn.debug.temp.o
LOAD /tmp/cczE3G6y.debug.temp.o
LOAD /tmp/ccarS8Ko.debug.temp.o
LOAD /tmp/ccb999sN.debug.temp.o
LOAD /tmp/ccR2liuB.debug.temp.o
LOAD /tmp/ccxras66.debug.temp.o
LOAD /tmp/ccTDymJJ.debug.temp.o
LOAD /tmp/cctohfQD.debug.temp.o
LOAD /tmp/cc8QsqbE.debug.temp.o
LOAD /tmp/ccc3a1cx.debug.temp.o
LOAD /tmp/cca38RuM.debug.temp.o
LOAD /tmp/ccg0oY5V.debug.temp.o
LOAD /tmp/ccGr7Y73.debug.temp.o
LOAD /tmp/ccwUi1Km.debug.temp.o
LOAD /tmp/ccNdjaiw.debug.temp.o
LOAD /tmp/ccosJHM4.debug.temp.o
LOAD /tmp/cc6Ucmd6.debug.temp.o
LOAD /tmp/ccGYzDj1.debug.temp.o
LOAD /tmp/cczwmF2a.debug.temp.o
LOAD /tmp/ccWw3gIA.debug.temp.o
LOAD /tmp/ccnnmjkh.debug.temp.o
LOAD /tmp/cc08lTF5.debug.temp.o
LOAD /tmp/ccp3IIa9.debug.temp.o
LOAD /tmp/ccWq1BJX.debug.temp.o
LOAD /tmp/ccFBSlqa.debug.temp.o
LOAD /tmp/cc6oksq5.debug.temp.o
LOAD /tmp/ccp76F8e.debug.temp.o
LOAD /tmp/cc77IgZI.debug.temp.o
LOAD /tmp/ccBD0hCg.debug.temp.o
LOAD /tmp/ccOx5EqI.debug.temp.o
LOAD /tmp/cc25Zqgg.debug.temp.o
LOAD /tmp/ccoWrrzx.debug.temp.o
LOAD /tmp/cc1ai5S4.debug.temp.o
LOAD /tmp/cce8GMwu.debug.temp.o
LOAD /tmp/ccfHQZMc.debug.temp.o
LOAD /tmp/ccrM0DgR.debug.temp.o
LOAD /tmp/ccPVUs4A.debug.temp.o
LOAD /tmp/ccKaEugP.debug.temp.o
LOAD /tmp/ccGta0zL.debug.temp.o
LOAD /tmp/cchrPpwm.debug.temp.o
LOAD /tmp/ccFQZPFi.debug.temp.o
LOAD /tmp/ccH2bet4.debug.temp.o
LOAD /tmp/ccWRRlGu.debug.temp.o
LOAD /tmp/cc7IcLfL.debug.temp.o
LOAD /tmp/ccSznTSG.debug.temp.o
LOAD /tmp/ccYlKx98.debug.temp.o
LOAD /tmp/ccId8NBa.debug.temp.o
LOAD /tmp/ccvYmwtM.debug.temp.o
LOAD /tmp/ccB1h0fx.debug.temp.o
LOAD /tmp/cciv3kjR.debug.temp.o
LOAD /tmp/cc0mNjdb.debug.temp.o
LOAD /tmp/cc2a9ap6.debug.temp.o
LOAD /tmp/ccFtgycR.debug.temp.o
LOAD /tmp/ccjA7vtQ.debug.temp.o
LOAD /tmp/cczCYlwT.debug.temp.o
LOAD /tmp/ccYKAWdK.debug.temp.o
LOAD /tmp/ccz0vS6w.debug.temp.o
LOAD /tmp/ccaEvwkT.debug.temp.o
LOAD ./build/obj/oop_base_object.o
LOAD ./build/obj/hal.o
LOAD ./build/obj/hal_safety.o
LOAD ./build/obj/hal_st.o
LOAD ./build/obj/hal_buffered_serial.o
LOAD ./build/obj/hal_buffers.o
LOAD ./build/obj/hal_queues.o
LOAD ./build/obj/hal_mmcsd.o
LOAD ./build/obj/hal_i2c.o
LOAD ./build/obj/hal_pal.o
LOAD ./build/obj/hal_serial.o
LOAD ./build/obj/hal_flash.o
LOAD ./build/obj/nvic.o
LOAD ./build/obj/stm32_isr.o
LOAD ./build/obj/hal_lld.o
LOAD ./build/obj/hal_efl_lld.o
LOAD ./build/obj/stm32_dma.o
LOAD ./build/obj/stm32_exti.o
LOAD ./build/obj/hal_pal_lld.o
LOAD ./build/obj/hal_i2c_lld.o
LOAD ./build/obj/hal_st_lld.o
LOAD ./build/obj/hal_serial_lld.o
LOAD ./build/obj/board.o
LOAD ./build/obj/osal.o
LOAD ./build/obj/chsys.o
LOAD ./build/obj/chsafety.o
LOAD ./build/obj/chrfcu.o
LOAD ./build/obj/chdebug.o
LOAD ./build/obj/chtrace.o
LOAD ./build/obj/chvt.o
LOAD ./build/obj/chschd.o
LOAD ./build/obj/chinstances.o
LOAD ./build/obj/chthreads.o
LOAD ./build/obj/chtm.o
LOAD ./build/obj/chregistry.o
LOAD ./build/obj/chsem.o
LOAD ./build/obj/chmtx.o
LOAD ./build/obj/chcond.o
LOAD ./build/obj/chevents.o
LOAD ./build/obj/chmsg.o
LOAD ./build/obj/chdynamic.o
LOAD ./build/obj/chmemchecks.o
LOAD ./build/obj/chmboxes.o
LOAD ./build/obj/chmemcore.o
LOAD ./build/obj/chmemheaps.o
LOAD ./build/obj/chmempools.o
LOAD ./build/obj/chpipes.o
LOAD ./build/obj/chobjcaches.o
LOAD ./build/obj/chdelegates.o
LOAD ./build/obj/chfactory.o
LOAD ./build/obj/chcore.o
LOAD ./build/obj/ch_test.o
LOAD ./build/obj/ch_test_printf.o
LOAD ./build/obj/rt_test_root.o
LOAD ./build/obj/rt_test_sequence_001.o
LOAD ./build/obj/rt_test_sequence_002.o
LOAD ./build/obj/rt_test_sequence_003.o
LOAD ./build/obj/rt_test_sequence_004.o
LOAD ./build/obj/rt_test_sequence_005.o
LOAD ./build/obj/rt_test_sequence_006.o
LOAD ./build/obj/rt_test_sequence_007.o
LOAD ./build/obj/rt_test_sequence_008.o
LOAD ./build/obj/rt_test_sequence_009.o
LOAD ./build/obj/rt_test_sequence_010.o
LOAD ./build/obj/rt_test_sequence_011.o
LOAD ./build/obj/rt_test_sequence_012.o
LOAD ./build/obj/oslib_test_root.o
LOAD ./build/obj/oslib_test_sequence_001.o
LOAD ./build/obj/oslib_test_sequence_002.o
LOAD ./build/obj/oslib_test_sequence_003.o
LOAD ./build/obj/oslib_test_sequence_004.o
LOAD ./build/obj/oslib_test_sequence_005.o
LOAD ./build/obj/oslib_test_sequence_006.o
LOAD ./build/obj/oslib_test_sequence_007.o
LOAD ./build/obj/oslib_test_sequence_008.o
LOAD ./build/obj/oslib_test_sequence_009.o
LOAD ./build/obj/main.o
LOAD ./build/obj/vl53l0x.o
LOAD ./build/obj/sensor_distance.o

.mstack         0x0000000020000000      0x400
                0x0000000020000000                . = ALIGN (0x8)
                0x0000000020000000                __main_stack_base__ = .
                0x0000000020000400                . = (. + __main_stack_size__)
 *fill*         0x0000000020000000      0x400 
                0x0000000020000400                . = ALIGN (0x8)
                0x0000000020000400                __main_stack_end__ = .

.pstack         0x0000000020000400      0x400
                0x0000000020000400                . = ALIGN (0x8)
                0x0000000020000400                __process_stack_base__ = .
                0x0000000020000400                __main_thread_stack_base__ = .
                0x0000000020000800                . = (. + __process_stack_size__)
 *fill*         0x0000000020000400      0x400 
                0x0000000020000800                . = ALIGN (0x8)
                0x0000000020000800                __process_stack_end__ = .
                0x0000000020000800                __main_thread_stack_end__ = .
                0x0000000000000400                __vectors_align__ = DEFINED (__vectors_align__)?__vectors_align__:0x400

.vectors        0x0000000008000000      0x1e0
                0x0000000008000000                __textvectors_base__ = LOADADDR (.vectors)
                0x0000000008000000                __vectors_base__ = .
 *(.vectors)
 .vectors       0x0000000008000000      0x1e0 ./build/obj/vectors.o
                0x0000000008000000                _vectors
                0x00000000080001e0                __vectors_end__ = .

.xtors          0x00000000080001e0        0x0
                0x00000000080001e0                __init_array_base__ = .
 *(SORT_BY_NAME(.init_array.*))
 *(.init_array)
                0x00000000080001e0                __init_array_end__ = .
                0x00000000080001e0                __fini_array_base__ = .
 *(.fini_array)
 *(SORT_BY_NAME(.fini_array.*))
                0x00000000080001e0                __fini_array_end__ = .

.text           0x00000000080001e0     0x4354
                0x00000000080001e0                __text_base__ = .
 *(.text)
 .text          0x00000000080001e0       0xd8 ./build/obj/crt0_v7m.o
                0x00000000080001e0                _crt0_entry
 .text          0x00000000080002b8        0x8 ./build/obj/vectors.o
                0x00000000080002b8                Reset_Handler
                0x00000000080002ba                Vector58
                0x00000000080002ba                VectorE8
                0x00000000080002ba                Vector9C
                0x00000000080002ba                VectorAC
                0x00000000080002ba                DebugMon_Handler
                0x00000000080002ba                Vector1A0
                0x00000000080002ba                Vector5C
                0x00000000080002ba                Vector11C
                0x00000000080002ba                HardFault_Handler
                0x00000000080002ba                Vector1B8
                0x00000000080002ba                Vector19C
                0x00000000080002ba                Vector8C
                0x00000000080002ba                SysTick_Handler
                0x00000000080002ba                VectorDC
                0x00000000080002ba                PendSV_Handler
                0x00000000080002ba                Vector168
                0x00000000080002ba                NMI_Handler
                0x00000000080002ba                Vector110
                0x00000000080002ba                Vector1D8
                0x00000000080002ba                VectorC8
                0x00000000080002ba                Vector94
                0x00000000080002ba                VectorA8
                0x00000000080002ba                VectorB4
                0x00000000080002ba                Vector160
                0x00000000080002ba                Vector1B0
                0x00000000080002ba                UsageFault_Handler
                0x00000000080002ba                VectorEC
                0x00000000080002ba                Vector40
                0x00000000080002ba                VectorF8
                0x00000000080002ba                Vector108
                0x00000000080002ba                Vector190
                0x00000000080002ba                Vector1C4
                0x00000000080002ba                Vector1CC
                0x00000000080002ba                Vector148
                0x00000000080002ba                Vector188
                0x00000000080002ba                Vector198
                0x00000000080002ba                Vector118
                0x00000000080002ba                Vector64
                0x00000000080002ba                VectorCC
                0x00000000080002ba                Vector54
                0x00000000080002ba                Vector98
                0x00000000080002ba                Vector138
                0x00000000080002ba                Vector24
                0x00000000080002ba                Vector1AC
                0x00000000080002ba                Vector178
                0x00000000080002ba                SecureFault_Handler
                0x00000000080002ba                Vector1A4
                0x00000000080002ba                VectorD0
                0x00000000080002ba                Vector1B4
                0x00000000080002ba                Vector140
                0x00000000080002ba                VectorE4
                0x00000000080002ba                Vector1C0
                0x00000000080002ba                Vector134
                0x00000000080002ba                Vector1D0
                0x00000000080002ba                VectorF0
                0x00000000080002ba                Vector13C
                0x00000000080002ba                Vector100
                0x00000000080002ba                VectorE0
                0x00000000080002ba                VectorF4
                0x00000000080002ba                MemManage_Handler
                0x00000000080002ba                VectorA0
                0x00000000080002ba                VectorC4
                0x00000000080002ba                Vector180
                0x00000000080002ba                Vector90
                0x00000000080002ba                Vector114
                0x00000000080002ba                Vector164
                0x00000000080002ba                Vector60
                0x00000000080002ba                Vector1BC
                0x00000000080002ba                Vector1D4
                0x00000000080002ba                Vector17C
                0x00000000080002ba                Vector48
                0x00000000080002ba                Vector1A8
                0x00000000080002ba                Vector16C
                0x00000000080002ba                Vector4C
                0x00000000080002ba                Vector144
                0x00000000080002ba                Vector15C
                0x00000000080002ba                Vector68
                0x00000000080002ba                Vector170
                0x00000000080002ba                Vector88
                0x00000000080002ba                Vector104
                0x00000000080002ba                Vector184
                0x00000000080002ba                Vector10C
                0x00000000080002ba                Vector14C
                0x00000000080002ba                BusFault_Handler
                0x00000000080002ba                Vector50
                0x00000000080002ba                Vector1C8
                0x00000000080002ba                Vector194
                0x00000000080002ba                Vector1DC
                0x00000000080002ba                Vector44
                0x00000000080002ba                Vector28
                0x00000000080002ba                VectorB8
                0x00000000080002ba                Vector34
                0x00000000080002ba                VectorA4
                0x00000000080002ba                Vector20
                0x00000000080002ba                Vector18C
                0x00000000080002ba                Vector174
                0x00000000080002be                _unhandled_exception
 .text          0x00000000080002c0       0x2a ./build/obj/chcoreasm.o
                0x00000000080002c0                __port_switch
                0x00000000080002d0                __port_thread_start
                0x00000000080002e2                __port_switch_from_isr
                0x00000000080002e6                __port_exit_from_isr
 *fill*         0x00000000080002ea        0x2 
 .text          0x00000000080002ec       0x30 /usr/lib/gcc/arm-none-eabi/10.3.1/thumb/v7e-m/nofp/libgcc.a(_aeabi_uldivmod.o)
                0x00000000080002ec                __aeabi_uldivmod
 .text          0x000000000800031c      0x2d0 /usr/lib/gcc/arm-none-eabi/10.3.1/thumb/v7e-m/nofp/libgcc.a(_udivmoddi4.o)
                0x000000000800031c                __udivmoddi4
 .text          0x00000000080005ec        0x4 /usr/lib/gcc/arm-none-eabi/10.3.1/thumb/v7e-m/nofp/libgcc.a(_dvmd_tls.o)
                0x00000000080005ec                __aeabi_ldiv0
                0x00000000080005ec                __aeabi_idiv0
 .text          0x00000000080005f0      0x134 /usr/lib/gcc/arm-none-eabi/10.3.1/../../../arm-none-eabi/lib/thumb/v7e-m/nofp/libg.a(lib_a-memcpy.o)
                0x00000000080005f0                memcpy
 .text          0x0000000008000724       0xa4 /usr/lib/gcc/arm-none-eabi/10.3.1/../../../arm-none-eabi/lib/thumb/v7e-m/nofp/libg.a(lib_a-memset.o)
                0x0000000008000724                memset
 *(.text.*)
 *fill*         0x00000000080007c8        0x8 
 .text._ctl     0x00000000080007d0        0xc /tmp/ch.elf.xT2Gtg.ltrans0.ltrans.o
 *fill*         0x00000000080007dc        0x4 
 .text._pal_lld_setgroupmode
                0x00000000080007e0       0xd4 /tmp/ch.elf.xT2Gtg.ltrans0.ltrans.o
 *fill*         0x00000000080008b4        0xc 
 .text.notify1  0x00000000080008c0       0x10 /tmp/ch.elf.xT2Gtg.ltrans0.ltrans.o
 .text.notify2  0x00000000080008d0       0x10 /tmp/ch.elf.xT2Gtg.ltrans0.ltrans.o
 .text.chSysHalt
                0x00000000080008e0       0x18 /tmp/ch.elf.xT2Gtg.ltrans0.ltrans.o
 *fill*         0x00000000080008f8        0x8 
 .text.i2c_lld_serve_tx_end_irq
                0x0000000008000900       0x3c /tmp/ch.elf.xT2Gtg.ltrans0.ltrans.o
 *fill*         0x000000000800093c        0x4 
 .text.__idle_thread
                0x0000000008000940        0x4 /tmp/ch.elf.xT2Gtg.ltrans0.ltrans.o
 *fill*         0x0000000008000944        0xc 
 .text.chTMStartMeasurementX
                0x0000000008000950        0xc /tmp/ch.elf.xT2Gtg.ltrans0.ltrans.o
 *fill*         0x000000000800095c        0x4 
 .text.chTMStopMeasurementX
                0x0000000008000960       0x44 /tmp/ch.elf.xT2Gtg.ltrans0.ltrans.o
 *fill*         0x00000000080009a4        0xc 
 .text.chCoreAllocAlignedI
                0x00000000080009b0       0x30 /tmp/ch.elf.xT2Gtg.ltrans0.ltrans.o
 .text.mavlink_sha256_calc
                0x00000000080009e0      0x144 /tmp/ch.elf.xT2Gtg.ltrans0.ltrans.o
 *fill*         0x0000000008000b24        0xc 
 .text.dmaStreamAllocI.part.0.constprop.0
                0x0000000008000b30       0xac /tmp/ch.elf.xT2Gtg.ltrans0.ltrans.o
 *fill*         0x0000000008000bdc        0x4 
 .text.sdObjectInit.constprop.0
                0x0000000008000be0       0x58 /tmp/ch.elf.xT2Gtg.ltrans0.ltrans.o
 *fill*         0x0000000008000c38        0x8 
 .text.__sch_ready_ahead
                0x0000000008000c40       0x44 /tmp/ch.elf.xT2Gtg.ltrans0.ltrans.o
 *fill*         0x0000000008000c84        0xc 
 .text.__sch_ready_behind.isra.0
                0x0000000008000c90       0x44 /tmp/ch.elf.xT2Gtg.ltrans0.ltrans.o
 *fill*         0x0000000008000cd4        0xc 
 .text.i2c_lld_serve_rx_end_irq
                0x0000000008000ce0       0x78 /tmp/ch.elf.xT2Gtg.ltrans0.ltrans.o
 *fill*         0x0000000008000d58        0x8 
 .text.__sch_wakeup
                0x0000000008000d60       0x4c /tmp/ch.elf.xT2Gtg.ltrans0.ltrans.o
 *fill*         0x0000000008000dac        0x4 
 .text.chEvtBroadcastFlagsI
                0x0000000008000db0       0x58 /tmp/ch.elf.xT2Gtg.ltrans0.ltrans.o
 *fill*         0x0000000008000e08        0x8 
 .text.chThdResumeI
                0x0000000008000e10       0x4c /tmp/ch.elf.xT2Gtg.ltrans0.ltrans.o
 *fill*         0x0000000008000e5c        0x4 
 .text.chCoreAllocFromTop
                0x0000000008000e60       0x60 /tmp/ch.elf.xT2Gtg.ltrans0.ltrans.o
 .text.vt_insert_first.constprop.0
                0x0000000008000ec0       0x84 /tmp/ch.elf.xT2Gtg.ltrans0.ltrans.o
 *fill*         0x0000000008000f44        0xc 
 .text.vt_set_alarm.constprop.0
                0x0000000008000f50       0x60 /tmp/ch.elf.xT2Gtg.ltrans0.ltrans.o
 .text.chThdDequeueNextI.constprop.0
                0x0000000008000fb0       0x30 /tmp/ch.elf.xT2Gtg.ltrans0.ltrans.o
 .text.sd_lld_serve_interrupt
                0x0000000008000fe0      0x180 /tmp/ch.elf.xT2Gtg.ltrans0.ltrans.o
 .text.chSchGoSleepS
                0x0000000008001160       0x60 /tmp/ch.elf.xT2Gtg.ltrans0.ltrans.o
 .text.chSchGoSleepTimeoutS
                0x00000000080011c0      0x104 /tmp/ch.elf.xT2Gtg.ltrans0.ltrans.o
 *fill*         0x00000000080012c4        0xc 
 .text.oqWriteTimeout
                0x00000000080012d0      0x11c /tmp/ch.elf.xT2Gtg.ltrans0.ltrans.o
 *fill*         0x00000000080013ec        0x4 
 .text._write   0x00000000080013f0        0xc /tmp/ch.elf.xT2Gtg.ltrans0.ltrans.o
 *fill*         0x00000000080013fc        0x4 
 .text._writet  0x0000000008001400        0x8 /tmp/ch.elf.xT2Gtg.ltrans0.ltrans.o
 *fill*         0x0000000008001408        0x8 
 .text.mav_send
                0x0000000008001410      0x11c /tmp/ch.elf.xT2Gtg.ltrans0.ltrans.o
 *fill*         0x000000000800152c        0x4 
 .text.iqGetTimeout
                0x0000000008001530       0x98 /tmp/ch.elf.xT2Gtg.ltrans0.ltrans.o
 *fill*         0x00000000080015c8        0x8 
 .text._get     0x00000000080015d0        0xc /tmp/ch.elf.xT2Gtg.ltrans0.ltrans.o
 *fill*         0x00000000080015dc        0x4 
 .text._gett    0x00000000080015e0        0x8 /tmp/ch.elf.xT2Gtg.ltrans0.ltrans.o
 *fill*         0x00000000080015e8        0x8 
 .text.iqReadTimeout
                0x00000000080015f0      0x118 /tmp/ch.elf.xT2Gtg.ltrans0.ltrans.o
 *fill*         0x0000000008001708        0x8 
 .text._read    0x0000000008001710        0xc /tmp/ch.elf.xT2Gtg.ltrans0.ltrans.o
 *fill*         0x000000000800171c        0x4 
 .text._readt   0x0000000008001720        0x8 /tmp/ch.elf.xT2Gtg.ltrans0.ltrans.o
 *fill*         0x0000000008001728        0x8 
 .text.oqPutTimeout
                0x0000000008001730       0x98 /tmp/ch.elf.xT2Gtg.ltrans0.ltrans.o
 *fill*         0x00000000080017c8        0x8 
 .text._put     0x00000000080017d0        0xc /tmp/ch.elf.xT2Gtg.ltrans0.ltrans.o
 *fill*         0x00000000080017dc        0x4 
 .text._putt    0x00000000080017e0        0x8 /tmp/ch.elf.xT2Gtg.ltrans0.ltrans.o
 *fill*         0x00000000080017e8        0x8 
 .text.LedThread
                0x00000000080017f0      0x174 /tmp/ch.elf.xT2Gtg.ltrans0.ltrans.o
 *fill*         0x0000000008001964        0xc 
 .text.i2c_lld_master_transmit_timeout.constprop.0
                0x0000000008001970      0x148 /tmp/ch.elf.xT2Gtg.ltrans0.ltrans.o
 *fill*         0x0000000008001ab8        0x8 
 .text.i2cMasterTransmitTimeout.constprop.0.isra.0
                0x0000000008001ac0       0x64 /tmp/ch.elf.xT2Gtg.ltrans0.ltrans.o
 *fill*         0x0000000008001b24        0xc 
 .text.read_reg8
                0x0000000008001b30       0x7c /tmp/ch.elf.xT2Gtg.ltrans0.ltrans.o
 *fill*         0x0000000008001bac        0x4 
 .text.write_reg8.isra.0
                0x0000000008001bb0       0x70 /tmp/ch.elf.xT2Gtg.ltrans0.ltrans.o
 .text.perform_single_ref_calibration
                0x0000000008001c20       0xb0 /tmp/ch.elf.xT2Gtg.ltrans0.ltrans.o
 .text.chThdCreateStatic.constprop.0.isra.0
                0x0000000008001cd0      0x22c /tmp/ch.elf.xT2Gtg.ltrans0.ltrans.o
 *fill*         0x0000000008001efc        0x4 
 .text.mavlink_sign_packet.isra.0
                0x0000000008001f00      0x3d4 /tmp/ch.elf.xT2Gtg.ltrans0.ltrans.o
 *fill*         0x00000000080022d4        0xc 
 .text.sensor_distance_send
                0x00000000080022e0      0x294 /tmp/ch.elf.xT2Gtg.ltrans0.ltrans.o
 *fill*         0x0000000008002574        0xc 
 .text.SensorThread
                0x0000000008002580       0xdc /tmp/ch.elf.xT2Gtg.ltrans0.ltrans.o
 *fill*         0x000000000800265c        0x4 
 .text.sensor_distance_send_heartbeat
                0x0000000008002660      0x1d4 /tmp/ch.elf.xT2Gtg.ltrans0.ltrans.o
 *fill*         0x0000000008002834        0xc 
 .text.__cpu_init
                0x0000000008002840        0x4 /tmp/ch.elf.xT2Gtg.ltrans0.ltrans.o
                0x0000000008002840                __cpu_init
 *fill*         0x0000000008002844        0xc 
 .text.__late_init
                0x0000000008002850        0x4 /tmp/ch.elf.xT2Gtg.ltrans0.ltrans.o
                0x0000000008002850                __late_init
 *fill*         0x0000000008002854        0xc 
 .text.__default_exit
                0x0000000008002860        0x4 /tmp/ch.elf.xT2Gtg.ltrans0.ltrans.o
                0x0000000008002860                __default_exit
 *fill*         0x0000000008002864        0xc 
 .text.__init_ram_areas
                0x0000000008002870       0x6c /tmp/ch.elf.xT2Gtg.ltrans0.ltrans.o
                0x0000000008002870                __init_ram_areas
 *fill*         0x00000000080028dc        0x4 
 .text.VectorD4
                0x00000000080028e0       0x58 /tmp/ch.elf.xT2Gtg.ltrans0.ltrans.o
                0x00000000080028e0                VectorD4
 *fill*         0x0000000008002938        0x8 
 .text.VectorD8
                0x0000000008002940       0x58 /tmp/ch.elf.xT2Gtg.ltrans0.ltrans.o
                0x0000000008002940                VectorD8
 *fill*         0x0000000008002998        0x8 
 .text.VectorB0
                0x00000000080029a0      0x140 /tmp/ch.elf.xT2Gtg.ltrans0.ltrans.o
                0x00000000080029a0                VectorB0
 .text.Vector6C
                0x0000000008002ae0       0x6c /tmp/ch.elf.xT2Gtg.ltrans0.ltrans.o
                0x0000000008002ae0                Vector6C
 *fill*         0x0000000008002b4c        0x4 
 .text.Vector70
                0x0000000008002b50       0x70 /tmp/ch.elf.xT2Gtg.ltrans0.ltrans.o
                0x0000000008002b50                Vector70
 .text.Vector74
                0x0000000008002bc0       0x70 /tmp/ch.elf.xT2Gtg.ltrans0.ltrans.o
                0x0000000008002bc0                Vector74
 .text.Vector78
                0x0000000008002c30       0x70 /tmp/ch.elf.xT2Gtg.ltrans0.ltrans.o
                0x0000000008002c30                Vector78
 .text.Vector7C
                0x0000000008002ca0       0x6c /tmp/ch.elf.xT2Gtg.ltrans0.ltrans.o
                0x0000000008002ca0                Vector7C
 *fill*         0x0000000008002d0c        0x4 
 .text.Vector80
                0x0000000008002d10       0x70 /tmp/ch.elf.xT2Gtg.ltrans0.ltrans.o
                0x0000000008002d10                Vector80
 .text.Vector84
                0x0000000008002d80       0x70 /tmp/ch.elf.xT2Gtg.ltrans0.ltrans.o
                0x0000000008002d80                Vector84
 .text.VectorFC
                0x0000000008002df0       0x70 /tmp/ch.elf.xT2Gtg.ltrans0.ltrans.o
                0x0000000008002df0                VectorFC
 .text.Vector120
                0x0000000008002e60       0x6c /tmp/ch.elf.xT2Gtg.ltrans0.ltrans.o
                0x0000000008002e60                Vector120
 *fill*         0x0000000008002ecc        0x4 
 .text.Vector124
                0x0000000008002ed0       0x70 /tmp/ch.elf.xT2Gtg.ltrans0.ltrans.o
                0x0000000008002ed0                Vector124
 .text.Vector128
                0x0000000008002f40       0x70 /tmp/ch.elf.xT2Gtg.ltrans0.ltrans.o
                0x0000000008002f40                Vector128
 .text.Vector12C
                0x0000000008002fb0       0x70 /tmp/ch.elf.xT2Gtg.ltrans0.ltrans.o
                0x0000000008002fb0                Vector12C
 .text.Vector130
                0x0000000008003020       0x6c /tmp/ch.elf.xT2Gtg.ltrans0.ltrans.o
                0x0000000008003020                Vector130
 *fill*         0x000000000800308c        0x4 
 .text.Vector150
                0x0000000008003090       0x70 /tmp/ch.elf.xT2Gtg.ltrans0.ltrans.o
                0x0000000008003090                Vector150
 .text.Vector154
                0x0000000008003100       0x70 /tmp/ch.elf.xT2Gtg.ltrans0.ltrans.o
                0x0000000008003100                Vector154
 .text.Vector158
                0x0000000008003170       0x70 /tmp/ch.elf.xT2Gtg.ltrans0.ltrans.o
                0x0000000008003170                Vector158
 .text.VectorBC
                0x00000000080031e0      0x1a4 /tmp/ch.elf.xT2Gtg.ltrans0.ltrans.o
                0x00000000080031e0                VectorBC
 *fill*         0x0000000008003384        0xc 
 .text.VectorC0
                0x0000000008003390      0x11c /tmp/ch.elf.xT2Gtg.ltrans0.ltrans.o
                0x0000000008003390                VectorC0
 *fill*         0x00000000080034ac        0x4 
 .text.__early_init
                0x00000000080034b0      0x1e8 /tmp/ch.elf.xT2Gtg.ltrans0.ltrans.o
                0x00000000080034b0                __early_init
 *fill*         0x0000000008003698        0x8 
 .text.chSchDoPreemption
                0x00000000080036a0       0x40 /tmp/ch.elf.xT2Gtg.ltrans0.ltrans.o
                0x00000000080036a0                chSchDoPreemption
 .text.chThdExit
                0x00000000080036e0       0x54 /tmp/ch.elf.xT2Gtg.ltrans0.ltrans.o
                0x00000000080036e0                chThdExit
 *fill*         0x0000000008003734        0xc 
 .text.SVC_Handler
                0x0000000008003740       0x14 /tmp/ch.elf.xT2Gtg.ltrans0.ltrans.o
                0x0000000008003740                SVC_Handler
 *fill*         0x0000000008003754        0xc 
 .text.startup.main
                0x0000000008003760      0xdd4 /tmp/ch.elf.xT2Gtg.ltrans0.ltrans.o
                0x0000000008003760                main
 *(.glue_7t)
 .glue_7t       0x0000000008004534        0x0 linker stubs
 *(.glue_7)
 .glue_7        0x0000000008004534        0x0 linker stubs
 *(.gcc*)
                0x0000000008004534                __text_end__ = .

.vfp11_veneer   0x0000000008004534        0x0
 .vfp11_veneer  0x0000000008004534        0x0 linker stubs

.v4_bx          0x0000000008004534        0x0
 .v4_bx         0x0000000008004534        0x0 linker stubs

.iplt           0x0000000008004534        0x0
 .iplt          0x0000000008004534        0x0 ./build/obj/crt0_v7m.o

.rodata         0x0000000008004534      0x4dc
                0x0000000008004534                __rodata_base__ = .
 *(.rodata)
 *(.rodata.*)
 .rodata.i2c_lld_serve_tx_end_irq.str1.4
                0x0000000008004534        0xc /tmp/ch.elf.xT2Gtg.ltrans0.ltrans.o
 .rodata.chSchGoSleepS.str1.4
                0x0000000008004540        0xf /tmp/ch.elf.xT2Gtg.ltrans0.ltrans.o
 *fill*         0x000000000800454f        0x1 
 .rodata.chThdCreateStatic.constprop.0.isra.0.str1.4
                0x0000000008004550        0x7 /tmp/ch.elf.xT2Gtg.ltrans0.ltrans.o
 *fill*         0x0000000008004557        0x1 
 .rodata.main.str1.4
                0x0000000008004558        0xd /tmp/ch.elf.xT2Gtg.ltrans0.ltrans.o
 *fill*         0x0000000008004565        0x3 
 .rodata.str1.4
                0x0000000008004568        0x3 /tmp/ch.elf.xT2Gtg.ltrans0.ltrans.o
 *fill*         0x000000000800456b        0x1 
 .rodata.__func__.0.lto_priv.0
                0x000000000800456c        0xc /tmp/ch.elf.xT2Gtg.ltrans0.ltrans.o
 .rodata.__func__.0.lto_priv.1
                0x0000000008004578        0xc /tmp/ch.elf.xT2Gtg.ltrans0.ltrans.o
 .rodata.__func__.0.lto_priv.3
                0x0000000008004584       0x14 /tmp/ch.elf.xT2Gtg.ltrans0.ltrans.o
 .rodata.__func__.0.lto_priv.4
                0x0000000008004598       0x17 /tmp/ch.elf.xT2Gtg.ltrans0.ltrans.o
 *fill*         0x00000000080045af        0x1 
 .rodata.__func__.0.lto_priv.5
                0x00000000080045b0       0x15 /tmp/ch.elf.xT2Gtg.ltrans0.ltrans.o
 *fill*         0x00000000080045c5        0x3 
 .rodata.__func__.0.lto_priv.7
                0x00000000080045c8       0x10 /tmp/ch.elf.xT2Gtg.ltrans0.ltrans.o
 .rodata.__func__.0.lto_priv.8
                0x00000000080045d8        0xc /tmp/ch.elf.xT2Gtg.ltrans0.ltrans.o
 .rodata.__func__.1.lto_priv.0
                0x00000000080045e4        0xb /tmp/ch.elf.xT2Gtg.ltrans0.ltrans.o
 *fill*         0x00000000080045ef        0x1 
 .rodata.__func__.1.lto_priv.1
                0x00000000080045f0       0x19 /tmp/ch.elf.xT2Gtg.ltrans0.ltrans.o
 *fill*         0x0000000008004609        0x3 
 .rodata.__func__.1.lto_priv.2
                0x000000000800460c        0xc /tmp/ch.elf.xT2Gtg.ltrans0.ltrans.o
 .rodata.__func__.1.lto_priv.3
                0x0000000008004618       0x12 /tmp/ch.elf.xT2Gtg.ltrans0.ltrans.o
 *fill*         0x000000000800462a        0x2 
 .rodata.__func__.1.lto_priv.4
                0x000000000800462c        0xc /tmp/ch.elf.xT2Gtg.ltrans0.ltrans.o
 .rodata.__func__.1.lto_priv.5
                0x0000000008004638        0xc /tmp/ch.elf.xT2Gtg.ltrans0.ltrans.o
 .rodata.__func__.1.lto_priv.6
                0x0000000008004644       0x12 /tmp/ch.elf.xT2Gtg.ltrans0.ltrans.o
 *fill*         0x0000000008004656        0x2 
 .rodata.__func__.1.lto_priv.7
                0x0000000008004658       0x14 /tmp/ch.elf.xT2Gtg.ltrans0.ltrans.o
 .rodata.__func__.1.lto_priv.8
                0x000000000800466c        0xc /tmp/ch.elf.xT2Gtg.ltrans0.ltrans.o
 .rodata.__func__.10
                0x0000000008004678        0xd /tmp/ch.elf.xT2Gtg.ltrans0.ltrans.o
 *fill*         0x0000000008004685        0x3 
 .rodata.__func__.13
                0x0000000008004688       0x12 /tmp/ch.elf.xT2Gtg.ltrans0.ltrans.o
 *fill*         0x000000000800469a        0x2 
 .rodata.__func__.17
                0x000000000800469c        0xc /tmp/ch.elf.xT2Gtg.ltrans0.ltrans.o
 .rodata.__func__.2.lto_priv.0
                0x00000000080046a8        0xd /tmp/ch.elf.xT2Gtg.ltrans0.ltrans.o
 *fill*         0x00000000080046b5        0x3 
 .rodata.__func__.2.lto_priv.1
                0x00000000080046b8        0x8 /tmp/ch.elf.xT2Gtg.ltrans0.ltrans.o
 .rodata.__func__.2.lto_priv.2
                0x00000000080046c0        0xe /tmp/ch.elf.xT2Gtg.ltrans0.ltrans.o
 *fill*         0x00000000080046ce        0x2 
 .rodata.__func__.2.lto_priv.3
                0x00000000080046d0        0xd /tmp/ch.elf.xT2Gtg.ltrans0.ltrans.o
 *fill*         0x00000000080046dd        0x3 
 .rodata.__func__.3.lto_priv.0
                0x00000000080046e0        0xc /tmp/ch.elf.xT2Gtg.ltrans0.ltrans.o
 .rodata.__func__.3.lto_priv.2
                0x00000000080046ec        0xe /tmp/ch.elf.xT2Gtg.ltrans0.ltrans.o
 *fill*         0x00000000080046fa        0x2 
 .rodata.__func__.4.lto_priv.0
                0x00000000080046fc        0x9 /tmp/ch.elf.xT2Gtg.ltrans0.ltrans.o
 *fill*         0x0000000008004705        0x3 
 .rodata.__func__.4.lto_priv.1
                0x0000000008004708       0x10 /tmp/ch.elf.xT2Gtg.ltrans0.ltrans.o
 .rodata.__func__.4.lto_priv.2
                0x0000000008004718        0xd /tmp/ch.elf.xT2Gtg.ltrans0.ltrans.o
 *fill*         0x0000000008004725        0x3 
 .rodata.__func__.5.lto_priv.0
                0x0000000008004728       0x18 /tmp/ch.elf.xT2Gtg.ltrans0.ltrans.o
 .rodata.__func__.5.lto_priv.1
                0x0000000008004740       0x15 /tmp/ch.elf.xT2Gtg.ltrans0.ltrans.o
 *fill*         0x0000000008004755        0x3 
 .rodata.__func__.6
                0x0000000008004758       0x13 /tmp/ch.elf.xT2Gtg.ltrans0.ltrans.o
 *fill*         0x000000000800476b        0x1 
 .rodata.__func__.9
                0x000000000800476c        0xb /tmp/ch.elf.xT2Gtg.ltrans0.ltrans.o
 *fill*         0x0000000008004777        0x1 
 .rodata._stm32_dma_streams
                0x0000000008004778       0xc0 /tmp/ch.elf.xT2Gtg.ltrans0.ltrans.o
 .rodata.ch_core0_cfg
                0x0000000008004838       0x14 /tmp/ch.elf.xT2Gtg.ltrans0.ltrans.o
 .rodata.i2cfg  0x000000000800484c        0xc /tmp/ch.elf.xT2Gtg.ltrans0.ltrans.o
 .rodata.mavlink_sha256_constant_256
                0x0000000008004858      0x100 /tmp/ch.elf.xT2Gtg.ltrans0.ltrans.o
 .rodata.ram_areas
                0x0000000008004958       0x80 /tmp/ch.elf.xT2Gtg.ltrans0.ltrans.o
 .rodata.vmt    0x00000000080049d8       0x28 /tmp/ch.elf.xT2Gtg.ltrans0.ltrans.o
 .rodata.zero_quaternion
                0x0000000008004a00       0x10 /tmp/ch.elf.xT2Gtg.ltrans0.ltrans.o
                0x0000000008004a10                . = ALIGN (0x4)
                0x0000000008004a10                __rodata_end__ = .

.ARM.extab
 *(.ARM.extab* .gnu.linkonce.armextab.*)

.ARM.exidx      0x0000000008004a10        0x8
                0x0000000008004a10                __exidx_base__ = .
                0x0000000008004a10                __exidx_start = .
 *(.ARM.exidx* .gnu.linkonce.armexidx.*)
 .ARM.exidx     0x0000000008004a10        0x8 /usr/lib/gcc/arm-none-eabi/10.3.1/thumb/v7e-m/nofp/libgcc.a(_udivmoddi4.o)
                0x0000000008004a18                __exidx_end__ = .
                0x0000000008004a18                __exidx_end = .

.rel.dyn        0x0000000008004a18        0x0
 .rel.iplt      0x0000000008004a18        0x0 ./build/obj/crt0_v7m.o

.eh_frame_hdr
 *(.eh_frame_hdr)

.eh_frame
 *(.eh_frame)

.data           0x0000000020000800        0x4 load address 0x0000000008004a18
                [!provide]                        PROVIDE (_textdata = LOADADDR (.data))
                [!provide]                        PROVIDE (_data = .)
                0x0000000008004a18                __textdata_base__ = LOADADDR (.data)
                0x0000000020000800                __data_base__ = .
 *(.data)
 *(.data.*)
 .data.last_distance_mm
                0x0000000020000800        0x2 /tmp/ch.elf.xT2Gtg.ltrans0.ltrans.o
 *(.ramtext)
                0x0000000020000804                . = ALIGN (0x4)
 *fill*         0x0000000020000802        0x2 
                [!provide]                        PROVIDE (_edata = .)
                0x0000000020000804                __data_end__ = .

.igot.plt       0x0000000020000804        0x0 load address 0x0000000008004a1c
 .igot.plt      0x0000000020000804        0x0 ./build/obj/crt0_v7m.o

.bss            0x0000000020000820      0xcc0 load address 0x0000000008004a1c
                0x0000000020000820                __bss_base__ = .
 *(.bss)
 *(.bss.*)
 .bss.I2CD1     0x0000000020000820       0x38 /tmp/ch.elf.xT2Gtg.ltrans0.ltrans.o
 .bss.SD1       0x0000000020000858       0x80 /tmp/ch.elf.xT2Gtg.ltrans0.ltrans.o
 .bss.SD2       0x00000000200008d8       0x80 /tmp/ch.elf.xT2Gtg.ltrans0.ltrans.o
 .bss.buf.0     0x0000000020000958      0x118 /tmp/ch.elf.xT2Gtg.ltrans0.ltrans.o
 .bss.ch0       0x0000000020000a70       0xf0 /tmp/ch.elf.xT2Gtg.ltrans0.ltrans.o
 .bss.ch_c0_idle_thread_wa
                0x0000000020000b60      0x100 /tmp/ch.elf.xT2Gtg.ltrans0.ltrans.o
 .bss.ch_factory
                0x0000000020000c60       0x48 /tmp/ch.elf.xT2Gtg.ltrans0.ltrans.o
 .bss.ch_memcore
                0x0000000020000ca8        0x8 /tmp/ch.elf.xT2Gtg.ltrans0.ltrans.o
 .bss.ch_system
                0x0000000020000cb0        0xc /tmp/ch.elf.xT2Gtg.ltrans0.ltrans.o
 .bss.default_heap
                0x0000000020000cbc       0x24 /tmp/ch.elf.xT2Gtg.ltrans0.ltrans.o
 .bss.dev       0x0000000020000ce0        0x4 /tmp/ch.elf.xT2Gtg.ltrans0.ltrans.o
 .bss.dma       0x0000000020000ce4       0x84 /tmp/ch.elf.xT2Gtg.ltrans0.ltrans.o
 .bss.fc_sd     0x0000000020000d68        0x4 /tmp/ch.elf.xT2Gtg.ltrans0.ltrans.o
 .bss.m_mavlink_status.1
                0x0000000020000d6c       0x18 /tmp/ch.elf.xT2Gtg.ltrans0.ltrans.o
 .bss.sensor_ok
                0x0000000020000d84        0x1 /tmp/ch.elf.xT2Gtg.ltrans0.ltrans.o
 .bss.stop_variable
                0x0000000020000d85        0x1 /tmp/ch.elf.xT2Gtg.ltrans0.ltrans.o
 *fill*         0x0000000020000d86       0x1a 
 .bss.waLed     0x0000000020000da0      0x220 /tmp/ch.elf.xT2Gtg.ltrans0.ltrans.o
 .bss.waSensor  0x0000000020000fc0      0x520 /tmp/ch.elf.xT2Gtg.ltrans0.ltrans.o
 *(COMMON)
                0x00000000200014e0                . = ALIGN (0x4)
                0x00000000200014e0                __bss_end__ = .
                [!provide]                        PROVIDE (end = .)
                0x0000000020000000                __ram0_base__ = ORIGIN (ram0)
                0x0000000000018000                __ram0_size__ = LENGTH (ram0)
                0x0000000020018000                __ram0_end__ = (__ram0_base__ + __ram0_size__)
                0x0000000000000000                __ram1_base__ = ORIGIN (ram1)
                0x0000000000000000                __ram1_size__ = LENGTH (ram1)
                0x0000000000000000                __ram1_end__ = (__ram1_base__ + __ram1_size__)
                0x0000000000000000                __ram2_base__ = ORIGIN (ram2)
                0x0000000000000000                __ram2_size__ = LENGTH (ram2)
                0x0000000000000000                __ram2_end__ = (__ram2_base__ + __ram2_size__)
                0x0000000000000000                __ram3_base__ = ORIGIN (ram3)
                0x0000000000000000                __ram3_size__ = LENGTH (ram3)
                0x0000000000000000                __ram3_end__ = (__ram3_base__ + __ram3_size__)
                0x0000000000000000                __ram4_base__ = ORIGIN (ram4)
                0x0000000000000000                __ram4_size__ = LENGTH (ram4)
                0x0000000000000000                __ram4_end__ = (__ram4_base__ + __ram4_size__)
                0x0000000000000000                __ram5_base__ = ORIGIN (ram5)
                0x0000000000000000                __ram5_size__ = LENGTH (ram5)
                0x0000000000000000                __ram5_end__ = (__ram5_base__ + __ram5_size__)
                0x0000000000000000                __ram6_base__ = ORIGIN (ram6)
                0x0000000000000000                __ram6_size__ = LENGTH (ram6)
                0x0000000000000000                __ram6_end__ = (__ram6_base__ + __ram6_size__)
                0x0000000000000000                __ram7_base__ = ORIGIN (ram7)
                0x0000000000000000                __ram7_size__ = LENGTH (ram7)
                0x0000000000000000                __ram7_end__ = (__ram7_base__ + __ram7_size__)
                0x0000000008000000                __flash0_base__ = ORIGIN (flash0)
                0x0000000000080000                __flash0_size__ = LENGTH (flash0)
                0x0000000008080000                __flash0_end__ = (__flash0_base__ + __flash0_size__)
                0x0000000000000000                __flash1_base__ = ORIGIN (flash1)
                0x0000000000000000                __flash1_size__ = LENGTH (flash1)
                0x0000000000000000                __flash1_end__ = (__flash1_base__ + __flash1_size__)
                0x0000000000000000                __flash2_base__ = ORIGIN (flash2)
                0x0000000000000000                __flash2_size__ = LENGTH (flash2)
                0x0000000000000000                __flash2_end__ = (__flash2_base__ + __flash2_size__)
                0x0000000000000000                __flash3_base__ = ORIGIN (flash3)
                0x0000000000000000                __flash3_size__ = LENGTH (flash3)
                0x0000000000000000                __flash3_end__ = (__flash3_base__ + __flash3_size__)
                0x0000000000000000                __flash4_base__ = ORIGIN (flash4)
                0x0000000000000000                __flash4_size__ = LENGTH (flash4)
                0x0000000000000000                __flash4_end__ = (__flash4_base__ + __flash4_size__)
                0x0000000000000000                __flash5_base__ = ORIGIN (flash5)
                0x0000000000000000                __flash5_size__ = LENGTH (flash5)
                0x0000000000000000                __flash5_end__ = (__flash5_base__ + __flash5_size__)
                0x0000000000000000                __flash6_base__ = ORIGIN (flash6)
                0x0000000000000000                __flash6_size__ = LENGTH (flash6)
                0x0000000000000000                __flash6_end__ = (__flash6_base__ + __flash6_size__)
                0x0000000000000000                __flash7_base__ = ORIGIN (flash7)
                0x0000000000000000                __flash7_size__ = LENGTH (flash7)
                0x0000000000000000                __flash7_end__ = (__flash7_base__ + __flash7_size__)

.ram0_init      0x00000000200014e0        0x0 load address 0x0000000008004a1c
                0x0000000008004a1c                __ram0_init_text__ = LOADADDR (.ram0_init)
                0x00000000200014e0                __ram0_init__ = .
 *(.ram0_init)
 *(.ram0_init.*)
                0x00000000200014e0                . = ALIGN (0x4)

.ram0           0x00000000200014e0        0x0 load address 0x0000000008004a1c
                0x00000000200014e0                __ram0_clear__ = .
 *(.ram0_clear)
 *(.ram0_clear.*)
                0x00000000200014e0                . = ALIGN (0x4)
                0x00000000200014e0                __ram0_noinit__ = .
 *(.ram0)
 *(.ram0.*)
                0x00000000200014e0                . = ALIGN (0x4)
                0x00000000200014e0                __ram0_free__ = .

.ram1_init      0x0000000000000000        0x0 load address 0x0000000008004a1c
                0x0000000008004a1c                __ram1_init_text__ = LOADADDR (.ram1_init)
                0x0000000000000000                __ram1_init__ = .
 *(.ram1_init)
 *(.ram1_init.*)
                0x0000000000000000                . = ALIGN (0x4)

.ram1           0x0000000000000000        0x0 load address 0x0000000008004a1c
                0x0000000000000000                __ram1_clear__ = .
 *(.ram1_clear)
 *(.ram1_clear.*)
                0x0000000000000000                . = ALIGN (0x4)
                0x0000000000000000                __ram1_noinit__ = .
 *(.ram1)
 *(.ram1.*)
                0x0000000000000000                . = ALIGN (0x4)
                0x0000000000000000                __ram1_free__ = .

.ram2_init      0x0000000000000000        0x0 load address 0x0000000008004a1c
                0x0000000008004a1c                __ram2_init_text__ = LOADADDR (.ram2_init)
                0x0000000000000000                __ram2_init__ = .
 *(.ram2_init)
 *(.ram2_init.*)
                0x0000000000000000                . = ALIGN (0x4)

.ram2           0x0000000000000000        0x0 load address 0x0000000008004a1c
                0x0000000000000000                __ram2_clear__ = .
 *(.ram2_clear)
 *(.ram2_clear.*)
                0x0000000000000000                . = ALIGN (0x4)
                0x0000000000000000                __ram2_noinit__ = .
 *(.ram2)
 *(.ram2.*)
                0x0000000000000000                . = ALIGN (0x4)
                0x0000000000000000                __ram2_free__ = .

.ram3_init      0x0000000000000000        0x0 load address 0x0000000008004a1c
                0x0000000008004a1c                __ram3_init_text__ = LOADADDR (.ram3_init)
                0x0000000000000000                __ram3_init__ = .
 *(.ram3_init)
 *(.ram3_init.*)
                0x0000000000000000                . = ALIGN (0x4)

.ram3           0x0000000000000000        0x0 load address 0x0000000008004a1c
                0x0000000000000000                __ram3_clear__ = .
 *(.ram3_clear)
 *(.ram3_clear.*)
                0x0000000000000000                . = ALIGN (0x4)
                0x0000000000000000                __ram3_noinit__ = .
 *(.ram3)
 *(.ram3.*)
                0x0000000000000000                . = ALIGN (0x4)
                0x0000000000000000                __ram3_free__ = .

.ram4_init      0x0000000000000000        0x0 load address 0x0000000008004a1c
                0x0000000008004a1c                __ram4_init_text__ = LOADADDR (.ram4_init)
                0x0000000000000000                __ram4_init__ = .
 *(.ram4_init)
 *(.ram4_init.*)
                0x0000000000000000                . = ALIGN (0x4)

.ram4           0x0000000000000000        0x0 load address 0x0000000008004a1c
                0x0000000000000000                __ram4_clear__ = .
 *(.ram4_clear)
 *(.ram4_clear.*)
                0x0000000000000000                . = ALIGN (0x4)
                0x0000000000000000                __ram4_noinit__ = .
 *(.ram4)
 *(.ram4.*)
                0x0000000000000000                . = ALIGN (0x4)
                0x0000000000000000                __ram4_free__ = .

.ram5_init      0x0000000000000000        0x0 load address 0x0000000008004a1c
                0x0000000008004a1c                __ram5_init_text__ = LOADADDR (.ram5_init)
                0x0000000000000000                __ram5_init__ = .
 *(.ram5_init)
 *(.ram5_init.*)
                0x0000000000000000                . = ALIGN (0x4)

.ram5           0x0000000000000000        0x0 load address 0x0000000008004a1c
                0x0000000000000000                __ram5_clear__ = .
 *(.ram5_clear)
 *(.ram5_clear.*)
                0x0000000000000000                . = ALIGN (0x4)
                0x0000000000000000                __ram5_noinit__ = .
 *(.ram5)
 *(.ram5.*)
                0x0000000000000000                . = ALIGN (0x4)
                0x0000000000000000                __ram5_free__ = .

.ram6_init      0x0000000000000000        0x0 load address 0x0000000008004a1c
                0x0000000008004a1c                __ram6_init_text__ = LOADADDR (.ram6_init)
                0x0000000000000000                __ram6_init__ = .
 *(.ram6_init)
 *(.ram6_init.*)
                0x0000000000000000                . = ALIGN (0x4)

.ram6           0x0000000000000000        0x0 load address 0x0000000008004a1c
                0x0000000000000000                __ram6_clear__ = .
 *(.ram6_clear)
 *(.ram6_clear.*)
                0x0000000000000000                . = ALIGN (0x4)
                0x0000000000000000                __ram6_noinit__ = .
 *(.ram6)
 *(.ram6.*)
                0x0000000000000000                . = ALIGN (0x4)
                0x0000000000000000                __ram6_free__ = .

.ram7_init      0x0000000000000000        0x0 load address 0x0000000008004a1c
                0x0000000008004a1c                __ram7_init_text__ = LOADADDR (.ram7_init)
                0x0000000000000000                __ram7_init__ = .
 *(.ram7_init)
 *(.ram7_init.*)
                0x0000000000000000                . = ALIGN (0x4)

.ram7           0x0000000000000000        0x0 load address 0x0000000008004a1c
                0x0000000000000000                __ram7_clear__ = .
 *(.ram7_clear)
 *(.ram7_clear.*)
                0x0000000000000000                . = ALIGN (0x4)
                0x0000000000000000                __ram7_noinit__ = .
 *(.ram7)
 *(.ram7.*)
                0x0000000000000000                . = ALIGN (0x4)
                0x0000000000000000                __ram7_free__ = .

.flash0         0x0000000008004a1c        0x0
                0x0000000008004a1c                __flash0_init__ = .
 *(.flash0_init)
 *(.flash0_init.*)
                0x0000000008004a1c                __flash0_free__ = .

.flash1         0x0000000000000000        0x0
                0x0000000000000000                __flash1_init__ = .
 *(.flash1_init)
 *(.flash1_init.*)
                0x0000000000000000                __flash1_free__ = .

.flash2         0x0000000000000000        0x0
                0x0000000000000000                __flash2_init__ = .
 *(.flash2_init)
 *(.flash2_init.*)
                0x0000000000000000                __flash2_free__ = .

.flash3         0x0000000000000000        0x0
                0x0000000000000000                __flash3_init__ = .
 *(.flash3_init)
 *(.flash3_init.*)
                0x0000000000000000                __flash3_free__ = .

.flash4         0x0000000000000000        0x0
                0x0000000000000000                __flash4_init__ = .
 *(.flash4_init)
 *(.flash4_init.*)
                0x0000000000000000                __flash4_free__ = .

.flash5         0x0000000000000000        0x0
                0x0000000000000000                __flash5_init__ = .
 *(.flash5_init)
 *(.flash5_init.*)
                0x0000000000000000                __flash5_free__ = .

.flash6         0x0000000000000000        0x0
                0x0000000000000000                __flash6_init__ = .
 *(.flash6_init)
 *(.flash6_init.*)
                0x0000000000000000                __flash6_free__ = .

.flash7         0x0000000000000000        0x0
                0x0000000000000000                __flash7_init__ = .
 *(.flash7_init)
 *(.flash7_init.*)
                0x0000000000000000                __flash7_free__ = .

.heap           0x00000000200014e0    0x16b20
                0x00000000200014e0                . = ALIGN (0x8)
                0x00000000200014e0                __heap_base__ = .
                0x0000000020018000                . = (ORIGIN (HEAP_RAM) + LENGTH (HEAP_RAM))
 *fill*         0x00000000200014e0    0x16b20 
                0x0000000020018000                __heap_end__ = .
                0x0000000000000400                __process_stack_size__ = 0x400
                0x0000000000000400                __main_stack_size__ = 0x400
START GROUP
LOAD /usr/lib/gcc/arm-none-eabi/10.3.1/thumb/v7e-m/nofp/libgcc.a
LOAD /usr/lib/gcc/arm-none-eabi/10.3.1/../../../arm-none-eabi/lib/thumb/v7e-m/nofp/libg.a
LOAD /usr/lib/gcc/arm-none-eabi/10.3.1/../../../arm-none-eabi/lib/thumb/v7e-m/nofp/libc.a
END GROUP
OUTPUT(build/ch.elf elf32-littlearm)
LOAD linker stubs

.ARM.attributes
                0x0000000000000000       0x2f
 .ARM.attributes
                0x0000000000000000       0x21 ./build/obj/crt0_v7m.o
 .ARM.attributes
                0x0000000000000021       0x21 ./build/obj/vectors.o
 .ARM.attributes
                0x0000000000000042       0x21 ./build/obj/chcoreasm.o
 .ARM.attributes
                0x0000000000000063       0x2c /tmp/ch.elf.xT2Gtg.ltrans0.ltrans.o
 .ARM.attributes
                0x000000000000008f       0x1e /usr/lib/gcc/arm-none-eabi/10.3.1/thumb/v7e-m/nofp/libgcc.a(_aeabi_uldivmod.o)
 .ARM.attributes
                0x00000000000000ad       0x2e /usr/lib/gcc/arm-none-eabi/10.3.1/thumb/v7e-m/nofp/libgcc.a(_udivmoddi4.o)
 .ARM.attributes
                0x00000000000000db       0x1e /usr/lib/gcc/arm-none-eabi/10.3.1/thumb/v7e-m/nofp/libgcc.a(_dvmd_tls.o)
 .ARM.attributes
                0x00000000000000f9       0x1c /usr/lib/gcc/arm-none-eabi/10.3.1/../../../arm-none-eabi/lib/thumb/v7e-m/nofp/libg.a(lib_a-memcpy.o)
 .ARM.attributes
                0x0000000000000115       0x2e /usr/lib/gcc/arm-none-eabi/10.3.1/../../../arm-none-eabi/lib/thumb/v7e-m/nofp/libg.a(lib_a-memset.o)

.comment        0x0000000000000000       0x33
 .comment       0x0000000000000000       0x33 /tmp/ch.elf.xT2Gtg.ltrans0.ltrans.o
                                         0x34 (size before relaxing)
 .comment       0x0000000000000033       0x34 /usr/lib/gcc/arm-none-eabi/10.3.1/thumb/v7e-m/nofp/libgcc.a(_udivmoddi4.o)
 .comment       0x0000000000000033       0x34 /usr/lib/gcc/arm-none-eabi/10.3.1/../../../arm-none-eabi/lib/thumb/v7e-m/nofp/libg.a(lib_a-memset.o)

.debug_line     0x0000000000000000     0xc9d2
 .debug_line    0x0000000000000000       0xc7 ./build/obj/crt0_v7m.o
 .debug_line    0x00000000000000c7       0x6f ./build/obj/vectors.o
 .debug_line    0x0000000000000136       0x81 ./build/obj/chcoreasm.o
 .debug_line    0x00000000000001b7     0x81a3 /tmp/ch.elf.xT2Gtg.ltrans0.ltrans.o
 .debug_line    0x000000000000835a       0x8e /tmp/ccw10Igg.debug.temp.o
 .debug_line    0x00000000000083e8       0x61 /tmp/ccQLfmeD.debug.temp.o
 .debug_line    0x0000000000008449      0x106 /tmp/cc3A8DxL.debug.temp.o
 .debug_line    0x000000000000854f      0x1fb /tmp/cc1HwlXQ.debug.temp.o
 .debug_line    0x000000000000874a      0x296 /tmp/ccmsZuJY.debug.temp.o
 .debug_line    0x00000000000089e0      0x28a /tmp/ccMEggtf.debug.temp.o
 .debug_line    0x0000000000008c6a       0xbe /tmp/ccTILzbe.debug.temp.o
 .debug_line    0x0000000000008d28      0x51b /tmp/cc4PsyHi.debug.temp.o
 .debug_line    0x0000000000009243      0x10e /tmp/cc7bs0RE.debug.temp.o
 .debug_line    0x0000000000009351      0x21c /tmp/ccNRsRKG.debug.temp.o
 .debug_line    0x000000000000956d       0xad /tmp/ccesW5ur.debug.temp.o
 .debug_line    0x000000000000961a      0x2a2 /tmp/ccMhpXL2.debug.temp.o
 .debug_line    0x00000000000098bc      0x1aa /tmp/ccJBtHUs.debug.temp.o
 .debug_line    0x0000000000009a66      0x27a /tmp/cchEd1Mn.debug.temp.o
 .debug_line    0x0000000000009ce0       0xd1 /tmp/cczE3G6y.debug.temp.o
 .debug_line    0x0000000000009db1      0x1e4 /tmp/ccb999sN.debug.temp.o
 .debug_line    0x0000000000009f95      0x15f /tmp/ccxras66.debug.temp.o
 .debug_line    0x000000000000a0f4      0x1d2 /tmp/cc8QsqbE.debug.temp.o
 .debug_line    0x000000000000a2c6      0x1b4 /tmp/ccc3a1cx.debug.temp.o
 .debug_line    0x000000000000a47a      0x1c5 /tmp/cca38RuM.debug.temp.o
 .debug_line    0x000000000000a63f      0x1f2 /tmp/ccg0oY5V.debug.temp.o
 .debug_line    0x000000000000a831      0x1a3 /tmp/ccGr7Y73.debug.temp.o
 .debug_line    0x000000000000a9d4      0x1d5 /tmp/ccwUi1Km.debug.temp.o
 .debug_line    0x000000000000aba9      0x1c4 /tmp/ccosJHM4.debug.temp.o
 .debug_line    0x000000000000ad6d      0x1bb /tmp/ccGYzDj1.debug.temp.o
 .debug_line    0x000000000000af28      0x1e8 /tmp/ccp3IIa9.debug.temp.o
 .debug_line    0x000000000000b110      0x1b1 /tmp/ccWq1BJX.debug.temp.o
 .debug_line    0x000000000000b2c1      0x1e8 /tmp/ccFBSlqa.debug.temp.o
 .debug_line    0x000000000000b4a9      0x1d9 /tmp/ccBD0hCg.debug.temp.o
 .debug_line    0x000000000000b682      0x1c1 /tmp/ccOx5EqI.debug.temp.o
 .debug_line    0x000000000000b843      0x2fb /tmp/ccYKAWdK.debug.temp.o
 .debug_line    0x000000000000bb3e      0x240 /tmp/ccz0vS6w.debug.temp.o
 .debug_line    0x000000000000bd7e      0x363 /tmp/ccaEvwkT.debug.temp.o
 .debug_line    0x000000000000c0e1       0x60 /usr/lib/gcc/arm-none-eabi/10.3.1/thumb/v7e-m/nofp/libgcc.a(_aeabi_uldivmod.o)
 .debug_line    0x000000000000c141      0x5b4 /usr/lib/gcc/arm-none-eabi/10.3.1/thumb/v7e-m/nofp/libgcc.a(_udivmoddi4.o)
 .debug_line    0x000000000000c6f5       0x60 /usr/lib/gcc/arm-none-eabi/10.3.1/thumb/v7e-m/nofp/libgcc.a(_dvmd_tls.o)
 .debug_line    0x000000000000c755       0xbe /usr/lib/gcc/arm-none-eabi/10.3.1/../../../arm-none-eabi/lib/thumb/v7e-m/nofp/libg.a(lib_a-memcpy.o)
 .debug_line    0x000000000000c813      0x1bf /usr/lib/gcc/arm-none-eabi/10.3.1/../../../arm-none-eabi/lib/thumb/v7e-m/nofp/libg.a(lib_a-memset.o)

.debug_info     0x0000000000000000    0x250bf
 .debug_info    0x0000000000000000       0x26 ./build/obj/crt0_v7m.o
 .debug_info    0x0000000000000026       0x26 ./build/obj/vectors.o
 .debug_info    0x000000000000004c       0x26 ./build/obj/chcoreasm.o
 .debug_info    0x0000000000000072     0xb691 /tmp/ch.elf.xT2Gtg.ltrans0.ltrans.o
 .debug_info    0x000000000000b703      0x2bc /tmp/ccw10Igg.debug.temp.o
                0x000000000000b703                crt1.c.6185c1d2
 .debug_info    0x000000000000b9bf       0x8a /tmp/ccQLfmeD.debug.temp.o
                0x000000000000b9bf                hal.c.0be293e7
 .debug_info    0x000000000000ba49      0x309 /tmp/cc3A8DxL.debug.temp.o
                0x000000000000ba49                hal_st.c.dff6e77b
 .debug_info    0x000000000000bd52      0xe26 /tmp/cc1HwlXQ.debug.temp.o
                0x000000000000bd52                hal_queues.c.5127b49a
 .debug_info    0x000000000000cb78      0xdf4 /tmp/ccmsZuJY.debug.temp.o
                0x000000000000cb78                hal_i2c.c.b9d490f4
 .debug_info    0x000000000000d96c     0x10f9 /tmp/ccMEggtf.debug.temp.o
                0x000000000000d96c                hal_serial.c.20133dc2
 .debug_info    0x000000000000ea65      0x4a4 /tmp/ccTILzbe.debug.temp.o
                0x000000000000ea65                nvic.c.c36ca289
 .debug_info    0x000000000000ef09      0xe3d /tmp/cc4PsyHi.debug.temp.o
                0x000000000000ef09                stm32_isr.c.080a805b
 .debug_info    0x000000000000fd46      0x57c /tmp/cc7bs0RE.debug.temp.o
                0x000000000000fd46                hal_lld.c.1451af07
 .debug_info    0x00000000000102c2      0xec2 /tmp/ccNRsRKG.debug.temp.o
                0x00000000000102c2                stm32_dma.c.83223b0d
 .debug_info    0x0000000000011184      0x24f /tmp/ccesW5ur.debug.temp.o
                0x0000000000011184                hal_pal_lld.c.2c661425
 .debug_info    0x00000000000113d3     0x1414 /tmp/ccMhpXL2.debug.temp.o
                0x00000000000113d3                hal_i2c_lld.c.6be639c8
 .debug_info    0x00000000000127e7      0x4e8 /tmp/ccJBtHUs.debug.temp.o
                0x00000000000127e7                hal_st_lld.c.502cf11a
 .debug_info    0x0000000000012ccf     0x109f /tmp/cchEd1Mn.debug.temp.o
                0x0000000000012ccf                hal_serial_lld.c.7a09f2d1
 .debug_info    0x0000000000013d6e      0x4a1 /tmp/cczE3G6y.debug.temp.o
                0x0000000000013d6e                board.c.eca6cc24
 .debug_info    0x000000000001420f      0xd48 /tmp/ccb999sN.debug.temp.o
                0x000000000001420f                chsys.c.0015622d
 .debug_info    0x0000000000014f57      0x7b4 /tmp/ccxras66.debug.temp.o
                0x0000000000014f57                chrfcu.c.27ff6f59
 .debug_info    0x000000000001570b      0xe78 /tmp/cc8QsqbE.debug.temp.o
                0x000000000001570b                chvt.c.6375baad
 .debug_info    0x0000000000016583      0xdb4 /tmp/ccc3a1cx.debug.temp.o
                0x0000000000016583                chschd.c.d1b9da93
 .debug_info    0x0000000000017337      0xa6d /tmp/cca38RuM.debug.temp.o
                0x0000000000017337                chinstances.c.1da08018
 .debug_info    0x0000000000017da4     0x1269 /tmp/ccg0oY5V.debug.temp.o
                0x0000000000017da4                chthreads.c.4c2f8f37
 .debug_info    0x000000000001900d      0xb19 /tmp/ccGr7Y73.debug.temp.o
                0x000000000001900d                chtm.c.45616f7e
 .debug_info    0x0000000000019b26      0xbe7 /tmp/ccwUi1Km.debug.temp.o
                0x0000000000019b26                chregistry.c.18181ceb
 .debug_info    0x000000000001a70d      0xb99 /tmp/ccosJHM4.debug.temp.o
                0x000000000001a70d                chmtx.c.64ea8935
 .debug_info    0x000000000001b2a6      0xdd2 /tmp/ccGYzDj1.debug.temp.o
                0x000000000001b2a6                chevents.c.8136ee4b
 .debug_info    0x000000000001c078      0xa2b /tmp/ccp3IIa9.debug.temp.o
                0x000000000001c078                chmemcore.c.7157f22a
 .debug_info    0x000000000001caa3      0xbc9 /tmp/ccWq1BJX.debug.temp.o
                0x000000000001caa3                chmemheaps.c.74ed9d22
 .debug_info    0x000000000001d66c      0xc19 /tmp/ccFBSlqa.debug.temp.o
                0x000000000001d66c                chmempools.c.1cc9d8e0
 .debug_info    0x000000000001e285     0x1500 /tmp/ccBD0hCg.debug.temp.o
                0x000000000001e285                chfactory.c.80c1027b
 .debug_info    0x000000000001f785      0xf64 /tmp/ccOx5EqI.debug.temp.o
                0x000000000001f785                chcore.c.6e81bebc
 .debug_info    0x00000000000206e9     0x1219 /tmp/ccYKAWdK.debug.temp.o
                0x00000000000206e9                main.c.344392b6
 .debug_info    0x0000000000021902      0xddf /tmp/ccz0vS6w.debug.temp.o
                0x0000000000021902                vl53l0x.c.206b734a
 .debug_info    0x00000000000226e1     0x211e /tmp/ccaEvwkT.debug.temp.o
                0x00000000000226e1                sensor_distance.c.a43f8ac2
 .debug_info    0x00000000000247ff       0x26 /usr/lib/gcc/arm-none-eabi/10.3.1/thumb/v7e-m/nofp/libgcc.a(_aeabi_uldivmod.o)
 .debug_info    0x0000000000024825      0x717 /usr/lib/gcc/arm-none-eabi/10.3.1/thumb/v7e-m/nofp/libgcc.a(_udivmoddi4.o)
 .debug_info    0x0000000000024f3c       0x26 /usr/lib/gcc/arm-none-eabi/10.3.1/thumb/v7e-m/nofp/libgcc.a(_dvmd_tls.o)
 .debug_info    0x0000000000024f62       0x26 /usr/lib/gcc/arm-none-eabi/10.3.1/../../../arm-none-eabi/lib/thumb/v7e-m/nofp/libg.a(lib_a-memcpy.o)
 .debug_info    0x0000000000024f88      0x137 /usr/lib/gcc/arm-none-eabi/10.3.1/../../../arm-none-eabi/lib/thumb/v7e-m/nofp/libg.a(lib_a-memset.o)

.debug_abbrev   0x0000000000000000     0x46ea
 .debug_abbrev  0x0000000000000000       0x14 ./build/obj/crt0_v7m.o
 .debug_abbrev  0x0000000000000014       0x14 ./build/obj/vectors.o
 .debug_abbrev  0x0000000000000028       0x14 ./build/obj/chcoreasm.o
 .debug_abbrev  0x000000000000003c      0x350 /tmp/ch.elf.xT2Gtg.ltrans0.ltrans.o
 .debug_abbrev  0x000000000000038c       0xe5 /tmp/ccw10Igg.debug.temp.o
 .debug_abbrev  0x0000000000000471       0x46 /tmp/ccQLfmeD.debug.temp.o
 .debug_abbrev  0x00000000000004b7      0x13b /tmp/cc3A8DxL.debug.temp.o
 .debug_abbrev  0x00000000000005f2      0x248 /tmp/cc1HwlXQ.debug.temp.o
 .debug_abbrev  0x000000000000083a      0x248 /tmp/ccmsZuJY.debug.temp.o
 .debug_abbrev  0x0000000000000a82      0x268 /tmp/ccMEggtf.debug.temp.o
 .debug_abbrev  0x0000000000000cea      0x130 /tmp/ccTILzbe.debug.temp.o
 .debug_abbrev  0x0000000000000e1a      0x180 /tmp/cc4PsyHi.debug.temp.o
 .debug_abbrev  0x0000000000000f9a      0x12d /tmp/cc7bs0RE.debug.temp.o
 .debug_abbrev  0x00000000000010c7      0x23c /tmp/ccNRsRKG.debug.temp.o
 .debug_abbrev  0x0000000000001303       0xea /tmp/ccesW5ur.debug.temp.o
 .debug_abbrev  0x00000000000013ed      0x2c4 /tmp/ccMhpXL2.debug.temp.o
 .debug_abbrev  0x00000000000016b1      0x138 /tmp/ccJBtHUs.debug.temp.o
 .debug_abbrev  0x00000000000017e9      0x251 /tmp/cchEd1Mn.debug.temp.o
 .debug_abbrev  0x0000000000001a3a      0x14d /tmp/cczE3G6y.debug.temp.o
 .debug_abbrev  0x0000000000001b87      0x304 /tmp/ccb999sN.debug.temp.o
 .debug_abbrev  0x0000000000001e8b      0x15c /tmp/ccxras66.debug.temp.o
 .debug_abbrev  0x0000000000001fe7      0x260 /tmp/cc8QsqbE.debug.temp.o
 .debug_abbrev  0x0000000000002247      0x238 /tmp/ccc3a1cx.debug.temp.o
 .debug_abbrev  0x000000000000247f      0x20c /tmp/cca38RuM.debug.temp.o
 .debug_abbrev  0x000000000000268b      0x27f /tmp/ccg0oY5V.debug.temp.o
 .debug_abbrev  0x000000000000290a      0x1d1 /tmp/ccGr7Y73.debug.temp.o
 .debug_abbrev  0x0000000000002adb      0x25e /tmp/ccwUi1Km.debug.temp.o
 .debug_abbrev  0x0000000000002d39      0x26b /tmp/ccosJHM4.debug.temp.o
 .debug_abbrev  0x0000000000002fa4      0x250 /tmp/ccGYzDj1.debug.temp.o
 .debug_abbrev  0x00000000000031f4      0x20b /tmp/ccp3IIa9.debug.temp.o
 .debug_abbrev  0x00000000000033ff      0x24a /tmp/ccWq1BJX.debug.temp.o
 .debug_abbrev  0x0000000000003649      0x248 /tmp/ccFBSlqa.debug.temp.o
 .debug_abbrev  0x0000000000003891      0x247 /tmp/ccBD0hCg.debug.temp.o
 .debug_abbrev  0x0000000000003ad8      0x22a /tmp/ccOx5EqI.debug.temp.o
 .debug_abbrev  0x0000000000003d02      0x270 /tmp/ccYKAWdK.debug.temp.o
 .debug_abbrev  0x0000000000003f72      0x251 /tmp/ccz0vS6w.debug.temp.o
 .debug_abbrev  0x00000000000041c3      0x2d4 /tmp/ccaEvwkT.debug.temp.o
 .debug_abbrev  0x0000000000004497       0x14 /usr/lib/gcc/arm-none-eabi/10.3.1/thumb/v7e-m/nofp/libgcc.a(_aeabi_uldivmod.o)
 .debug_abbrev  0x00000000000044ab      0x163 /usr/lib/gcc/arm-none-eabi/10.3.1/thumb/v7e-m/nofp/libgcc.a(_udivmoddi4.o)
 .debug_abbrev  0x000000000000460e       0x14 /usr/lib/gcc/arm-none-eabi/10.3.1/thumb/v7e-m/nofp/libgcc.a(_dvmd_tls.o)
 .debug_abbrev  0x0000000000004622       0x14 /usr/lib/gcc/arm-none-eabi/10.3.1/../../../arm-none-eabi/lib/thumb/v7e-m/nofp/libg.a(lib_a-memcpy.o)
 .debug_abbrev  0x0000000000004636       0xb4 /usr/lib/gcc/arm-none-eabi/10.3.1/../../../arm-none-eabi/lib/thumb/v7e-m/nofp/libg.a(lib_a-memset.o)

.debug_aranges  0x0000000000000000      0x390
 .debug_aranges
                0x0000000000000000       0x20 ./build/obj/crt0_v7m.o
 .debug_aranges
                0x0000000000000020       0x20 ./build/obj/vectors.o
 .debug_aranges
                0x0000000000000040       0x20 ./build/obj/chcoreasm.o
 .debug_aranges
                0x0000000000000060      0x290 /tmp/ch.elf.xT2Gtg.ltrans0.ltrans.o
 .debug_aranges
                0x00000000000002f0       0x20 /usr/lib/gcc/arm-none-eabi/10.3.1/thumb/v7e-m/nofp/libgcc.a(_aeabi_uldivmod.o)
 .debug_aranges
                0x0000000000000310       0x20 /usr/lib/gcc/arm-none-eabi/10.3.1/thumb/v7e-m/nofp/libgcc.a(_udivmoddi4.o)
 .debug_aranges
                0x0000000000000330       0x20 /usr/lib/gcc/arm-none-eabi/10.3.1/thumb/v7e-m/nofp/libgcc.a(_dvmd_tls.o)
 .debug_aranges
                0x0000000000000350       0x20 /usr/lib/gcc/arm-none-eabi/10.3.1/../../../arm-none-eabi/lib/thumb/v7e-m/nofp/libg.a(lib_a-memcpy.o)
 .debug_aranges
                0x0000000000000370       0x20 /usr/lib/gcc/arm-none-eabi/10.3.1/../../../arm-none-eabi/lib/thumb/v7e-m/nofp/libg.a(lib_a-memset.o)

.debug_str      0x0000000000000000     0x6adc
 .debug_str     0x0000000000000000       0x83 ./build/obj/crt0_v7m.o
 .debug_str     0x0000000000000083       0x3a ./build/obj/vectors.o
                                         0x82 (size before relaxing)
 .debug_str     0x00000000000000bd       0x3b ./build/obj/chcoreasm.o
                                         0x83 (size before relaxing)
 .debug_str     0x00000000000000f8      0x192 /tmp/ch.elf.xT2Gtg.ltrans0.ltrans.o
                                        0x1e9 (size before relaxing)
 .debug_str     0x000000000000028a      0x3a6 /tmp/ccw10Igg.debug.temp.o
                                        0x454 (size before relaxing)
 .debug_str     0x0000000000000630       0x3d /tmp/ccQLfmeD.debug.temp.o
                                        0x1c7 (size before relaxing)
 .debug_str     0x000000000000066d      0x138 /tmp/cc3A8DxL.debug.temp.o
                                        0x2dd (size before relaxing)
 .debug_str     0x00000000000007a5      0x55a /tmp/cc1HwlXQ.debug.temp.o
                                        0x7b2 (size before relaxing)
 .debug_str     0x0000000000000cff      0x2d2 /tmp/ccmsZuJY.debug.temp.o
                                        0x8c2 (size before relaxing)
 .debug_str     0x0000000000000fd1      0x214 /tmp/ccMEggtf.debug.temp.o
                                        0x8e1 (size before relaxing)
 .debug_str     0x00000000000011e5      0x157 /tmp/ccTILzbe.debug.temp.o
                                        0x325 (size before relaxing)
 .debug_str     0x000000000000133c      0x4b9 /tmp/cc4PsyHi.debug.temp.o
                                        0xbe2 (size before relaxing)
 .debug_str     0x00000000000017f5      0x1ab /tmp/cc7bs0RE.debug.temp.o
                                        0x3e8 (size before relaxing)
 .debug_str     0x00000000000019a0      0x185 /tmp/ccNRsRKG.debug.temp.o
                                        0x8c6 (size before relaxing)
 .debug_str     0x0000000000001b25       0xeb /tmp/ccesW5ur.debug.temp.o
                                        0x2a3 (size before relaxing)
 .debug_str     0x0000000000001c10      0x656 /tmp/ccMhpXL2.debug.temp.o
                                        0xf7c (size before relaxing)
 .debug_str     0x0000000000002266       0x73 /tmp/ccJBtHUs.debug.temp.o
                                        0x42f (size before relaxing)
 .debug_str     0x00000000000022d9       0xa7 /tmp/cchEd1Mn.debug.temp.o
                                        0x9dd (size before relaxing)
 .debug_str     0x0000000000002380       0x93 /tmp/cczE3G6y.debug.temp.o
                                        0x3cb (size before relaxing)
 .debug_str     0x0000000000002413      0x343 /tmp/ccb999sN.debug.temp.o
                                        0x99a (size before relaxing)
 .debug_str     0x0000000000002756       0x4a /tmp/ccxras66.debug.temp.o
                                        0x5ad (size before relaxing)
 .debug_str     0x00000000000027a0      0x233 /tmp/cc8QsqbE.debug.temp.o
                                        0x875 (size before relaxing)
 .debug_str     0x00000000000029d3      0x1c6 /tmp/ccc3a1cx.debug.temp.o
                                        0x808 (size before relaxing)
 .debug_str     0x0000000000002b99      0x12b /tmp/cca38RuM.debug.temp.o
                                        0x77a (size before relaxing)
 .debug_str     0x0000000000002cc4      0x317 /tmp/ccg0oY5V.debug.temp.o
                                        0x9b3 (size before relaxing)
 .debug_str     0x0000000000002fdb       0x90 /tmp/ccGr7Y73.debug.temp.o
                                        0x7b3 (size before relaxing)
 .debug_str     0x000000000000306b      0x248 /tmp/ccwUi1Km.debug.temp.o
                                        0x8ae (size before relaxing)
 .debug_str     0x00000000000032b3       0xcd /tmp/ccosJHM4.debug.temp.o
                                        0x713 (size before relaxing)
 .debug_str     0x0000000000003380      0x1dc /tmp/ccGYzDj1.debug.temp.o
                                        0x811 (size before relaxing)
 .debug_str     0x000000000000355c       0xdc /tmp/ccp3IIa9.debug.temp.o
                                        0x6b2 (size before relaxing)
 .debug_str     0x0000000000003638      0x15b /tmp/ccWq1BJX.debug.temp.o
                                        0x714 (size before relaxing)
 .debug_str     0x0000000000003793      0x190 /tmp/ccFBSlqa.debug.temp.o
                                        0x785 (size before relaxing)
 .debug_str     0x0000000000003923      0x512 /tmp/ccBD0hCg.debug.temp.o
                                        0xb71 (size before relaxing)
 .debug_str     0x0000000000003e35      0x12d /tmp/ccOx5EqI.debug.temp.o
                                        0xbe8 (size before relaxing)
 .debug_str     0x0000000000003f62       0x7c /tmp/ccYKAWdK.debug.temp.o
                                        0xa78 (size before relaxing)
 .debug_str     0x0000000000003fde      0x157 /tmp/ccz0vS6w.debug.temp.o
                                        0x933 (size before relaxing)
 .debug_str     0x0000000000004135     0x21e6 /tmp/ccaEvwkT.debug.temp.o
                                       0x2a11 (size before relaxing)
 .debug_str     0x000000000000631b       0xa3 /usr/lib/gcc/arm-none-eabi/10.3.1/thumb/v7e-m/nofp/libgcc.a(_aeabi_uldivmod.o)
 .debug_str     0x00000000000063be      0x541 /usr/lib/gcc/arm-none-eabi/10.3.1/thumb/v7e-m/nofp/libgcc.a(_udivmoddi4.o)
                                        0x641 (size before relaxing)
 .debug_str     0x00000000000068ff       0x30 /usr/lib/gcc/arm-none-eabi/10.3.1/thumb/v7e-m/nofp/libgcc.a(_dvmd_tls.o)
                                         0xa7 (size before relaxing)
 .debug_str     0x000000000000692f       0xa2 /usr/lib/gcc/arm-none-eabi/10.3.1/../../../arm-none-eabi/lib/thumb/v7e-m/nofp/libg.a(lib_a-memcpy.o)
                                         0xae (size before relaxing)
 .debug_str     0x00000000000069d1      0x10b /usr/lib/gcc/arm-none-eabi/10.3.1/../../../arm-none-eabi/lib/thumb/v7e-m/nofp/libg.a(lib_a-memset.o)
                                        0x1b5 (size before relaxing)

.debug_loc      0x0000000000000000     0xaaf3
 .debug_loc     0x0000000000000000     0x9833 /tmp/ch.elf.xT2Gtg.ltrans0.ltrans.o
 .debug_loc     0x0000000000009833     0x1094 /usr/lib/gcc/arm-none-eabi/10.3.1/thumb/v7e-m/nofp/libgcc.a(_udivmoddi4.o)
 .debug_loc     0x000000000000a8c7      0x22c /usr/lib/gcc/arm-none-eabi/10.3.1/../../../arm-none-eabi/lib/thumb/v7e-m/nofp/libg.a(lib_a-memset.o)

.debug_ranges   0x0000000000000000     0x5100
 .debug_ranges  0x0000000000000000     0x5018 /tmp/ch.elf.xT2Gtg.ltrans0.ltrans.o
 .debug_ranges  0x0000000000005018       0xe8 /usr/lib/gcc/arm-none-eabi/10.3.1/thumb/v7e-m/nofp/libgcc.a(_udivmoddi4.o)

.debug_frame    0x0000000000000000      0x94c
 .debug_frame   0x0000000000000000      0x8c0 /tmp/ch.elf.xT2Gtg.ltrans0.ltrans.o
 .debug_frame   0x00000000000008c0       0x2c /usr/lib/gcc/arm-none-eabi/10.3.1/thumb/v7e-m/nofp/libgcc.a(_aeabi_uldivmod.o)
 .debug_frame   0x00000000000008ec       0x34 /usr/lib/gcc/arm-none-eabi/10.3.1/thumb/v7e-m/nofp/libgcc.a(_udivmoddi4.o)
 .debug_frame   0x0000000000000920       0x2c /usr/lib/gcc/arm-none-eabi/10.3.1/../../../arm-none-eabi/lib/thumb/v7e-m/nofp/libg.a(lib_a-memset.o)

Cross Reference Table

Symbol                                            File
BusFault_Handler                                  ./build/obj/vectors.o
DebugMon_Handler                                  ./build/obj/vectors.o
HardFault_Handler                                 ./build/obj/vectors.o
I2CD1                                             ./build/obj/hal_i2c_lld.o (symbol from plugin)
                                                  ./build/obj/main.o (symbol from plugin)
MemManage_Handler                                 ./build/obj/vectors.o
NMI_Handler                                       ./build/obj/vectors.o
PendSV_Handler                                    ./build/obj/vectors.o
Reset_Handler                                     ./build/obj/vectors.o
SD1                                               ./build/obj/hal_serial_lld.o (symbol from plugin)
                                                  ./build/obj/main.o (symbol from plugin)
                                                  ./build/obj/stm32_isr.o (symbol from plugin)
SD2                                               ./build/obj/hal_serial_lld.o (symbol from plugin)
                                                  ./build/obj/stm32_isr.o (symbol from plugin)
SVC_Handler                                       /tmp/ch.elf.xT2Gtg.ltrans0.ltrans.o
                                                  ./build/obj/chcore.o (symbol from plugin)
                                                  ./build/obj/vectors.o
SecureFault_Handler                               ./build/obj/vectors.o
SysTick_Handler                                   ./build/obj/vectors.o
SystemCoreClock                                   ./build/obj/hal_lld.o (symbol from plugin)
UsageFault_Handler                                ./build/obj/vectors.o
Vector100                                         ./build/obj/vectors.o
Vector104                                         ./build/obj/vectors.o
Vector108                                         ./build/obj/vectors.o
Vector10C                                         ./build/obj/vectors.o
Vector110                                         ./build/obj/vectors.o
Vector114                                         ./build/obj/vectors.o
Vector118                                         ./build/obj/vectors.o
Vector11C                                         ./build/obj/vectors.o
Vector120                                         /tmp/ch.elf.xT2Gtg.ltrans0.ltrans.o
                                                  ./build/obj/stm32_dma.o (symbol from plugin)
                                                  ./build/obj/vectors.o
Vector124                                         /tmp/ch.elf.xT2Gtg.ltrans0.ltrans.o
                                                  ./build/obj/stm32_dma.o (symbol from plugin)
                                                  ./build/obj/vectors.o
Vector128                                         /tmp/ch.elf.xT2Gtg.ltrans0.ltrans.o
                                                  ./build/obj/stm32_dma.o (symbol from plugin)
                                                  ./build/obj/vectors.o
Vector12C                                         /tmp/ch.elf.xT2Gtg.ltrans0.ltrans.o
                                                  ./build/obj/stm32_dma.o (symbol from plugin)
                                                  ./build/obj/vectors.o
Vector130                                         /tmp/ch.elf.xT2Gtg.ltrans0.ltrans.o
                                                  ./build/obj/stm32_dma.o (symbol from plugin)
                                                  ./build/obj/vectors.o
Vector134                                         ./build/obj/vectors.o
Vector138                                         ./build/obj/vectors.o
Vector13C                                         ./build/obj/vectors.o
Vector140                                         ./build/obj/vectors.o
Vector144                                         ./build/obj/vectors.o
Vector148                                         ./build/obj/vectors.o
Vector14C                                         ./build/obj/vectors.o
Vector150                                         /tmp/ch.elf.xT2Gtg.ltrans0.ltrans.o
                                                  ./build/obj/stm32_dma.o (symbol from plugin)
                                                  ./build/obj/vectors.o
Vector154                                         /tmp/ch.elf.xT2Gtg.ltrans0.ltrans.o
                                                  ./build/obj/stm32_dma.o (symbol from plugin)
                                                  ./build/obj/vectors.o
Vector158                                         /tmp/ch.elf.xT2Gtg.ltrans0.ltrans.o
                                                  ./build/obj/stm32_dma.o (symbol from plugin)
                                                  ./build/obj/vectors.o
Vector15C                                         ./build/obj/vectors.o
Vector160                                         ./build/obj/vectors.o
Vector164                                         ./build/obj/vectors.o
Vector168                                         ./build/obj/vectors.o
Vector16C                                         ./build/obj/vectors.o
Vector170                                         ./build/obj/vectors.o
Vector174                                         ./build/obj/vectors.o
Vector178                                         ./build/obj/vectors.o
Vector17C                                         ./build/obj/vectors.o
Vector180                                         ./build/obj/vectors.o
Vector184                                         ./build/obj/vectors.o
Vector188                                         ./build/obj/vectors.o
Vector18C                                         ./build/obj/vectors.o
Vector190                                         ./build/obj/vectors.o
Vector194                                         ./build/obj/vectors.o
Vector198                                         ./build/obj/vectors.o
Vector19C                                         ./build/obj/vectors.o
Vector1A0                                         ./build/obj/vectors.o
Vector1A4                                         ./build/obj/vectors.o
Vector1A8                                         ./build/obj/vectors.o
Vector1AC                                         ./build/obj/vectors.o
Vector1B0                                         ./build/obj/vectors.o
Vector1B4                                         ./build/obj/vectors.o
Vector1B8                                         ./build/obj/vectors.o
Vector1BC                                         ./build/obj/vectors.o
Vector1C0                                         ./build/obj/vectors.o
Vector1C4                                         ./build/obj/vectors.o
Vector1C8                                         ./build/obj/vectors.o
Vector1CC                                         ./build/obj/vectors.o
Vector1D0                                         ./build/obj/vectors.o
Vector1D4                                         ./build/obj/vectors.o
Vector1D8                                         ./build/obj/vectors.o
Vector1DC                                         ./build/obj/vectors.o
Vector20                                          ./build/obj/vectors.o
Vector24                                          ./build/obj/vectors.o
Vector28                                          ./build/obj/vectors.o
Vector34                                          ./build/obj/vectors.o
Vector40                                          ./build/obj/vectors.o
Vector44                                          ./build/obj/vectors.o
Vector48                                          ./build/obj/vectors.o
Vector4C                                          ./build/obj/vectors.o
Vector50                                          ./build/obj/vectors.o
Vector54                                          ./build/obj/vectors.o
Vector58                                          ./build/obj/vectors.o
Vector5C                                          ./build/obj/vectors.o
Vector60                                          ./build/obj/vectors.o
Vector64                                          ./build/obj/vectors.o
Vector68                                          ./build/obj/vectors.o
Vector6C                                          /tmp/ch.elf.xT2Gtg.ltrans0.ltrans.o
                                                  ./build/obj/stm32_dma.o (symbol from plugin)
                                                  ./build/obj/vectors.o
Vector70                                          /tmp/ch.elf.xT2Gtg.ltrans0.ltrans.o
                                                  ./build/obj/stm32_dma.o (symbol from plugin)
                                                  ./build/obj/vectors.o
Vector74                                          /tmp/ch.elf.xT2Gtg.ltrans0.ltrans.o
                                                  ./build/obj/stm32_dma.o (symbol from plugin)
                                                  ./build/obj/vectors.o
Vector78                                          /tmp/ch.elf.xT2Gtg.ltrans0.ltrans.o
                                                  ./build/obj/stm32_dma.o (symbol from plugin)
                                                  ./build/obj/vectors.o
Vector7C                                          /tmp/ch.elf.xT2Gtg.ltrans0.ltrans.o
                                                  ./build/obj/stm32_dma.o (symbol from plugin)
                                                  ./build/obj/vectors.o
Vector80                                          /tmp/ch.elf.xT2Gtg.ltrans0.ltrans.o
                                                  ./build/obj/stm32_dma.o (symbol from plugin)
                                                  ./build/obj/vectors.o
Vector84                                          /tmp/ch.elf.xT2Gtg.ltrans0.ltrans.o
                                                  ./build/obj/stm32_dma.o (symbol from plugin)
                                                  ./build/obj/vectors.o
Vector88                                          ./build/obj/vectors.o
Vector8C                                          ./build/obj/vectors.o
Vector90                                          ./build/obj/vectors.o
Vector94                                          ./build/obj/vectors.o
Vector98                                          ./build/obj/vectors.o
Vector9C                                          ./build/obj/vectors.o
VectorA0                                          ./build/obj/vectors.o
VectorA4                                          ./build/obj/vectors.o
VectorA8                                          ./build/obj/vectors.o
VectorAC                                          ./build/obj/vectors.o
VectorB0                                          /tmp/ch.elf.xT2Gtg.ltrans0.ltrans.o
                                                  ./build/obj/stm32_isr.o (symbol from plugin)
                                                  ./build/obj/vectors.o
VectorB4                                          ./build/obj/vectors.o
VectorB8                                          ./build/obj/vectors.o
VectorBC                                          /tmp/ch.elf.xT2Gtg.ltrans0.ltrans.o
                                                  ./build/obj/hal_i2c_lld.o (symbol from plugin)
                                                  ./build/obj/vectors.o
VectorC0                                          /tmp/ch.elf.xT2Gtg.ltrans0.ltrans.o
                                                  ./build/obj/hal_i2c_lld.o (symbol from plugin)
                                                  ./build/obj/vectors.o
VectorC4                                          ./build/obj/vectors.o
VectorC8                                          ./build/obj/vectors.o
VectorCC                                          ./build/obj/vectors.o
VectorD0                                          ./build/obj/vectors.o
VectorD4                                          /tmp/ch.elf.xT2Gtg.ltrans0.ltrans.o
                                                  ./build/obj/stm32_isr.o (symbol from plugin)
                                                  ./build/obj/vectors.o
VectorD8                                          /tmp/ch.elf.xT2Gtg.ltrans0.ltrans.o
                                                  ./build/obj/stm32_isr.o (symbol from plugin)
                                                  ./build/obj/vectors.o
VectorDC                                          ./build/obj/vectors.o
VectorE0                                          ./build/obj/vectors.o
VectorE4                                          ./build/obj/vectors.o
VectorE8                                          ./build/obj/vectors.o
VectorEC                                          ./build/obj/vectors.o
VectorF0                                          ./build/obj/vectors.o
VectorF4                                          ./build/obj/vectors.o
VectorF8                                          ./build/obj/vectors.o
VectorFC                                          /tmp/ch.elf.xT2Gtg.ltrans0.ltrans.o
                                                  ./build/obj/stm32_dma.o (symbol from plugin)
                                                  ./build/obj/vectors.o
__aeabi_idiv0                                     /usr/lib/gcc/arm-none-eabi/10.3.1/thumb/v7e-m/nofp/libgcc.a(_dvmd_tls.o)
__aeabi_ldiv0                                     /usr/lib/gcc/arm-none-eabi/10.3.1/thumb/v7e-m/nofp/libgcc.a(_dvmd_tls.o)
                                                  /usr/lib/gcc/arm-none-eabi/10.3.1/thumb/v7e-m/nofp/libgcc.a(_aeabi_uldivmod.o)
                                                  /usr/lib/gcc/arm-none-eabi/10.3.1/thumb/v7e-m/nofp/libgcc.a(_aeabi_ldivmod.o)
__aeabi_ldivmod                                   /usr/lib/gcc/arm-none-eabi/10.3.1/thumb/v7e-m/nofp/libgcc.a(_aeabi_ldivmod.o)
                                                  /tmp/ch.elf.xT2Gtg.ltrans0.ltrans.o
__aeabi_uldivmod                                  /usr/lib/gcc/arm-none-eabi/10.3.1/thumb/v7e-m/nofp/libgcc.a(_aeabi_uldivmod.o)
                                                  /tmp/ch.elf.xT2Gtg.ltrans0.ltrans.o
__bo_dispose_impl                                 ./build/obj/oop_base_object.o (symbol from plugin)
__bo_objinit_impl                                 ./build/obj/oop_base_object.o (symbol from plugin)
__bss_base__                                      ./build/obj/ch_test.o (symbol from plugin)
                                                  ./build/obj/crt0_v7m.o
__bss_end__                                       ./build/obj/ch_test.o (symbol from plugin)
                                                  ./build/obj/crt0_v7m.o
__ch_delegate_fn0                                 ./build/obj/chdelegates.o (symbol from plugin)
                                                  ./build/obj/oslib_test_sequence_005.o (symbol from plugin)
__ch_delegate_fn1                                 ./build/obj/chdelegates.o (symbol from plugin)
                                                  ./build/obj/oslib_test_sequence_005.o (symbol from plugin)
__ch_delegate_fn2                                 ./build/obj/chdelegates.o (symbol from plugin)
                                                  ./build/obj/oslib_test_sequence_005.o (symbol from plugin)
__ch_delegate_fn3                                 ./build/obj/chdelegates.o (symbol from plugin)
                                                  ./build/obj/oslib_test_sequence_005.o (symbol from plugin)
__ch_delegate_fn4                                 ./build/obj/chdelegates.o (symbol from plugin)
                                                  ./build/obj/oslib_test_sequence_005.o (symbol from plugin)
__ch_mem_executable_areas                         ./build/obj/chmemchecks.o (symbol from plugin)
__ch_mem_readable_areas                           ./build/obj/chmemchecks.o (symbol from plugin)
__ch_mem_writable_areas                           ./build/obj/chmemchecks.o (symbol from plugin)
__core_init                                       ./build/obj/chmemcore.o (symbol from plugin)
                                                  ./build/obj/chsys.o (symbol from plugin)
__cpu_init                                        /tmp/ch.elf.xT2Gtg.ltrans0.ltrans.o
                                                  ./build/obj/crt1.o (symbol from plugin)
                                                  ./build/obj/crt0_v7m.o
__data_base__                                     ./build/obj/ch_test.o (symbol from plugin)
                                                  ./build/obj/crt0_v7m.o
__data_end__                                      ./build/obj/ch_test.o (symbol from plugin)
                                                  ./build/obj/crt0_v7m.o
__default_exit                                    /tmp/ch.elf.xT2Gtg.ltrans0.ltrans.o
                                                  ./build/obj/crt1.o (symbol from plugin)
                                                  ./build/obj/crt0_v7m.o
__early_init                                      /tmp/ch.elf.xT2Gtg.ltrans0.ltrans.o
                                                  ./build/obj/board.o (symbol from plugin)
                                                  ./build/obj/crt1.o (symbol from plugin)
                                                  ./build/obj/crt0_v7m.o
__factory_init                                    ./build/obj/chfactory.o (symbol from plugin)
                                                  ./build/obj/chsys.o (symbol from plugin)
__fini_array_base__                               ./build/obj/crt0_v7m.o
__fini_array_end__                                ./build/obj/crt0_v7m.o
__heap_base__                                     /tmp/ch.elf.xT2Gtg.ltrans0.ltrans.o
                                                  ./build/obj/chmemcore.o (symbol from plugin)
__heap_end__                                      /tmp/ch.elf.xT2Gtg.ltrans0.ltrans.o
                                                  ./build/obj/chmemcore.o (symbol from plugin)
__heap_init                                       ./build/obj/chmemheaps.o (symbol from plugin)
                                                  ./build/obj/chsys.o (symbol from plugin)
__init_array_base__                               ./build/obj/crt0_v7m.o
__init_array_end__                                ./build/obj/crt0_v7m.o
__init_ram_areas                                  /tmp/ch.elf.xT2Gtg.ltrans0.ltrans.o
                                                  ./build/obj/crt1.o (symbol from plugin)
                                                  ./build/obj/crt0_v7m.o
__late_init                                       /tmp/ch.elf.xT2Gtg.ltrans0.ltrans.o
                                                  ./build/obj/crt1.o (symbol from plugin)
                                                  ./build/obj/crt0_v7m.o
__main_stack_base__                               ./build/obj/crt0_v7m.o
__main_stack_end__                                ./build/obj/vectors.o
                                                  ./build/obj/crt0_v7m.o
__main_thread_stack_base__                        /tmp/ch.elf.xT2Gtg.ltrans0.ltrans.o
                                                  ./build/obj/chsys.o (symbol from plugin)
__main_thread_stack_end__                         /tmp/ch.elf.xT2Gtg.ltrans0.ltrans.o
                                                  ./build/obj/chsys.o (symbol from plugin)
__port_exit_from_isr                              ./build/obj/chcoreasm.o
                                                  /tmp/ch.elf.xT2Gtg.ltrans0.ltrans.o
                                                  ./build/obj/chcore.o (symbol from plugin)